******************************************************************************
                  TI ARM Linker PC v18.12.1                    
******************************************************************************
>> Linked Mon Mar 25 12:55:37 2019

OUTPUT FILE NAME:   <rfPacketRx_CC1352R1_LAUNCHXL_tirtos_ccs.out>
ENTRY POINT SYMBOL: "ResetISR"  address: 00004c39


MEMORY CONFIGURATION

         name            origin    length      used     unused   attr    fill
----------------------  --------  ---------  --------  --------  ----  --------
  FLASH                 00000000   00058000  000088f0  0004f710  R  X
  GPRAM                 11000000   00002000  00000000  00002000  RW X
  SRAM                  20000000   00014000  000026d5  0001192b  RW X


SEGMENT ALLOCATION MAP

run origin  load origin   length   init length attrs members
----------  ----------- ---------- ----------- ----- -------
00000000    00000000    00008898   00008898    r-x
  00000000    00000000    0000003c   0000003c    r-- .resetVecs
  0000003c    0000003c    00006a7c   00006a7c    r-x .text
  00006ab8    00006ab8    00001b58   00001b58    r-- .const
  00008610    00008610    00000288   00000288    r-- .cinit
00057fa8    00057fa8    00000058   00000058    r--
  00057fa8    00057fa8    00000058   00000058    r-- .ccfg
20000100    20000100    0000000c   00000000    rw-
  20000100    20000100    00000004   00000000    rw- .data:xdcRomConstPtr
  20000104    20000104    00000004   00000000    rw- .data:xdcRomExternFuncPtr
  20000108    20000108    00000004   00000000    rw- .data:xdcRomStatePtr
20000110    20000110    00001000   00000000    r--
  20000110    20000110    00001000   00000000    r-- .priheap
20001110    20001110    000011f4   00000000    rw-
  20001110    20001110    00000c45   00000000    rw- .bss
  20001d58    20001d58    000005ac   00000000    rw- .data
20013c00    20013c00    00000400   00000000    rw-
  20013c00    20013c00    00000400   00000000    rw- .stack


SECTION ALLOCATION MAP

 output                                  attributes/
section   page    origin      length       input sections
--------  ----  ----------  ----------   ----------------
.binit     0    00000000    00000000     

.cinit     0    00008610    00000288     
                  00008610    00000234     (.cinit..data.load) [load image, compression = lzss]
                  00008844    0000000c     (__TI_handler_table)
                  00008850    00000008     (.cinit..bss.load) [load image, compression = zero_init]
                  00008858    00000008     (.cinit..data:xdcRomConstPtr.load) [load image, compression = lzss]
                  00008860    00000008     (.cinit..data:xdcRomExternFuncPtr.load) [load image, compression = lzss]
                  00008868    00000008     (.cinit..data:xdcRomStatePtr.load) [load image, compression = lzss]
                  00008870    00000028     (__TI_cinit_table)

.init_array 
*          0    00000000    00000000     UNINITIALIZED

.ccfg      0    00057fa8    00000058     
                  00057fa8    00000058     ccfg.obj (.ccfg:retain)

.bss       0    20001110    00000c45     UNINITIALIZED
                  20001110    00000250     (.common:uartCC26XXObjects)
                  20001360    00000200     release_pem4f.oem4f (.bss:taskStackSection)
                  20001560    000001c0     rf_multiMode_cc13x2_v1.aem4f : RFCC26X2_multiMode.oem4f (.bss:RF_cmdPool)
                  20001720    000000d8     (.common:ti_sysbios_family_arm_m3_Hwi_dispatchTable)
                  200017f8    000000c8     rfPacketRx.obj (.bss:rfObject)
                  200018c0    00000080     CC1352R1_LAUNCHXL.obj (.bss:uartStringBuf)
                  20001940    0000007c     (.common:pinHandleTable)
                  200019bc    00000004     drivers_cc13x2_v1.aem4f : PINCC26XX.oem4f (.bss)
                  200019c0    00000068     rf_multiMode_cc13x2_v1.aem4f : RFCC26X2_multiMode.oem4f (.bss:RF_ratModule)
                  20001a28    00000058     rfPacketRx.obj (.bss:rxDataEntryBuffer)
                  20001a80    00000040     (.common:uartCC26XXRingBuffer)
                  20001ac0    00000034     rf_multiMode_cc13x2_v1.aem4f : RFCC26X2_multiMode.oem4f (.bss:RF_swiFsmObj)
                  20001af4    00000034                                  : RFCC26X2_multiMode.oem4f (.bss:RF_swiHwObj)
                  20001b28    00000034     drivers_cc13x2_v1.aem4f : PINCC26XX.oem4f (.bss:pinSwi)
                  20001b5c    00000030     rf_multiMode_cc13x2_v1.aem4f : RFCC26X2_multiMode.oem4f (.bss:RF_Sch)
                  20001b8c    00000024                                  : RFCC26X2_multiMode.oem4f (.bss:RF_clkPowerUpObj)
                  20001bb0    00000024     rfPacketRx.obj (.bss:uartParams)
                  20001bd4    00000020     rf_multiMode_cc13x2_v1.aem4f : RFCC26X2_multiMode.oem4f (.bss:RF_cmdQ)
                  20001bf4    00000020     rfPacketRx.obj (.bss:packet)
                  20001c14    00000020     drivers_cc13x2_v1.aem4f : PINCC26XX.oem4f (.bss:pinGpioConfigTable)
                  20001c34    0000001c     rf_multiMode_cc13x2_v1.aem4f : RFCC26X2_multiMode.oem4f (.bss:RF_hwiCpe0Obj)
                  20001c50    0000001c                                  : RFCC26X2_multiMode.oem4f (.bss:RF_hwiHwObj)
                  20001c6c    0000001c     drivers_cc13x2_v1.aem4f : PINCC26XX.oem4f (.bss:pinHwi)
                  20001c88    0000001c                             : PINCC26XX.oem4f (.bss:pinSemaphore)
                  20001ca4    0000001c     rfPacketRx.obj (.bss)
                  20001cc0    00000016     rf_multiMode_cc13x2_v1.aem4f : RFCC26X2_multiMode.oem4f (.bss)
                  20001cd6    00000002     drivers_cc13x2_v1.aem4f : UARTCC26XX.oem4f (.bss)
                  20001cd8    00000014     rf_multiMode_cc13x2_v1.aem4f : RFCC26X2_multiMode.oem4f (.bss:RF_ratSyncCmd)
                  20001cec    00000014                                  : RFCC26X2_multiMode.oem4f (.bss:RF_wakeupNotifyObj)
                  20001d00    00000014     driverlib.lib : osc.obj (.bss:oscHfGlobals)
                  20001d14    00000010     rf_multiMode_cc13x2_v1.aem4f : RFCC26X2_multiMode.oem4f (.bss:RF_core)
                  20001d24    0000000c     rfPacketRx.obj (.bss:ledPinState)
                  20001d30    0000000c     (.common:displayUartObject)
                  20001d3c    00000008     rfPacketRx.obj (.bss:dataQueue)
                  20001d44    00000004     (.common:ClockP_tickPeriod)
                  20001d48    00000004     (.common:PowerCC26XX_swiKey)
                  20001d4c    00000004     (.common:PowerCC26XX_taskKey)
                  20001d50    00000004     (.common:readEntry)
                  20001d54    00000001     (.common:driverlib_release_0_52354)

.data      0    20001d58    000005ac     UNINITIALIZED
                  20001d58    00000108     release_pem4f.oem4f (.data:ROM_stateStruct)
                  20001e60    000000c8     drivers_cc13x2_v1.aem4f : PowerCC26X2.oem4f (.data:PowerCC26X2_module)
                  20001f28    00000088     rom_sysbios.aem4f : rom_sysbios.obj (.data:$O1$$)
                  20001fb0    00000060     smartrf_settings.obj (.data:pOverrides)
                  20002010    00000054     release_pem4f.oem4f (.data:ti_sysbios_gates_GateMutex_Object__table__V)
                  20002064    0000004c     release_pem4f.oem4f (.data:ti_sysbios_knl_Task_Object__table__V)
                  200020b0    00000048     release_pem4f.oem4f (.data:ti_sysbios_family_arm_cc26xx_Timer_Object__table__V)
                  200020f8    00000030     release_pem4f.oem4f (.data:ti_sysbios_knl_Swi_Module_State_0_readyQ__A)
                  20002128    00000030     release_pem4f.oem4f (.data:ti_sysbios_knl_Swi_Object__table__V)
                  20002158    00000030     release_pem4f.oem4f (.data:ti_sysbios_knl_Task_Module_State_0_readyQ__A)
                  20002188    00000028     smartrf_settings.obj (.data:RF_cmdPropRadioDivSetup)
                  200021b0    00000024     smartrf_settings.obj (.data:RF_cmdPropRx)
                  200021d4    00000020     release_pem4f.oem4f (.data:ti_sysbios_knl_Clock_Object__table__V)
                  200021f4    00000020     release_pem4f.oem4f (.data:xdc_runtime_Error_IgnoreBlock)
                  20002214    00000018     smartrf_settings.obj (.data:RF_cmdFs)
                  2000222c    00000018     release_pem4f.oem4f (.data:ti_sysbios_family_arm_m3_Hwi_Object__table__V)
                  20002244    00000018     release_pem4f.oem4f (.data:ti_sysbios_heaps_HeapMem_Object__table__V)
                  2000225c    00000010     smartrf_settings.obj (.data:RF_prop)
                  2000226c    0000000c     rfPacketRx.obj (.data:pinTable)
                  20002278    00000008     rtsv7M4_T_le_v4SPD16_eabi.lib : _lock.c.obj (.data:$O1$$)
                  20002280    00000008     drivers_cc13x2_v1.aem4f : PINCC26XX.oem4f (.data)
                  20002288    00000008     release_pem4f.oem4f (.data:ti_sysbios_family_arm_m3_Hwi_Module__root__V)
                  20002290    00000008     release_pem4f.oem4f (.data:ti_sysbios_gates_GateHwi_Module__root__V)
                  20002298    00000008     release_pem4f.oem4f (.data:ti_sysbios_gates_GateMutex_Module__root__V)
                  200022a0    00000008     release_pem4f.oem4f (.data:ti_sysbios_hal_Hwi_Module__root__V)
                  200022a8    00000008     release_pem4f.oem4f (.data:ti_sysbios_heaps_HeapMem_Module__root__V)
                  200022b0    00000008     release_pem4f.oem4f (.data:ti_sysbios_knl_Clock_Module__root__V)
                  200022b8    00000008     release_pem4f.oem4f (.data:ti_sysbios_knl_Event_Module__root__V)
                  200022c0    00000008     release_pem4f.oem4f (.data:ti_sysbios_knl_Mailbox_Module__root__V)
                  200022c8    00000008     release_pem4f.oem4f (.data:ti_sysbios_knl_Queue_Module__root__V)
                  200022d0    00000008     release_pem4f.oem4f (.data:ti_sysbios_knl_Semaphore_Module__root__V)
                  200022d8    00000008     release_pem4f.oem4f (.data:ti_sysbios_knl_Swi_Module__root__V)
                  200022e0    00000008     release_pem4f.oem4f (.data:ti_sysbios_knl_Task_Module__root__V)
                  200022e8    00000008     release_pem4f.oem4f (.data:xdc_runtime_System_Module_State_0_atexitHandlers__A)
                  200022f0    00000004     rtsv7M4_T_le_v4SPD16_eabi.lib : stkdepth_vars.c.obj (.data)
                  200022f4    00000004     release_pem4f.oem4f (.data:ti_sysbios_family_arm_m3_Hwi_Module_State_0_excContext__A)
                  200022f8    00000004     release_pem4f.oem4f (.data:ti_sysbios_family_arm_m3_Hwi_Module_State_0_excStack__A)
                  200022fc    00000004     release_pem4f.oem4f (.data:ti_sysbios_knl_Task_Module_State_0_idleTask__A)
                  20002300    00000002     release_pem4f.oem4f (.data:ti_sysbios_family_arm_m3_Hwi_Module_State_0_excActive__A)
                  20002302    00000001     drivers_cc13x2_v1.aem4f : UART.oem4f (.data)
                  20002303    00000001     smartrf_settings.obj (.data)

.stack     0    20013c00    00000400     UNINITIALIZED
                  20013c00    00000400     --HOLE--

.priheap   0    20000110    00001000     UNINITIALIZED
                  20000110    00001000     --HOLE--

.data:xdcRomConstPtr 
*          0    20000100    00000004     UNINITIALIZED
                  20000100    00000004     release_pem4f.oem4f (.data:xdcRomConstPtr)

.data:xdcRomExternFuncPtr 
*          0    20000104    00000004     UNINITIALIZED
                  20000104    00000004     release_pem4f.oem4f (.data:xdcRomExternFuncPtr)

.data:xdcRomStatePtr 
*          0    20000108    00000004     UNINITIALIZED
                  20000108    00000004     release_pem4f.oem4f (.data:xdcRomStatePtr)

.bootVecs 
*          0    00000000    00000008     DSECT
                  00000000    00000008     boot.aem4f : boot.oem4f (.bootVecs)

.resetVecs 
*          0    00000000    0000003c     
                  00000000    0000003c     release_pem4f.oem4f (.resetVecs)

.vecs      0    20000000    000000d8     NOLOAD SECTION
                  20000000    000000d8     release_pem4f.oem4f (.vecs)

xdc.meta   0    00000000    000000fe     COPY SECTION
                  00000000    000000fe     release_pem4f.oem4f (xdc.meta)

xdc.noload 
*          0    00000000    00000000     COPY SECTION

.text      0    0000003c    00006a7c     
                  0000003c    000003c0     rfPacketRx.obj (.text:mainThread)
                  000003fc    00000314     rom_sysbios.aem4f : rom_sysbios.obj (.text:xdc_runtime_System_doPrint__I)
                  00000710    00000300     rf_multiMode_cc13x2_v1.aem4f : RFCC26X2_multiMode.oem4f (.text:RF_fsmActiveState)
                  00000a10    000001c0     drivers_cc13x2_v1.aem4f : PINCC26XX.oem4f (.text:PIN_init)
                  00000bd0    000001b6     rtsv7M4_T_le_v4SPD16_eabi.lib : fd_add_t2.asm.obj (.text)
                  00000d86    00000002     display.aem4f : DisplayUart.oem4f (.text:DisplayUartMin_clear)
                  00000d88    000001a4     drivers_cc13x2_v1.aem4f : PowerCC26X2.oem4f (.text:Power_sleep)
                  00000f2c    00000194                             : PowerCC26X2_calibrateRCOSC.oem4f (.text:runCalibrateFsm)
                  000010c0    00000178     release_pem4f.oem4f (.text:xdc_runtime_System_printfExtend__I)
                  00001238    0000015c     drivers_cc13x2_v1.aem4f : UARTCC26XX.oem4f (.text:UARTCC26XX_open)
                  00001394    0000015c                             : PowerCC26X2_calibrateRCOSC.oem4f (.text:calibrateRcoscHf1)
                  000014f0    00000154                             : UARTCC26XX.oem4f (.text:UARTCC26XX_hwiIntFxn)
                  00001644    00000148     driverlib.lib : setup.obj (.text:TrimAfterColdResetWakeupFromShutDown)
                  0000178c    00000138     drivers_cc13x2_v1.aem4f : UARTCC26XX.oem4f (.text:UARTCC26XX_read)
                  000018c4    00000130                             : PowerCC26X2.oem4f (.text:Power_init)
                  000019f4    00000124     rf_multiMode_cc13x2_v1.aem4f : RFCC26X2_multiMode.oem4f (.text:RF_init)
                  00001b18    00000124     rfPacketRx.obj (.text:callback)
                  00001c3c    00000120     rf_multiMode_cc13x2_v1.aem4f : RFCC26X2_multiMode.oem4f (.text:RF_fsmSetupState)
                  00001d5c    00000118     driverlib.lib : sys_ctrl.obj (.text:NOROM_SysCtrlStandby)
                  00001e74    00000118     rf_multiMode_cc13x2_v1.aem4f : RFCC26X2_multiMode.oem4f (.text:RF_decodeOverridePointers)
                  00001f8c    00000118                                  : RFCC26X2_multiMode.oem4f (.text:RF_radioOpDoneCb)
                  000020a4    00000114     smartrf_settings.obj (.text:rf_patch_mce_genfsk)
                  000021b8    00000108     rf_multiMode_cc13x2_v1.aem4f : RFCC26X2_multiMode.oem4f (.text:RF_fsmChangePhyState)
                  000022c0    00000104                                  : RFCC26X2_multiMode.oem4f (.text:RF_open)
                  000023c4    00000104     drivers_cc13x2_v1.aem4f : UARTCC26XX.oem4f (.text:UARTCC26XX_write)
                  000024c8    00000100     rf_multiMode_cc13x2_v1.aem4f : RFCC26X2_multiMode.oem4f (.text:RF_fsmPowerUpState)
                  000025c8    000000fc     rtsv7M4_T_le_v4SPD16_eabi.lib : fd_mul_t2.asm.obj (.text)
                  000026c4    000000f0     rf_multiMode_cc13x2_v1.aem4f : RFCC26X2_multiMode.oem4f (.text:RF_pendCmd)
                  000027b4    000000e4     rom_sysbios.aem4f : rom_sysbios.obj (.text:pthread_create)
                  00002898    000000e0     drivers_cc13x2_v1.aem4f : PINCC26XX.oem4f (.text:PINCC26XX_setIoCfg)
                  00002978    000000e0     RFQueue.obj (.text:RFQueue_defineQueue)
                  00002a58    000000e0     rf_multiMode_cc13x2_v1.aem4f : RFCC26X2_multiMode.oem4f (.text:RF_hwiCpe0Active)
                  00002b38    000000d8                                  : RFCC26X2_multiMode.oem4f (.text:RF_dispatchNextCmd)
                  00002c10    000000d6                                  : RFCC26X2_multiMode.oem4f (.text:RF_updatePaConfiguration)
                  00002ce6    00000002     display.aem4f : DisplayUart.oem4f (.text:DisplayUartMin_clearLines)
                  00002ce8    000000d4     rf_multiMode_cc13x2_v1.aem4f : RFCC26X2_multiMode.oem4f (.text:RF_swiHw)
                  00002dbc    000000c8     drivers_cc13x2_v1.aem4f : PowerCC26X2.oem4f (.text:Power_releaseDependency)
                  00002e84    000000c4                             : PowerCC26X2.oem4f (.text:Power_setDependency)
                  00002f48    000000c4     smartrf_settings.obj (.text:rf_patch_rfe_genfsk)
                  0000300c    000000c0     drivers_cc13x2_v1.aem4f : UARTCC26XX.oem4f (.text:UARTCC26XX_initIO)
                  000030cc    000000b8                             : UARTCC26XX.oem4f (.text:UARTCC26XX_initHw)
                  00003184    000000b4     dpl_cc13x2_v1.aem4f : PowerCC26X2_tirtos.oem4f (.text:PowerCC26XX_standbyPolicy)
                  00003238    000000b0     rf_multiMode_cc13x2_v1.aem4f : RFCC26X2_multiMode.oem4f (.text:RF_corePowerDown)
                  000032e8    000000b0     smartrf_settings.obj (.text:configurePropPatch)
                  00003398    000000ac     rf_multiMode_cc13x2_v1.aem4f : RFCC26X2_multiMode.oem4f (.text:RF_initRadioSetup)
                  00003444    000000a8     CC1352R1_LAUNCHXL_fxns.obj (.text:rfDriverCallback)
                  000034ec    000000a0     rf_multiMode_cc13x2_v1.aem4f : RFCC26X2_multiMode.oem4f (.text:RF_postCmd)
                  0000358c    000000a0     drivers_cc13x2_v1.aem4f : UARTCC26XX.oem4f (.text:UARTCC26XX_writeCancel)
                  0000362c    000000a0     auto_init.aem4f : auto_init.oem4f (.text)
                  000036cc    000000a0     rom_sysbios.aem4f : rom_sysbios.obj (.text:ti_sysbios_knl_Task_setPri__E)
                  0000376c    0000009c     drivers_cc13x2_v1.aem4f : UARTCC26XX.oem4f (.text:UARTCC26XX_swiIntFxn)
                  00003808    0000009c     rtsv7M4_T_le_v4SPD16_eabi.lib : memcpy_t2.asm.obj (.text)
                  000038a4    00000098     driverlib.lib : setup.obj (.text:NOROM_SetupTrimDevice)
                  0000393c    00000098     rom_sysbios.aem4f : rom_sysbios.obj (.text:ti_sysbios_knl_Clock_workFuncDynamic__E)
                  000039d4    00000096     rtsv7M4_T_le_v4SPD16_eabi.lib : ull_div_t2.asm.obj (.text)
                  00003a6a    00000002     display.aem4f : DisplayUart.oem4f (.text:DisplayUartMin_init)
                  00003a6c    00000094     drivers_cc13x2_v1.aem4f : PINCC26XX.oem4f (.text:PIN_open)
                  00003b00    00000090                             : UARTCC26XX.oem4f (.text:writeTxFifoFlush)
                  00003b90    00000088     driverlib.lib : osc.obj (.text:NOROM_OSCHF_AttemptToSwitchToXosc)
                  00003c18    00000088     rf_multiMode_cc13x2_v1.aem4f : RFCC26X2_multiMode.oem4f (.text:RF_ratFreeChannel)
                  00003ca0    00000088     rom_sysbios.aem4f : rom_sysbios.obj (.text:_pthread_removeThreadKeys)
                  00003d28    00000088     drivers_cc13x2_v1.aem4f : PowerCC26X2_calibrateRCOSC.oem4f (.text:calibrateRcoscHf2)
                  00003db0    00000086     rtsv7M4_T_le_v4SPD16_eabi.lib : fd_cmp_t2.asm.obj (.text:__aeabi_cdcmple)
                  00003e36    00000086                                   : fd_cmp_t2.asm.obj (.text:__aeabi_cdrcmple)
                  00003ebc    00000084     CC1352R1_LAUNCHXL_fxns.obj (.text:CC1352R1_LAUNCHXL_sendExtFlashByte)
                  00003f40    00000084     rf_multiMode_cc13x2_v1.aem4f : RFCC26X2_multiMode.oem4f (.text:RF_hwiHw)
                  00003fc4    00000084     drivers_cc13x2_v1.aem4f : UARTCC26XX.oem4f (.text:UARTCC26XX_close)
                  00004048    00000080     driverlib.lib : setup_rom.obj (.text:NOROM_SetupStepVddrTrimTo)
                  000040c8    00000080     rom_sysbios.aem4f : rom_sysbios.obj (.text:ti_sysbios_family_arm_cc26xx_Timer_start__E)
                  00004148    0000007c     drivers_cc13x2_v1.aem4f : PowerCC26X2_calibrateRCOSC.oem4f (.text:updateSubSecInc)
                  000041c4    0000007a     rtsv7M4_T_le_v4SPD16_eabi.lib : memset_t2.asm.obj (.text)
                  0000423e    00000002     driverlib.lib : rfc.obj (.text:NOROM_RFCCpePatchReset)
                  00004240    00000078     rf_multiMode_cc13x2_v1.aem4f : RFCC26X2_multiMode.oem4f (.text:RF_ratDispatchTime)
                  000042b8    00000074     drivers_cc13x2_v1.aem4f : PowerCC26X2_calibrateRCOSC.oem4f (.text:PowerCC26X2_auxISR)
                  0000432c    00000074     rf_multiMode_cc13x2_v1.aem4f : RFCC26X2_multiMode.oem4f (.text:RF_issueRadioFreeCb)
                  000043a0    00000072                                  : RFCC26X2_multiMode.oem4f (.text:RF_detachOverrides)
                  00004412    00000070     driverlib.lib : rfc.obj (.text:NOROM_RFCAnaDivTxOverride)
                  00004482    0000006e     rf_multiMode_cc13x2_v1.aem4f : RFCC26X2_multiMode.oem4f (.text:RF_attachOverrides)
                  000044f0    0000006d     rom_sysbios.aem4f : rom_sysbios.obj (.text:xdc_runtime_System_formatNum__I)
                  0000455d    00000001     --HOLE-- [fill = 0]
                  0000455e    00000002     rf_multiMode_cc13x2_v1.aem4f : RFCC26X2_multiMode.oem4f (.text:RF_defaultCallback)
                  00004560    0000006c     driverlib.lib : setup_rom.obj (.text:NOROM_SetupAfterColdResetWakeupFromShutDownCfg1)
                  000045cc    0000006c     drivers_cc13x2_v1.aem4f : UARTCC26XX.oem4f (.text:UARTCC26XX_readCancel)
                  00004638    00000068     driverlib.lib : osc.obj (.text:NOROM_OSCHF_SwitchToRcOscTurnOffXosc)
                  000046a0    00000068     rf_multiMode_cc13x2_v1.aem4f : RFCC26X2_multiMode.oem4f (.text:RF_getCurrentTime)
                  00004708    00000068     rtsv7M4_T_le_v4SPD16_eabi.lib : copy_decompress_lzss.c.obj (.text:decompress:lzss:__TI_decompress_lzss)
                  00004770    00000068     main_tirtos.obj (.text:main)
                  000047d8    00000066     rf_multiMode_cc13x2_v1.aem4f : RFCC26X2_multiMode.oem4f (.text:RF_syncCb)
                  0000483e    00000002     rtsv7M4_T_le_v4SPD16_eabi.lib : _lock.c.obj (.text:_nop)
                  00004840    00000064     drivers_cc13x2_v1.aem4f : UARTCC26XX.oem4f (.text:UARTCC26XX_control)
                  000048a4    00000060     rf_multiMode_cc13x2_v1.aem4f : RFCC26X2_multiMode.oem4f (.text:RF_ratArmChannel)
                  00004904    0000005c     display.aem4f : Display.oem4f (.text:Display_doOpen)
                  00004960    0000005c     drivers_cc13x2_v1.aem4f : PINCC26XX.oem4f (.text:PIN_remove)
                  000049bc    0000005c     rf_multiMode_cc13x2_v1.aem4f : RFCC26X2_multiMode.oem4f (.text:RF_dispatchNextEvent)
                  00004a18    0000005c                                  : RFCC26X2_multiMode.oem4f (.text:RF_fsmXOSCState)
                  00004a74    0000005c                                  : RFCC26X2_multiMode.oem4f (.text:RF_hwiCpe0PowerFsm)
                  00004ad0    0000005c     rom_sysbios.aem4f : rom_sysbios.obj (.text:ti_sysbios_heaps_HeapMem_initPrimary__I)
                  00004b2c    0000005c     release_pem4f.oem4f (.text:xdc_runtime_Startup_getState__I)
                  00004b88    00000058     drivers_cc13x2_v1.aem4f : PowerCC26X2_calibrateRCOSC.oem4f (.text:PowerCC26X2_initiateCalibration)
                  00004be0    00000058     rf_multiMode_cc13x2_v1.aem4f : RFCC26X2_multiMode.oem4f (.text:RF_cmdDispatchTime)
                  00004c38    00000058     boot.aem4f : boot.oem4f (.text)
                  00004c90    00000058     drivers_cc13x2_v1.aem4f : PowerCC26X2.oem4f (.text:disableLFClockQualifiers)
                  00004ce8    00000058     rom_sysbios.aem4f : rom_sysbios.obj (.text:pthread_exit)
                  00004d40    00000050     dpl_cc13x2_v1.aem4f : ClockP_tirtos.oem4f (.text:ClockP_construct)
                  00004d90    00000050     driverlib.lib : chipinfo.obj (.text:NOROM_ChipInfo_GetChipType)
                  00004de0    00000050     rf_multiMode_cc13x2_v1.aem4f : RFCC26X2_multiMode.oem4f (.text:RF_applyRfCorePatch)
                  00004e30    00000050                                  : RFCC26X2_multiMode.oem4f (.text:RF_wakeupNotification)
                  00004e80    00000050     drivers_cc13x2_v1.aem4f : PowerCC26X2.oem4f (.text:configureXOSCHF)
                  00004ed0    0000004c     CC1352R1_LAUNCHXL_fxns.obj (.text:CC1352R1_LAUNCHXL_wakeUpExtFlash)
                  00004f1c    0000004c     rf_multiMode_cc13x2_v1.aem4f : RFCC26X2_multiMode.oem4f (.text:RF_ratRestartChannels)
                  00004f68    0000004c     rtsv7M4_T_le_v4SPD16_eabi.lib : cpy_tbl.c.obj (.text:copy_in)
                  00004fb4    0000004c     drivers_cc13x2_v1.aem4f : UARTCC26XX.oem4f (.text:startTxFifoEmptyClk)
                  00005000    0000004a     display.aem4f : DisplayUart.oem4f (.text:DisplayUartMin_open)
                  0000504a    00000002     drivers_cc13x2_v1.aem4f : PowerCC26X2.oem4f (.text:emptyClockFunc)
                  0000504c    00000048     driverlib.lib : rfc.obj (.text:NOROM_RFCSynthPowerDown)
                  00005094    00000048     drivers_cc13x2_v1.aem4f : PINCC26XX.oem4f (.text:PIN_setOutputEnable)
                  000050dc    00000048     rtsv7M4_T_le_v4SPD16_eabi.lib : fd_toi_t2.asm.obj (.text)
                  00005124    00000048     drivers_cc13x2_v1.aem4f : UARTCC26XX.oem4f (.text:writeFinishedDoCallback)
                  0000516c    00000046     display.aem4f : DisplayUart.oem4f (.text:DisplayUartMin_vprintf)
                  000051b2    00000046     drivers_cc13x2_v1.aem4f : RingBuf.oem4f (.text:RingBuf_put)
                  000051f8    00000044     driverlib.lib : chipinfo.obj (.text:NOROM_ChipInfo_GetHwRevision)
                  0000523c    00000044     drivers_cc13x2_v1.aem4f : PINCC26XX.oem4f (.text:PIN_swi)
                  00005280    00000044                             : UART.oem4f (.text:UART_init)
                  000052c4    00000044     rtsv7M4_T_le_v4SPD16_eabi.lib : fd_tou_t2.asm.obj (.text)
                  00005308    00000044     drivers_cc13x2_v1.aem4f : PowerCC26X2.oem4f (.text:switchXOSCHF)
                  0000534c    00000040     CC1352R1_LAUNCHXL_fxns.obj (.text:CC1352R1_LAUNCHXL_shutDownExtFlash)
                  0000538c    00000040     drivers_cc13x2_v1.aem4f : PowerCC26X2.oem4f (.text:PowerCC26XX_isStableXOSC_HF)
                  000053cc    00000040                             : PowerCC26X2.oem4f (.text:PowerCC26XX_switchXOSC_HF)
                  0000540c    00000040                             : RingBuf.oem4f (.text:RingBuf_get)
                  0000544c    00000040     driverlib.lib : setup.obj (.text:Step_RCOSCHF_CTRIM)
                  0000548c    00000040                   : setup.obj (.text:Step_VBG)
                  000054cc    00000040     rtsv7M4_T_le_v4SPD16_eabi.lib : u_divt2.asm.obj (.text)
                  0000550c    00000040     rom_sysbios.aem4f : rom_sysbios.obj (.text:ti_sysbios_family_arm_cc26xx_Timer_setThreshold__I)
                  0000554c    0000003e     dpl_cc13x2_v1.aem4f : HwiP_tirtos.oem4f (.text:HwiP_construct)
                  0000558a    00000002     smartrf_settings.obj (.text:enterPropSysPatch)
                  0000558c    0000003c     drivers_cc13x2_v1.aem4f : PINCC26XX.oem4f (.text:PIN_setOutputValue)
                  000055c8    0000003c     rf_multiMode_cc13x2_v1.aem4f : RFCC26X2_multiMode.oem4f (.text:RF_calculateDispatchTime)
                  00005604    0000003c                                  : RFCC26X2_multiMode.oem4f (.text:RF_cmdGet)
                  00005640    0000003c     dpl_cc13x2_v1.aem4f : SwiP_tirtos.oem4f (.text:SwiP_construct)
                  0000567c    0000003c     drivers_cc13x2_v1.aem4f : UART.oem4f (.text:UART_open)
                  000056b8    0000003c     rom_sysbios.aem4f : rom_sysbios.obj (.text:ti_sysbios_family_arm_m3_Hwi_construct2__E)
                  000056f4    00000038     drivers_cc13x2_v1.aem4f : PowerCC26X2.oem4f (.text:notify)
                  0000572c    00000038                             : UARTCC26XX.oem4f (.text:readData)
                  00005764    00000038     rtsv7M4_T_le_v4SPD16_eabi.lib : fs_tod_t2.asm.obj (.text)
                  0000579c    00000038     drivers_cc13x2_v1.aem4f : UARTCC26XX.oem4f (.text:writeData)
                  000057d4    00000036     rom_sysbios.aem4f : rom_sysbios.obj (.text:ti_sysbios_family_arm_cc26xx_Timer_setNextTick__E)
                  0000580a    00000002     rtsv7M4_T_le_v4SPD16_eabi.lib : div0.asm.obj (.text)
                  0000580c    00000034     driverlib.lib : aux_sysif.obj (.text:NOROM_AUXSYSIFOpModeChange)
                  00005840    00000034                   : sys_ctrl.obj (.text:NOROM_SysCtrlIdle)
                  00005874    00000034     drivers_cc13x2_v1.aem4f : PINCC26XX.oem4f (.text:PIN_setConfig)
                  000058a8    00000034                             : PowerCC26X2.oem4f (.text:Power_releaseConstraint)
                  000058dc    00000034     rf_multiMode_cc13x2_v1.aem4f : RFCC26X2_multiMode.oem4f (.text:RF_cacheFsCmd)
                  00005910    00000034                                  : RFCC26X2_multiMode.oem4f (.text:RF_checkCmdFsError)
                  00005944    00000034                                  : RFCC26X2_multiMode.oem4f (.text:RF_ieeeRequestFgCommand)
                  00005978    00000034                                  : RFCC26X2_multiMode.oem4f (.text:RF_powerConstraintRelease)
                  000059ac    00000034     drivers_cc13x2_v1.aem4f : UARTCC26XX.oem4f (.text:readData2RingBuf)
                  000059e0    00000030                             : PowerCC26X2.oem4f (.text:Power_setConstraint)
                  00005a10    00000030     rf_multiMode_cc13x2_v1.aem4f : RFCC26X2_multiMode.oem4f (.text:RF_calculateDeltaTimeUs)
                  00005a40    00000030                                  : RFCC26X2_multiMode.oem4f (.text:RF_extractPaConfiguration)
                  00005a70    00000030     drivers_cc13x2_v1.aem4f : PowerCC26X2_calibrateRCOSC.oem4f (.text:startTDC)
                  00005aa0    00000030     release_pem4f.oem4f (.text:ti_sysbios_BIOS_atExitFunc__I)
                  00005ad0    00000030     release_pem4f.oem4f (.text:ti_sysbios_BIOS_startFunc__I)
                  00005b00    00000030     rom_sysbios.aem4f : rom_sysbios.obj (.text:ti_sysbios_family_arm_cc26xx_Timer_getCurrentTick__E)
                  00005b30    00000030                       : rom_sysbios.obj (.text:ti_sysbios_family_arm_cc26xx_Timer_initDevice__I)
                  00005b60    0000002e     driverlib.lib : rfc.obj (.text:NOROM_RFCOverrideSearch)
                  00005b8e    0000002e     rtsv7M4_T_le_v4SPD16_eabi.lib : i_tofd_t2.asm.obj (.text)
                  00005bbc    0000002c     drivers_cc13x2_v1.aem4f : PINCC26XX.oem4f (.text:PINCC26XX_setMux)
                  00005be8    0000002c     rf_multiMode_cc13x2_v1.aem4f : RFCC26X2_multiMode.oem4f (.text:RF_executeDirectImmediateCmd)
                  00005c14    0000002c                                  : RFCC26X2_multiMode.oem4f (.text:RF_ratReleaseChannels)
                  00005c40    0000002c                                  : RFCC26X2_multiMode.oem4f (.text:RF_searchAndReplacePAOverride)
                  00005c6c    0000002c     dpl_cc13x2_v1.aem4f : SemaphoreP_tirtos.oem4f (.text:SemaphoreP_constructBinary)
                  00005c98    0000002c                         : SemaphoreP_tirtos.oem4f (.text:SemaphoreP_createBinary)
                  00005cc4    0000002c     rom_sysbios.aem4f : rom_sysbios.obj (.text:_pthread_delete$44)
                  00005cf0    0000002c                       : rom_sysbios.obj (.text:pthread_setcancelstate)
                  00005d1c    0000002c                       : rom_sysbios.obj (.text:ti_sysbios_knl_Clock_getTicksUntilInterrupt__E)
                  00005d48    0000002a     display.aem4f : Display.oem4f (.text:Display_doPrintf)
                  00005d72    0000002a     rf_multiMode_cc13x2_v1.aem4f : RFCC26X2_multiMode.oem4f (.text:RF_ratSuspendChannels)
                  00005d9c    0000002a     rom_sysbios.aem4f : rom_sysbios.obj (.text:ti_sysbios_knl_Clock_getTimeout__E)
                  00005dc6    0000002a                       : rom_sysbios.obj (.text:xdc_runtime_System_putchar__I)
                  00005df0    00000028     dpl_cc13x2_v1.aem4f : PowerCC26X2_tirtos.oem4f (.text:PowerCC26XX_schedulerDisable)
                  00005e18    00000028                         : PowerCC26X2_tirtos.oem4f (.text:PowerCC26XX_schedulerRestore)
                  00005e40    00000028     drivers_cc13x2_v1.aem4f : PowerCC26X2.oem4f (.text:Power_registerNotify)
                  00005e68    00000028     rf_multiMode_cc13x2_v1.aem4f : RFCC26X2_multiMode.oem4f (.text:RF_runCmd)
                  00005e90    00000028     drivers_cc13x2_v1.aem4f : PowerCC26X2.oem4f (.text:oscillatorISR)
                  00005eb8    00000026                             : List.oem4f (.text:List_put)
                  00005ede    00000026                             : List.oem4f (.text:List_remove)
                  00005f04    00000024     driverlib.lib : osc.obj (.text:NOROM_OSCHF_TurnOnXosc)
                  00005f28    00000024                   : rfc.obj (.text:NOROM_RFCDoorbellSendTo)
                  00005f4c    00000024     CC1352R1_LAUNCHXL_fxns.obj (.text:PINCC26XX_setOutputValue)
                  00005f70    00000024     rf_multiMode_cc13x2_v1.aem4f : RFCC26X2_multiMode.oem4f (.text:RF_clkPowerUp)
                  00005f94    00000024                                  : RFCC26X2_multiMode.oem4f (.text:RF_cmdAlloc)
                  00005fb8    00000024                                  : RFCC26X2_multiMode.oem4f (.text:RF_invokeGlobalCallback)
                  00005fdc    00000024     rom_sysbios.aem4f : rom_sysbios.obj (.text:_pthread_cleanupFxn)
                  00006000    00000024     drivers_cc13x2_v1.aem4f : PowerCC26X2_calibrateRCOSC.oem4f (.text:getTdcSemaphore)
                  00006024    00000024     rom_sysbios.aem4f : rom_sysbios.obj (.text:pthread_attr_init)
                  00006048    00000024     release_pem4f.oem4f (.text:ti_sysbios_BIOS_registerRTSLock__I)
                  0000606c    00000024     release_pem4f.oem4f (.text:ti_sysbios_BIOS_removeRTSLock__I)
                  00006090    00000024     rom_sysbios.aem4f : rom_sysbios.obj (.text:ti_sysbios_family_arm_cc26xx_Timer_getMaxTicks__E)
                  000060b4    00000022     drivers_cc13x2_v1.aem4f : List.oem4f (.text:List_get)
                  000060d6    00000022     rf_multiMode_cc13x2_v1.aem4f : RFCC26X2_multiMode.oem4f (.text:RF_getPAOverrideOffsetAndValue)
                  000060f8    00000022                                  : RFCC26X2_multiMode.oem4f (.text:RF_isRadioSetup)
                  0000611a    00000002     release_pem4f.oem4f (.text:ti_sysbios_BIOS_nullFunc__I)
                  0000611c    00000020     drivers_cc13x2_v1.aem4f : PowerCC26X2.oem4f (.text:Power_unregisterNotify)
                  0000613c    00000020     RFQueue.obj (.text:RFQueue_nextEntry)
                  0000615c    00000020     rf_multiMode_cc13x2_v1.aem4f : RFCC26X2_multiMode.oem4f (.text:RF_hwiCpe0ChangePhy)
                  0000617c    00000020                                  : RFCC26X2_multiMode.oem4f (.text:RF_ratIsRunning)
                  0000619c    00000020                                  : RFCC26X2_multiMode.oem4f (.text:RF_swiFsm)
                  000061bc    00000020     smartrf_settings.obj (.text:applyPropPatch)
                  000061dc    00000020     release_pem4f.oem4f (.text:ti_sysbios_BIOS_rtsLock__I)
                  000061fc    00000020     rom_sysbios.aem4f : rom_sysbios.obj (.text:ti_sysbios_family_arm_cc26xx_Timer_dynamicStub__E)
                  0000621c    00000020                       : rom_sysbios.obj (.text:xdc_runtime_Error_policyMin__E)
                  0000623c    0000001e     drivers_cc13x2_v1.aem4f : PINCC26XX.oem4f (.text:PIN_close)
                  0000625a    0000001e                             : PowerCC26X2.oem4f (.text:Power_getTransitionLatency)
                  00006278    0000001c     CC1352R1_LAUNCHXL.obj (.text:CC1352R1_LAUNCHXL_initGeneral)
                  00006294    0000001c     driverlib.lib : chipinfo.obj (.text:NOROM_ChipInfo_GetChipFamily)
                  000062b0    0000001c     drivers_cc13x2_v1.aem4f : PINCC26XX.oem4f (.text:PINCC26XX_setIoCfgMux)
                  000062cc    0000001c                             : PINCC26XX.oem4f (.text:PIN_hwi)
                  000062e8    0000001c     rf_multiMode_cc13x2_v1.aem4f : RFCC26X2_multiMode.oem4f (.text:RF_clkInactivity)
                  00006304    0000001c                                  : RFCC26X2_multiMode.oem4f (.text:RF_powerConstraintSet)
                  00006320    0000001c     smartrf_settings.obj (.text:enterPropCpePatch)
                  0000633c    0000001c     release_pem4f.oem4f (.text:ti_sysbios_BIOS_errorRaiseHook__I)
                  00006358    0000001c     rom_sysbios.aem4f : rom_sysbios.obj (.text:ti_sysbios_knl_Swi_construct2__E)
                  00006374    0000001c     release_pem4f.oem4f (.text:xdc_runtime_Startup_exec__I)
                  00006390    0000001a     drivers_cc13x2_v1.aem4f : PowerCC26X2.oem4f (.text:PowerCC26XX_calibrate)
                  000063aa    00000002     release_pem4f.oem4f (.text:ti_sysbios_rom_cortexm_cc26xx_agama_CC26xx_badRomRevision__E)
                  000063ac    00000018     driverlib.lib : chipinfo.obj (.text:NOROM_ChipInfo_GetPackageType)
                  000063c4    00000018     drivers_cc13x2_v1.aem4f : PowerCC26X2.oem4f (.text:Power_idleFunc)
                  000063dc    00000018                             : UARTCC26XX.oem4f (.text:UARTCC26XX_init)
                  000063f4    00000018                             : UART.oem4f (.text:UART_Params_init)
                  0000640c    00000018     rtsv7M4_T_le_v4SPD16_eabi.lib : args_main.c.obj (.text:_args_main)
                  00006424    00000018                                   : ll_mul_t2.asm.obj (.text)
                  0000643c    00000018     release_pem4f.oem4f (.text:ti_sysbios_BIOS_rtsUnlock__I)
                  00006454    00000018     rom_sysbios.aem4f : rom_sysbios.obj (.text:ti_sysbios_knl_Swi_or__E)
                  0000646c    00000018     release_pem4f.oem4f (.text:ti_sysbios_rom_cortexm_cc26xx_agama_CC26xx_checkRevision__E)
                  00006484    00000018     rom_sysbios.aem4f : rom_sysbios.obj (.text:xdc_runtime_Error_init__E)
                  0000649c    00000016     display.aem4f : DisplayUart.oem4f (.text:DisplayUartMin_close)
                  000064b2    00000016     driverlib.lib : chipinfo.obj (.text:NOROM_ThisLibraryIsFor_CC13x2_CC26x2_HwRev1x_HaltIfViolated)
                  000064c8    00000016     rf_multiMode_cc13x2_v1.aem4f : RFCC26X2_multiMode.oem4f (.text:RF_restartClockTimeout)
                  000064de    00000016     rom_sysbios.aem4f : rom_sysbios.obj (.text:_pthread_cleanup_pop)
                  000064f4    00000016     release_pem4f.oem4f (.text:ti_sysbios_BIOS_exitFunc__I)
                  0000650a    00000014     drivers_cc13x2_v1.aem4f : List.oem4f (.text:List_clearList)
                  0000651e    00000002     rom_sysbios.aem4f : rom_sysbios.obj (.text:xdc_runtime_SysCallback_defaultAbort)
                  00006520    00000014     driverlib.lib : rfc.obj (.text:NOROM_RFCCpeIntGetAndClear)
                  00006534    00000014     drivers_cc13x2_v1.aem4f : PINCC26XX.oem4f (.text:PINCC26XX_getOutputValue)
                  00006548    00000014                             : PowerCC26X2_calibrateRCOSC.oem4f (.text:PowerCC26X2_calibrate)
                  0000655c    00000014     rf_multiMode_cc13x2_v1.aem4f : RFCC26X2_multiMode.oem4f (.text:RF_Params_init)
                  00006570    00000014                                  : RFCC26X2_multiMode.oem4f (.text:RF_dbellSyncOnAck)
                  00006584    00000014                                  : RFCC26X2_multiMode.oem4f (.text:RF_ratGetChannel)
                  00006598    00000014                                  : RFCC26X2_multiMode.oem4f (.text:RF_triggDispatcher)
                  000065ac    00000014     drivers_cc13x2_v1.aem4f : PowerCC26X2.oem4f (.text:configureRFCoreClocks)
                  000065c0    00000014     rom_sysbios.aem4f : rom_sysbios.obj (.text:pthread_attr_setschedparam)
                  000065d4    00000014     rtsv7M4_T_le_v4SPD16_eabi.lib : strlen.c.obj (.text:strlen)
                  000065e8    00000014     rom_sysbios.aem4f : rom_sysbios.obj (.text:ti_sysbios_family_arm_cc26xx_Timer_getCount64__E)
                  000065fc    00000014     release_pem4f.oem4f (.text:ti_sysbios_knl_Clock_doTick__I)
                  00006610    00000012     drivers_cc13x2_v1.aem4f : RingBuf.oem4f (.text:RingBuf_construct)
                  00006622    00000012     dpl_cc13x2_v1.aem4f : SemaphoreP_tirtos.oem4f (.text:SemaphoreP_pend)
                  00006634    00000012     rom_sysbios.aem4f : rom_sysbios.obj (.text:_pthread_runStub$44)
                  00006646    00000010     dpl_cc13x2_v1.aem4f : ClockP_tirtos.oem4f (.text:ClockP_isActive)
                  00006656    00000010                         : HwiP_tirtos.oem4f (.text:HwiP_Params_init)
                  00006666    00000002     rom_sysbios.aem4f : rom_sysbios.obj (.text:xdc_runtime_SysCallback_defaultExit)
                  00006668    00000010     driverlib.lib : rfc.obj (.text:NOROM_RFCHwIntGetAndClear)
                  00006678    00000010     drivers_cc13x2_v1.aem4f : PINCC26XX.oem4f (.text:PINCC26XX_getPinCount)
                  00006688    00000010     rf_multiMode_cc13x2_v1.aem4f : RFCC26X2_multiMode.oem4f (.text:RF_dbellSubmitCmdAsync)
                  00006698    00000010                                  : RFCC26X2_multiMode.oem4f (.text:RF_isClientOwner)
                  000066a8    00000010                                  : RFCC26X2_multiMode.oem4f (.text:RF_ratGetChannelValue)
                  000066b8    00000010     dpl_cc13x2_v1.aem4f : SwiP_tirtos.oem4f (.text:SwiP_Params_init)
                  000066c8    00000010     rom_sysbios.aem4f : rom_sysbios.obj (.text:ti_sysbios_family_arm_m3_Hwi_post__E)
                  000066d8    00000010     drivers_cc13x2_v1.aem4f : UARTCC26XX.oem4f (.text:uartPostNotify)
                  000066e8    00000010     rom_sysbios.aem4f : rom_sysbios.obj (.text:xdc_runtime_SysCallback_flush__E)
                  000066f8    00000010                       : rom_sysbios.obj (.text:xdc_runtime_SysCallback_putch__E)
                  00006708    00000010                       : rom_sysbios.obj (.text:xdc_runtime_SysCallback_ready__E)
                  00006718    00000010                       : rom_sysbios.obj (.text:xdc_runtime_System_vsnprintf__E)
                  00006728    0000000e     rtsv7M4_T_le_v4SPD16_eabi.lib : copy_decompress_none.c.obj (.text:decompress:none:__TI_decompress_none)
                  00006736    0000000e     rom_sysbios.aem4f : rom_sysbios.obj (.text:pthread_attr_setdetachstate)
                  00006744    0000000e                       : rom_sysbios.obj (.text:ti_sysbios_family_arm_cc26xx_TimestampProvider_get32__E)
                  00006752    0000000c     driverlib.lib : cpu.obj (.text:NOROM_CPUcpsid)
                  0000675e    0000000c                   : cpu.obj (.text:NOROM_CPUcpsie)
                  0000676a    00000002     rom_sysbios.aem4f : rom_sysbios.obj (.text:xdc_runtime_SysCallback_defaultFlush)
                  0000676c    0000000c     drivers_cc13x2_v1.aem4f : PowerCC26X2.oem4f (.text:Power_getConstraintMask)
                  00006778    0000000c                             : PowerCC26X2.oem4f (.text:Power_getDependencyCount)
                  00006784    0000000c     RFQueue.obj (.text:RFQueue_getDataEntry)
                  00006790    0000000c     rf_multiMode_cc13x2_v1.aem4f : RFCC26X2_multiMode.oem4f (.text:RF_powerConstraintGet)
                  0000679c    0000000c                                  : RFCC26X2_multiMode.oem4f (.text:RF_ratGetValue)
                  000067a8    0000000c     dpl_cc13x2_v1.aem4f : SemaphoreP_tirtos.oem4f (.text:SemaphoreP_delete)
                  000067b4    0000000c     rtsv7M4_T_le_v4SPD16_eabi.lib : _lock.c.obj (.text:_register_lock)
                  000067c0    0000000c                                   : _lock.c.obj (.text:_register_unlock)
                  000067cc    0000000c                                   : copy_zero_init.c.obj (.text:decompress:ZI:__TI_zero_init)
                  000067d8    0000000c     rom_sysbios.aem4f : rom_sysbios.obj (.text:pthread_self)
                  000067e4    0000000c                       : rom_sysbios.obj (.text:ti_sysbios_knl_Swi_getTrigger__E)
                  000067f0    0000000c     release_pem4f.oem4f (.text:xdc_runtime_Startup_reset__I)
                  000067fc    0000000a     dpl_cc13x2_v1.aem4f : ClockP_tirtos.oem4f (.text:ClockP_Params_init)
                  00006806    0000000a     drivers_cc13x2_v1.aem4f : UART.oem4f (.text:UART_close)
                  00006810    0000000a                             : UART.oem4f (.text:UART_control)
                  0000681a    0000000a                             : UART.oem4f (.text:UART_write)
                  00006824    00000008     CC1352R1_LAUNCHXL_fxns.obj (.text:Board_initHook)
                  0000682c    00000008     drivers_cc13x2_v1.aem4f : UARTCC26XX.oem4f (.text:readSemCallback)
                  00006834    00000008     smartrf_settings.obj (.text:rf_patch_cpe_prop)
                  0000683c    00000008     drivers_cc13x2_v1.aem4f : UARTCC26XX.oem4f (.text:writeSemCallback)
                  00006844    00000006     display.aem4f : DisplayUart.oem4f (.text:DisplayUartMin_control)
                  0000684a    00000006                   : DisplayUart.oem4f (.text:DisplayUartMin_getType)
                  00006850    00000006     driverlib.lib : cpu.obj (.text:NOROM_CPUdelay)
                  00006856    00000006     rf_multiMode_cc13x2_v1.aem4f : RFCC26X2_multiMode.oem4f (.text:RF_clkReqAccess)
                  0000685c    00000006     drivers_cc13x2_v1.aem4f : UARTCC26XX.oem4f (.text:UARTCC26XX_readPolling)
                  00006862    00000006                             : UARTCC26XX.oem4f (.text:UARTCC26XX_writePolling)
                  00006868    00000006     rom_sysbios.aem4f : rom_sysbios.obj (.text:pthread_attr_setstacksize)
                  0000686e    00000006                       : rom_sysbios.obj (.text:ti_sysbios_family_arm_m3_Hwi_setFunc__E)
                  00006874    00000004     dpl_cc13x2_v1.aem4f : PowerCC26X2_tirtos.oem4f (.text:CPUwfi)
                  00006878    00000004                         : ClockP_tirtos.oem4f (.text:ClockP_destruct)
                  0000687c    00000004                         : ClockP_tirtos.oem4f (.text:ClockP_getCpuFreq)
                  00006880    00000004                         : ClockP_tirtos.oem4f (.text:ClockP_getTimeout)
                  00006884    00000004                         : ClockP_tirtos.oem4f (.text:ClockP_setTimeout)
                  00006888    00000004                         : ClockP_tirtos.oem4f (.text:ClockP_start)
                  0000688c    00000004                         : ClockP_tirtos.oem4f (.text:ClockP_stop)
                  00006890    00000004                         : HwiP_tirtos.oem4f (.text:HwiP_destruct)
                  00006894    00000004                         : HwiP_tirtos.oem4f (.text:HwiP_disable)
                  00006898    00000004                         : HwiP_tirtos.oem4f (.text:HwiP_enableInterrupt)
                  0000689c    00000004                         : HwiP_tirtos.oem4f (.text:HwiP_post)
                  000068a0    00000004                         : HwiP_tirtos.oem4f (.text:HwiP_setFunc)
                  000068a4    00000004     driverlib.lib : rfc.obj (.text:NOROM_RFCOverrideUpdate)
                  000068a8    00000004     dpl_cc13x2_v1.aem4f : SemaphoreP_tirtos.oem4f (.text:SemaphoreP_destruct)
                  000068ac    00000004                         : SemaphoreP_tirtos.oem4f (.text:SemaphoreP_post)
                  000068b0    00000004                         : SwiP_tirtos.oem4f (.text:SwiP_destruct)
                  000068b4    00000004                         : SwiP_tirtos.oem4f (.text:SwiP_disable)
                  000068b8    00000004                         : SwiP_tirtos.oem4f (.text:SwiP_getTrigger)
                  000068bc    00000004                         : SwiP_tirtos.oem4f (.text:SwiP_or)
                  000068c0    00000004                         : SystemP_tirtos.oem4f (.text:SystemP_vsnprintf)
                  000068c4    00000004     drivers_cc13x2_v1.aem4f : PowerCC26X2.oem4f (.text:nopResourceHandler)
                  000068c8    00000004     rom_sysbios.aem4f : rom_sysbios.obj (.text:ti_sysbios_knl_Clock_isActive__E)
                  000068cc    00000004                       : rom_sysbios.obj (.text:ti_sysbios_knl_Queue_insert__E)
                  000068d0    00000004                       : rom_sysbios.obj (.text:ti_sysbios_knl_Task_getArg1__E)
                  000068d4    00000004                       : rom_sysbios.obj (.text:ti_sysbios_knl_Task_getEnv__E)
                  000068d8    00000004                       : rom_sysbios.obj (.text:xdc_runtime_SysCallback_defaultReady)
                  000068dc    00000002                       : rom_sysbios.obj (.text:xdc_runtime_SysCallback_defaultPutch)
                  000068de    00000002     --HOLE-- [fill = 0]
                  000068e0    00000008     (.tramp.ti_sysbios_knl_Swi_destruct.1)
                  000068e8    00000008     (.tramp.ti_sysbios_family_arm_m3_Hwi_enableInterrupt__E.1)
                  000068f0    00000008     (.tramp.ti_sysbios_family_arm_m3_Hwi_disableFxn__E.1)
                  000068f8    00000008     (.tramp.ti_sysbios_family_arm_m3_Hwi_destruct.1)
                  00006900    00000008     (.tramp.ti_sysbios_BIOS_getCpuFreq__E.1)
                  00006908    00000008     (.tramp.ti_sysbios_knl_Clock_destruct.1)
                  00006910    00000008     (.tramp.ti_sysbios_knl_Task_self__E.1)
                  00006918    00000008     (.tramp.ti_sysbios_knl_Semaphore_delete.1)
                  00006920    00000008     (.tramp.ti_sysbios_knl_Clock_logTick__E.1)
                  00006928    00000008     (.tramp.ti_sysbios_knl_Swi_post__E.1)
                  00006930    00000008     (.tramp.ti_sysbios_BIOS_RtsGateProxy_leave__E.1)
                  00006938    00000008     (.tramp.ti_sysbios_knl_Swi_construct.1)
                  00006940    00000008     (.tramp.ti_sysbios_BIOS_RtsGateProxy_enter__E.1)
                  00006948    00000008     (.tramp.ti_sysbios_knl_Clock_getTicks__E.1)
                  00006950    00000008     (.tramp.ti_sysbios_knl_Task_delete.1)
                  00006958    00000008     (.tramp.ti_sysbios_knl_Semaphore_destruct.1)
                  00006960    00000008     (.tramp.ti_sysbios_knl_Semaphore_create.1)
                  00006968    00000008     (.tramp.ti_sysbios_knl_Task_startup__E.1)
                  00006970    00000008     (.tramp.ti_sysbios_knl_Swi_startup__E.1)
                  00006978    00000008     (.tramp.ti_sysbios_hal_Hwi_startup__E.1)
                  00006980    00000008     (.tramp.ti_sysbios_family_arm_cc26xx_Timer_startup__E.1)
                  00006988    00000008     (.tramp.xdc_runtime_System_atexit__E.1)
                  00006990    00000008     (.tramp.ti_sysbios_BIOS_linkedWithIncorrectBootLibrary__E.1)
                  00006998    00000008     (.tramp.xdc_runtime_Startup_rtsDone__E.1)
                  000069a0    00000008     (.tramp.ti_sysbios_BIOS_setThreadType__E.1)
                  000069a8    00000008     (.tramp.ti_sysbios_knl_Swi_disable__E.1)
                  000069b0    00000008     (.tramp.ti_sysbios_family_arm_m3_Hwi_construct.1)
                  000069b8    00000008     (.tramp.ti_sysbios_knl_Swi_Params__init__S.1)
                  000069c0    00000008     (.tramp.ti_sysbios_family_arm_m3_Hwi_Params__init__S.1)
                  000069c8    00000008     (.tramp.ti_sysbios_knl_Clock_construct.1)
                  000069d0    00000008     (.tramp.ti_sysbios_knl_Clock_Params__init__S.1)
                  000069d8    00000008     (.tramp.xdc_runtime_System_exit__E.1)
                  000069e0    00000008     (.tramp.ti_sysbios_heaps_HeapMem_restore__E.1)
                  000069e8    00000008     (.tramp.ti_sysbios_heaps_HeapMem_Object__get__S.1)
                  000069f0    00000008     (.tramp.ti_sysbios_BIOS_start__E.1)
                  000069f8    00000008     (.tramp.ti_sysbios_knl_Semaphore_post__E.1)
                  00006a00    00000008     (.tramp.xdc_runtime_Memory_free__E.1)
                  00006a08    00000008     (.tramp.ti_sysbios_knl_Queue_next__E.1)
                  00006a10    00000008     (.tramp.ti_sysbios_knl_Queue_head__E.1)
                  00006a18    00000008     (.tramp.ti_sysbios_knl_Semaphore_pend__E.1)
                  00006a20    00000008     (.tramp.ti_sysbios_knl_Clock_scheduleNextTick__E.1)
                  00006a28    00000008     (.tramp.ti_sysbios_knl_Clock_walkQueueDynamic__E.1)
                  00006a30    00000008     (.tramp.ti_sysbios_knl_Clock_TimerProxy_getCurrentTick__E.1)
                  00006a38    00000008     (.tramp.ti_sysbios_knl_Task_restore__E.1)
                  00006a40    00000008     (.tramp.ti_sysbios_knl_Queue_enqueue__E.1)
                  00006a48    00000008     (.tramp.ti_sysbios_knl_Queue_empty__E.1)
                  00006a50    00000008     (.tramp.ti_sysbios_knl_Queue_remove__E.1)
                  00006a58    00000008     (.tramp.ti_sysbios_knl_Task_disable__E.1)
                  00006a60    00000008     (.tramp.ti_sysbios_knl_Clock_stop__E.1)
                  00006a68    00000008     (.tramp.ti_sysbios_knl_Clock_start__E.1)
                  00006a70    00000008     (.tramp.ti_sysbios_knl_Clock_setTimeout__E.1)
                  00006a78    00000008     (.tramp.ti_sysbios_knl_Task_create.1)
                  00006a80    00000008     (.tramp.ti_sysbios_knl_Semaphore_construct.1)
                  00006a88    00000008     (.tramp.ti_sysbios_knl_Semaphore_Params__init__S.1)
                  00006a90    00000008     (.tramp.ti_sysbios_knl_Queue_construct.1)
                  00006a98    00000008     (.tramp.xdc_runtime_Memory_alloc__E.1)
                  00006aa0    00000008     (.tramp.ti_sysbios_knl_Task_Params__init__S.1)
                  00006aa8    00000008     (.tramp.ti_sysbios_knl_Swi_restore__E.1)
                  00006ab0    00000008     (.tramp.ti_sysbios_family_arm_m3_Hwi_restoreFxn__E.1)

.const     0    00006ab8    00001b58     
                  00006ab8    00000800     smartrf_settings.obj (.const:patchGenfskRfe)
                  000072b8    00000790     smartrf_settings.obj (.const:patchGenfskMce)
                  00007a48    00000550     smartrf_settings.obj (.const:patchImageProp)
                  00007f98    00000338     release_pem4f.oem4f (.const:ROM_constStruct)
                  000082d0    00000054     drivers_cc13x2_v1.aem4f : PowerCC26X2.oem4f (.const:resourceDB)
                  00008324    00000050     CC1352R1_LAUNCHXL.obj (.const:uartCC26XXHWAttrs)
                  00008374    00000048     release_pem4f.oem4f (.const:.string)
                  000083bc    00000044     release_pem4f.oem4f (.const:ROM_externFuncPtrs)
                  00008400    00000030     CC1352R1_LAUNCHXL.obj (.const:BoardGpioInitTable)
                  00008430    00000028     drivers_cc13x2_v1.aem4f : UARTCC26XX.oem4f (.const:UARTCC26XX_fxnTable)
                  00008458    00000024                             : UART.oem4f (.const:UART_defaultParams)
                  0000847c    00000024     release_pem4f.oem4f (.const:xdc_runtime_Startup_sfxnTab__A)
                  000084a0    00000020     display.aem4f : DisplayUart.oem4f (.const:DisplayUartMin_fxnTable)
                  000084c0    0000001c     rf_multiMode_cc13x2_v1.aem4f : RFCC26X2_multiMode.oem4f (.const:RF_defaultParams)
                  000084dc    00000018     CC1352R1_LAUNCHXL.obj (.const:UART_config)
                  000084f4    00000014     CC1352R1_LAUNCHXL_fxns.obj (.const:$P$T1$2)
                  00008508    00000014     CC1352R1_LAUNCHXL.obj (.const:displayUartHWAttrs)
                  0000851c    00000014     drivers_cc13x2_v1.aem4f : UARTCC26XX.oem4f (.const:parityType)
                  00008530    00000012     CC1352R1_LAUNCHXL.obj (.const)
                  00008542    00000012     release_pem4f.oem4f (.const:xdc_runtime_Startup_sfxnRts__A)
                  00008554    00000010     CC1352R1_LAUNCHXL.obj (.const:PowerCC26X2_config)
                  00008564    00000010     drivers_cc13x2_v1.aem4f : UARTCC26XX.oem4f (.const:dataLength)
                  00008574    0000000c     CC1352R1_LAUNCHXL.obj (.const:Display_config)
                  00008580    0000000c     CC1352R1_LAUNCHXL.obj (.const:RFCC26XX_hwAttrs)
                  0000858c    0000000c     release_pem4f.oem4f (.const:xdc_runtime_Startup_firstFxns__A)
                  00008598    00000008     driverlib.lib : aux_sysif.obj (.const:$O1$$)
                  000085a0    00000008     CC1352R1_LAUNCHXL_fxns.obj (.const:$P$T0$1)
                  000085a8    00000008     CC1352R1_LAUNCHXL.obj (.const:PINCC26XX_hwAttrs)
                  000085b0    00000008     drivers_cc13x2_v1.aem4f : UARTCC26XX.oem4f (.const:stopBits)
                  000085b8    00000008     release_pem4f.oem4f (.const:ti_sysbios_knl_Idle_funcList__A)
                  000085c0    00000006     drivers_cc13x2_v1.aem4f : UARTCC26XX.oem4f (.const:.string:rxFifoBytes)
                  000085c6    00000006                             : UARTCC26XX.oem4f (.const:.string:rxFifoThreshold)
                  000085cc    00000006                             : UARTCC26XX.oem4f (.const:.string:txFifoBytes)
                  000085d2    00000006                             : UARTCC26XX.oem4f (.const:.string:txFifoThreshold)
                  000085d8    00000005     rfPacketRx.obj (.const:.string:$P$T0$1)
                  000085dd    00000001     display.aem4f : Display.oem4f (.const:Display_defaultParams)
                  000085de    00000001     release_pem4f.oem4f (.const:xdc_runtime_Text_charTab__A)
                  000085df    00000001     --HOLE-- [fill = 0]
                  000085e0    00000004     release_pem4f.oem4f (.const:ti_sysbios_family_arm_cc26xx_Timer_funcHookCH1__C)
                  000085e4    00000004     release_pem4f.oem4f (.const:ti_sysbios_family_arm_cc26xx_Timer_funcHookCH2__C)
                  000085e8    00000004     release_pem4f.oem4f (.const:ti_sysbios_family_arm_m3_Hwi_swiDisable__C)
                  000085ec    00000004     release_pem4f.oem4f (.const:ti_sysbios_family_arm_m3_Hwi_swiRestoreHwi__C)
                  000085f0    00000004     release_pem4f.oem4f (.const:ti_sysbios_heaps_HeapMem_primaryHeapBaseAddr__C)
                  000085f4    00000004     release_pem4f.oem4f (.const:ti_sysbios_heaps_HeapMem_primaryHeapEndAddr__C)
                  000085f8    00000004     release_pem4f.oem4f (.const:ti_sysbios_knl_Clock_tickPeriod__C)
                  000085fc    00000004     release_pem4f.oem4f (.const:ti_sysbios_knl_Task_Object__heap__C)
                  00008600    00000004     release_pem4f.oem4f (.const:xdc_runtime_SysCallback_flushFxn__C)
                  00008604    00000004     release_pem4f.oem4f (.const:xdc_runtime_SysCallback_putchFxn__C)
                  00008608    00000004     release_pem4f.oem4f (.const:xdc_runtime_SysCallback_readyFxn__C)
                  0000860c    00000004     release_pem4f.oem4f (.const:xdc_runtime_System_extendFxn__C)

MODULE SUMMARY

       Module                             code    ro data   rw data
       ------                             ----    -------   -------
    .\
       rfPacketRx.obj                     1252    5         416    
       CC1352R1_LAUNCHXL.obj              28      238       796    
       CC1352R1_LAUNCHXL_fxns.obj         484     28        0      
       RFQueue.obj                        268     0         4      
       main_tirtos.obj                    104     0         0      
       ccfg.obj                           0       88        0      
    +--+----------------------------------+-------+---------+---------+
       Total:                             2136    359       1216   
                                                                   
    .\smartrf_settings\
       smartrf_settings.obj               718     5344      213    
    +--+----------------------------------+-------+---------+---------+
       Total:                             718     5344      213    
                                                                   
    C:\ti\workspace_1\tirtos_builds_CC1352R1_LAUNCHXL_release_ccs\Debug\configPkg\package\cfg\
       release_pem4f.oem4f                830     1147      1826   
    +--+----------------------------------+-------+---------+---------+
       Total:                             830     1147      1826   
                                                                   
    C:/ti/simplelink_cc13x2_sdk_2_30_00_45/kernel/tirtos/packages/ti/dpl/lib/dpl_cc13x2_v1.aem4f
       PowerCC26X2_tirtos.oem4f           264     0         8      
       ClockP_tirtos.oem4f                130     0         4      
       SemaphoreP_tirtos.oem4f            126     0         0      
       HwiP_tirtos.oem4f                  98      0         0      
       SwiP_tirtos.oem4f                  92      0         0      
       SystemP_tirtos.oem4f               4       0         0      
    +--+----------------------------------+-------+---------+---------+
       Total:                             714     0         12     
                                                                   
    C:/ti/simplelink_cc13x2_sdk_2_30_00_45/source/ti/devices/cc13x2_cc26x2_v1/driverlib/bin/ccs/driverlib.lib
       setup.obj                          608     0         0      
       sys_ctrl.obj                       332     0         0      
       rfc.obj                            308     0         0      
       osc.obj                            276     0         20     
       setup_rom.obj                      236     0         0      
       chipinfo.obj                       222     0         0      
       aux_sysif.obj                      52      8         0      
       cpu.obj                            30      0         0      
       driverlib_release.obj              0       0         1      
    +--+----------------------------------+-------+---------+---------+
       Total:                             2064    8         21     
                                                                   
    C:/ti/simplelink_cc13x2_sdk_2_30_00_45/source/ti/display/lib/display.aem4f
       DisplayUart.oem4f                  184     32        0      
       Display.oem4f                      134     1         0      
    +--+----------------------------------+-------+---------+---------+
       Total:                             318     33        0      
                                                                   
    C:/ti/simplelink_cc13x2_sdk_2_30_00_45/source/ti/drivers/lib/drivers_cc13x2_v1.aem4f
       UARTCC26XX.oem4f                   2816    108       2      
       PowerCC26X2.oem4f                  1882    84        200    
       PINCC26XX.oem4f                    1330    0         276    
       PowerCC26X2_calibrateRCOSC.oem4f   1320    0         0      
       UART.oem4f                         182     36        1      
       RingBuf.oem4f                      152     0         0      
       List.oem4f                         130     0         0      
    +--+----------------------------------+-------+---------+---------+
       Total:                             7812    228       479    
                                                                   
    C:/ti/simplelink_cc13x2_sdk_2_30_00_45/source/ti/drivers/rf/lib/rf_multiMode_cc13x2_v1.aem4f
       RFCC26X2_multiMode.oem4f           7080    28        906    
    +--+----------------------------------+-------+---------+---------+
       Total:                             7080    28        906    
                                                                   
    C:\ti\ccsv8\tools\compiler\ti-cgt-arm_18.12.1.LTS\lib\rtsv7M4_T_le_v4SPD16_eabi.lib
       fd_add_t2.asm.obj                  438     0         0      
       fd_cmp_t2.asm.obj                  268     0         0      
       fd_mul_t2.asm.obj                  252     0         0      
       memcpy_t2.asm.obj                  156     0         0      
       ull_div_t2.asm.obj                 150     0         0      
       memset_t2.asm.obj                  122     0         0      
       copy_decompress_lzss.c.obj         104     0         0      
       cpy_tbl.c.obj                      76      0         0      
       fd_toi_t2.asm.obj                  72      0         0      
       fd_tou_t2.asm.obj                  68      0         0      
       u_divt2.asm.obj                    64      0         0      
       fs_tod_t2.asm.obj                  56      0         0      
       i_tofd_t2.asm.obj                  46      0         0      
       _lock.c.obj                        26      0         8      
       args_main.c.obj                    24      0         0      
       ll_mul_t2.asm.obj                  24      0         0      
       strlen.c.obj                       20      0         0      
       copy_decompress_none.c.obj         14      0         0      
       copy_zero_init.c.obj               12      0         0      
       stkdepth_vars.c.obj                0       0         4      
       div0.asm.obj                       2       0         0      
    +--+----------------------------------+-------+---------+---------+
       Total:                             1994    0         12     
                                                                   
    C:\ti\simplelink_cc13x2_sdk_2_30_00_45\kernel\tirtos\packages\ti\targets\arm\rtsarm\lib\auto_init.aem4f
       auto_init.oem4f                    160     0         0      
    +--+----------------------------------+-------+---------+---------+
       Total:                             160     0         0      
                                                                   
    C:\ti\simplelink_cc13x2_sdk_2_30_00_45\kernel\tirtos\packages\ti\targets\arm\rtsarm\lib\boot.aem4f
       boot.oem4f                         88      0         0      
    +--+----------------------------------+-------+---------+---------+
       Total:                             88      0         0      
                                                                   
    C:\ti\workspace_1\tirtos_builds_CC1352R1_LAUNCHXL_release_ccs\src\sysbios\rom_sysbios.aem4f
       rom_sysbios.obj                    2871    0         136    
    +--+----------------------------------+-------+---------+---------+
       Total:                             2871    0         136    
                                                                   
       Stack:                             0       0         1024   
       Linker Generated:                  472     648       0      
    +--+----------------------------------+-------+---------+---------+
       Grand Total:                       27257   7795      5845   


LINKER GENERATED COPY TABLES

__TI_cinit_table @ 00008870 records: 5, size/record: 8, table size: 40
	.data: load addr=00008610, load size=00000234 bytes, run addr=20001d58, run size=000005ac bytes, compression=lzss
	.bss: load addr=00008850, load size=00000008 bytes, run addr=20001110, run size=00000c45 bytes, compression=zero_init
	.data:xdcRomConstPtr: load addr=00008858, load size=00000008 bytes, run addr=20000100, run size=00000004 bytes, compression=lzss
	.data:xdcRomExternFuncPtr: load addr=00008860, load size=00000008 bytes, run addr=20000104, run size=00000004 bytes, compression=lzss
	.data:xdcRomStatePtr: load addr=00008868, load size=00000008 bytes, run addr=20000108, run size=00000004 bytes, compression=lzss


LINKER GENERATED HANDLER TABLE

__TI_handler_table @ 00008844 records: 3, size/record: 4, table size: 12
	index: 0, handler: __TI_decompress_lzss
	index: 1, handler: __TI_decompress_none
	index: 2, handler: __TI_zero_init


FAR CALL TRAMPOLINES

callee name               trampoline name
   callee addr  tramp addr   call addr  call info
--------------  -----------  ---------  ----------------
ti_sysbios_knl_Swi_destruct  $Tramp$TT$L$PI$$ti_sysbios_knl_Swi_destruct
   1003b863     000068e0     000068b0   dpl_cc13x2_v1.aem4f : SwiP_tirtos.oem4f (.text:SwiP_destruct)
ti_sysbios_family_arm_m3_Hwi_enableInterrupt__E  $Tramp$TT$L$PI$$ti_sysbios_family_arm_m3_Hwi_enableInterrupt__E
   1003a6bd     000068e8     00006898   dpl_cc13x2_v1.aem4f : HwiP_tirtos.oem4f (.text:HwiP_enableInterrupt)
ti_sysbios_family_arm_m3_Hwi_disableFxn__E  $Tramp$TT$L$PI$$ti_sysbios_family_arm_m3_Hwi_disableFxn__E
   1003b6e1     000068f0     00006894   dpl_cc13x2_v1.aem4f : HwiP_tirtos.oem4f (.text:HwiP_disable)
ti_sysbios_family_arm_m3_Hwi_destruct  $Tramp$TT$L$PI$$ti_sysbios_family_arm_m3_Hwi_destruct
   1003b7f7     000068f8     00006890   dpl_cc13x2_v1.aem4f : HwiP_tirtos.oem4f (.text:HwiP_destruct)
ti_sysbios_BIOS_getCpuFreq__E  $Tramp$TT$L$PI$$ti_sysbios_BIOS_getCpuFreq__E
   1003b5b1     00006900     0000687c   dpl_cc13x2_v1.aem4f : ClockP_tirtos.oem4f (.text:ClockP_getCpuFreq)
ti_sysbios_knl_Clock_destruct  $Tramp$TT$L$PI$$ti_sysbios_knl_Clock_destruct
   1003b82b     00006908     00006878   dpl_cc13x2_v1.aem4f : ClockP_tirtos.oem4f (.text:ClockP_destruct)
ti_sysbios_knl_Task_self__E  $Tramp$TT$L$PI$$ti_sysbios_knl_Task_self__E
   1003b681     00006910     000067da   rom_sysbios.aem4f : rom_sysbios.obj (.text:pthread_self)
ti_sysbios_knl_Semaphore_delete  $Tramp$TT$L$PI$$ti_sysbios_knl_Semaphore_delete
   1003b857     00006918     000067ae   dpl_cc13x2_v1.aem4f : SemaphoreP_tirtos.oem4f (.text:SemaphoreP_delete)
ti_sysbios_knl_Clock_logTick__E  $Tramp$TT$L$PI$$ti_sysbios_knl_Clock_logTick__E
   1003a463     00006920     000065fe   release_pem4f.oem4f (.text:ti_sysbios_knl_Clock_doTick__I)
ti_sysbios_knl_Swi_post__E  $Tramp$TT$L$PI$$ti_sysbios_knl_Swi_post__E
   1003a5e9     00006928     00006468   rom_sysbios.aem4f : rom_sysbios.obj (.text:ti_sysbios_knl_Swi_or__E)
                             00006606   release_pem4f.oem4f (.text:ti_sysbios_knl_Clock_doTick__I)
ti_sysbios_BIOS_RtsGateProxy_leave__E  $Tramp$TT$L$PI$$ti_sysbios_BIOS_RtsGateProxy_leave__E
   1003b7e3     00006930     0000644a   release_pem4f.oem4f (.text:ti_sysbios_BIOS_rtsUnlock__I)
ti_sysbios_knl_Swi_construct  $Tramp$TT$L$PI$$ti_sysbios_knl_Swi_construct
   1003a465     00006938     0000635e   rom_sysbios.aem4f : rom_sysbios.obj (.text:ti_sysbios_knl_Swi_construct2__E)
ti_sysbios_BIOS_RtsGateProxy_enter__E  $Tramp$TT$L$PI$$ti_sysbios_BIOS_RtsGateProxy_enter__E
   1003b7df     00006940     000061e2   release_pem4f.oem4f (.text:ti_sysbios_BIOS_rtsLock__I)
ti_sysbios_knl_Clock_getTicks__E  $Tramp$TT$L$PI$$ti_sysbios_knl_Clock_getTicks__E
   1003a925     00006948     00005db0   rom_sysbios.aem4f : rom_sysbios.obj (.text:ti_sysbios_knl_Clock_getTimeout__E)
ti_sysbios_knl_Task_delete  $Tramp$TT$L$PI$$ti_sysbios_knl_Task_delete
   1003b86b     00006950     00005cd8   rom_sysbios.aem4f : rom_sysbios.obj (.text:_pthread_delete$44)
ti_sysbios_knl_Semaphore_destruct  $Tramp$TT$L$PI$$ti_sysbios_knl_Semaphore_destruct
   1003b85b     00006958     00005ccc   rom_sysbios.aem4f : rom_sysbios.obj (.text:_pthread_delete$44)
                             000068a8   dpl_cc13x2_v1.aem4f : SemaphoreP_tirtos.oem4f (.text:SemaphoreP_destruct)
ti_sysbios_knl_Semaphore_create  $Tramp$TT$L$PI$$ti_sysbios_knl_Semaphore_create
   1003a801     00006960     00005cb8   dpl_cc13x2_v1.aem4f : SemaphoreP_tirtos.oem4f (.text:SemaphoreP_createBinary)
ti_sysbios_knl_Task_startup__E  $Tramp$TT$L$PI$$ti_sysbios_knl_Task_startup__E
   1003b873     00006968     00005af4   release_pem4f.oem4f (.text:ti_sysbios_BIOS_startFunc__I)
ti_sysbios_knl_Swi_startup__E  $Tramp$TT$L$PI$$ti_sysbios_knl_Swi_startup__E
   1003b7d3     00006970     00005af0   release_pem4f.oem4f (.text:ti_sysbios_BIOS_startFunc__I)
ti_sysbios_hal_Hwi_startup__E  $Tramp$TT$L$PI$$ti_sysbios_hal_Hwi_startup__E
   1003b799     00006978     00005aec   release_pem4f.oem4f (.text:ti_sysbios_BIOS_startFunc__I)
ti_sysbios_family_arm_cc26xx_Timer_startup__E  $Tramp$TT$L$PI$$ti_sysbios_family_arm_cc26xx_Timer_startup__E
   1003a9cd     00006980     00005ae8   release_pem4f.oem4f (.text:ti_sysbios_BIOS_startFunc__I)
xdc_runtime_System_atexit__E  $Tramp$TT$L$PI$$xdc_runtime_System_atexit__E
   1003bc29     00006988     00005ae0   release_pem4f.oem4f (.text:ti_sysbios_BIOS_startFunc__I)
ti_sysbios_BIOS_linkedWithIncorrectBootLibrary__E  $Tramp$TT$L$PI$$ti_sysbios_BIOS_linkedWithIncorrectBootLibrary__E
   10039bff     00006990     00005ada   release_pem4f.oem4f (.text:ti_sysbios_BIOS_startFunc__I)
xdc_runtime_Startup_rtsDone__E  $Tramp$TT$L$PI$$xdc_runtime_Startup_rtsDone__E
   1003bf5d     00006998     00005ad2   release_pem4f.oem4f (.text:ti_sysbios_BIOS_startFunc__I)
ti_sysbios_BIOS_setThreadType__E  $Tramp$TT$L$PI$$ti_sysbios_BIOS_setThreadType__E
   1003b5c5     000069a0     00005aac   release_pem4f.oem4f (.text:ti_sysbios_BIOS_atExitFunc__I)
                             0000634e   release_pem4f.oem4f (.text:ti_sysbios_BIOS_errorRaiseHook__I)
                             000064fe   release_pem4f.oem4f (.text:ti_sysbios_BIOS_exitFunc__I)
ti_sysbios_knl_Swi_disable__E  $Tramp$TT$L$PI$$ti_sysbios_knl_Swi_disable__E
   1003b525     000069a8     00005aa2   release_pem4f.oem4f (.text:ti_sysbios_BIOS_atExitFunc__I)
                             000068b4   dpl_cc13x2_v1.aem4f : SwiP_tirtos.oem4f (.text:SwiP_disable)
ti_sysbios_family_arm_m3_Hwi_construct  $Tramp$TT$L$PI$$ti_sysbios_family_arm_m3_Hwi_construct
   10039fad     000069b0     000056d2   rom_sysbios.aem4f : rom_sysbios.obj (.text:ti_sysbios_family_arm_m3_Hwi_construct2__E)
ti_sysbios_knl_Swi_Params__init__S  $Tramp$TT$L$PI$$ti_sysbios_knl_Swi_Params__init__S
   1003b765     000069b8     0000565a   dpl_cc13x2_v1.aem4f : SwiP_tirtos.oem4f (.text:SwiP_construct)
ti_sysbios_family_arm_m3_Hwi_Params__init__S  $Tramp$TT$L$PI$$ti_sysbios_family_arm_m3_Hwi_Params__init__S
   1003b6d5     000069c0     00005568   dpl_cc13x2_v1.aem4f : HwiP_tirtos.oem4f (.text:HwiP_construct)
ti_sysbios_knl_Clock_construct  $Tramp$TT$L$PI$$ti_sysbios_knl_Clock_construct
   1003a8ed     000069c8     00004d76   dpl_cc13x2_v1.aem4f : ClockP_tirtos.oem4f (.text:ClockP_construct)
ti_sysbios_knl_Clock_Params__init__S  $Tramp$TT$L$PI$$ti_sysbios_knl_Clock_Params__init__S
   1003b711     000069d0     00004d5c   dpl_cc13x2_v1.aem4f : ClockP_tirtos.oem4f (.text:ClockP_construct)
xdc_runtime_System_exit__E  $Tramp$TT$L$PI$$xdc_runtime_System_exit__E
   1003be69     000069d8     00004c78   boot.aem4f : boot.oem4f (.text)
                             00006504   release_pem4f.oem4f (.text:ti_sysbios_BIOS_exitFunc__I)
ti_sysbios_heaps_HeapMem_restore__E  $Tramp$TT$L$PI$$ti_sysbios_heaps_HeapMem_restore__E
   1003b69f     000069e0     00004b14   rom_sysbios.aem4f : rom_sysbios.obj (.text:ti_sysbios_heaps_HeapMem_initPrimary__I)
ti_sysbios_heaps_HeapMem_Object__get__S  $Tramp$TT$L$PI$$ti_sysbios_heaps_HeapMem_Object__get__S
   1003aed9     000069e8     00004ae4   rom_sysbios.aem4f : rom_sysbios.obj (.text:ti_sysbios_heaps_HeapMem_initPrimary__I)
ti_sysbios_BIOS_start__E  $Tramp$TT$L$PI$$ti_sysbios_BIOS_start__E
   1003b621     000069f0     000047ca   main_tirtos.obj (.text:main)
ti_sysbios_knl_Semaphore_post__E  $Tramp$TT$L$PI$$ti_sysbios_knl_Semaphore_post__E
   100399d1     000069f8     00003d0e   rom_sysbios.aem4f : rom_sysbios.obj (.text:_pthread_removeThreadKeys)
                             00004d18                     : rom_sysbios.obj (.text:pthread_exit)
                             000068ac   dpl_cc13x2_v1.aem4f : SemaphoreP_tirtos.oem4f (.text:SemaphoreP_post)
xdc_runtime_Memory_free__E  $Tramp$TT$L$PI$$xdc_runtime_Memory_free__E
   1003beb9     00006a00     00003d04   rom_sysbios.aem4f : rom_sysbios.obj (.text:_pthread_removeThreadKeys)
                             00005ce4                     : rom_sysbios.obj (.text:_pthread_delete$44)
ti_sysbios_knl_Queue_next__E  $Tramp$TT$L$PI$$ti_sysbios_knl_Queue_next__E
   1003b853     00006a08     00003cde   rom_sysbios.aem4f : rom_sysbios.obj (.text:_pthread_removeThreadKeys)
ti_sysbios_knl_Queue_head__E  $Tramp$TT$L$PI$$ti_sysbios_knl_Queue_head__E
   1003b84f     00006a10     00003cca   rom_sysbios.aem4f : rom_sysbios.obj (.text:_pthread_removeThreadKeys)
ti_sysbios_knl_Semaphore_pend__E  $Tramp$TT$L$PI$$ti_sysbios_knl_Semaphore_pend__E
   10039005     00006a18     00003cc4   rom_sysbios.aem4f : rom_sysbios.obj (.text:_pthread_removeThreadKeys)
                             00006624   dpl_cc13x2_v1.aem4f : SemaphoreP_tirtos.oem4f (.text:SemaphoreP_pend)
ti_sysbios_knl_Clock_scheduleNextTick__E  $Tramp$TT$L$PI$$ti_sysbios_knl_Clock_scheduleNextTick__E
   1003b3a1     00006a20     000039b8   rom_sysbios.aem4f : rom_sysbios.obj (.text:ti_sysbios_knl_Clock_workFuncDynamic__E)
ti_sysbios_knl_Clock_walkQueueDynamic__E  $Tramp$TT$L$PI$$ti_sysbios_knl_Clock_walkQueueDynamic__E
   10039879     00006a28     00003982   rom_sysbios.aem4f : rom_sysbios.obj (.text:ti_sysbios_knl_Clock_workFuncDynamic__E)
                             0000399c                     : rom_sysbios.obj (.text:ti_sysbios_knl_Clock_workFuncDynamic__E)
ti_sysbios_knl_Clock_TimerProxy_getCurrentTick__E  $Tramp$TT$L$PI$$ti_sysbios_knl_Clock_TimerProxy_getCurrentTick__E
   1003b651     00006a30     00003952   rom_sysbios.aem4f : rom_sysbios.obj (.text:ti_sysbios_knl_Clock_workFuncDynamic__E)
                             00005d2e                     : rom_sysbios.obj (.text:ti_sysbios_knl_Clock_getTicksUntilInterrupt__E)
ti_sysbios_knl_Task_restore__E  $Tramp$TT$L$PI$$ti_sysbios_knl_Task_restore__E
   1003ac5d     00006a38     0000375a   rom_sysbios.aem4f : rom_sysbios.obj (.text:ti_sysbios_knl_Task_setPri__E)
[...]
1003b631  ti_sysbios_knl_Task_SupportProxy_getStackAlignment__E__mangled__     
1003b641  ti_sysbios_hal_Hwi_HwiProxy_Object__create__S                        
1003b651  ti_sysbios_knl_Clock_TimerProxy_getCurrentTick__E                    
1003b661  ti_sysbios_knl_Clock_TimerProxy_getMaxTicks__E                       
1003b671  ti_sysbios_knl_Clock_TimerProxy_setNextTick__E                       
1003b681  ti_sysbios_knl_Task_self__E                                          
1003b691  ti_sysbios_gates_GateMutex_leave__E                                  
1003b69f  ti_sysbios_heaps_HeapMem_restore__E                                  
1003b6ad  ti_sysbios_knl_Queue_empty__E                                        
1003b6bb  ti_sysbios_knl_Queue_remove__E                                       
1003b6c9  ti_sysbios_family_arm_cc26xx_TimestampProvider_getFreq__E            
1003b6c9  xdc_runtime_Timestamp_SupportProxy_getFreq__E                        
1003b6c9  xdc_runtime_Timestamp_SupportProxy_getFreq__E__mangled__             
1003b6c9  xdc_runtime_Timestamp_getFreq__E                                     
1003b6c9  xdc_runtime_Timestamp_getFreq__E                                     
1003b6d5  ti_sysbios_family_arm_m3_Hwi_Params__init__S                         
1003b6d5  ti_sysbios_hal_Hwi_HwiProxy_Params__init__S                          
1003b6d5  ti_sysbios_hal_Hwi_HwiProxy_Params__init__S__mangled__               
1003b6e1  ti_sysbios_family_arm_m3_Hwi_disableFxn__E                           
1003b6ed  ti_sysbios_family_arm_m3_Hwi_enableFxn__E                            
1003b6f9  ti_sysbios_gates_GateHwi_enter__E                                    
1003b705  ti_sysbios_BIOS_RtsGateProxy_Params__init__S                         
1003b705  ti_sysbios_BIOS_RtsGateProxy_Params__init__S__mangled__              
1003b705  ti_sysbios_gates_GateMutex_Params__init__S                           
1003b705  ti_sysbios_heaps_HeapMem_Module_GateProxy_Params__init__S            
1003b705  ti_sysbios_heaps_HeapMem_Module_GateProxy_Params__init__S__mangled__ 
1003b711  ti_sysbios_knl_Clock_Params__init__S                                 
1003b71d  ti_sysbios_knl_Clock_getTimerHandle__E                               
1003b729  ti_sysbios_knl_Event_Params__init__S                                 
1003b735  ti_sysbios_knl_Mailbox_Params__init__S                               
1003b741  ti_sysbios_knl_Queue_dequeue__E                                      
1003b74d  ti_sysbios_knl_Queue_enqueue__E                                      
1003b759  ti_sysbios_knl_Semaphore_Params__init__S                             
1003b765  ti_sysbios_knl_Swi_Params__init__S                                   
1003b771  ti_sysbios_knl_Task_Params__init__S                                  
1003b77d  ti_sysbios_hal_Hwi_Instance_finalize__E                              
1003b787  ti_sysbios_knl_Event_Instance_init__E                                
1003b791  ti_sysbios_family_arm_m3_Hwi_doSwiRestore__I                         
1003b799  ti_sysbios_family_arm_m3_Hwi_startup__E                              
1003b799  ti_sysbios_hal_Hwi_HwiProxy_startup__E                               
1003b799  ti_sysbios_hal_Hwi_HwiProxy_startup__E__mangled__                    
1003b799  ti_sysbios_hal_Hwi_startup__E                                        
1003b799  ti_sysbios_hal_Hwi_startup__E                                        
1003b7a1  ti_sysbios_knl_Idle_loop__E                                          
1003b7a9  ti_sysbios_family_arm_m3_Hwi_doTaskRestore__I                        
1003b7af  HwiP_restore                                                         
1003b7af  ti_sysbios_family_arm_m3_Hwi_restoreFxn__E                           
1003b7b5  ti_sysbios_gates_GateHwi_leave__E                                    
1003b7bb  ti_sysbios_gates_GateMutex_Instance_finalize__E                      
1003b7c1  ti_sysbios_heaps_HeapMem_isBlocking__E                               
1003b7c7  ti_sysbios_knl_Queue_Instance_init__E                                
1003b7cd  ti_sysbios_knl_Queue_elemClear__E                                    
1003b7d3  ti_sysbios_knl_Swi_startup__E                                        
1003b7d9  ti_sysbios_knl_Task_enable__E                                        
1003b7df  ti_sysbios_BIOS_RtsGateProxy_enter__E                                
1003b7e3  ti_sysbios_BIOS_RtsGateProxy_leave__E                                
1003b7e7  ti_sysbios_family_arm_cc26xx_Timer_getExpiredTicks__E                
1003b7eb  ti_sysbios_family_arm_cc26xx_Timer_getPeriod__E                      
1003b7ef  ti_sysbios_family_arm_cc26xx_Timer_setPeriod__E                      
1003b7f3  ti_sysbios_family_arm_m3_Hwi_delete                                  
1003b7f7  ti_sysbios_family_arm_m3_Hwi_destruct                                
1003b7fb  ti_sysbios_family_arm_m3_TaskSupport_Module__startupDone__S          
1003b7fb  ti_sysbios_knl_Task_SupportProxy_Module__startupDone__S              
1003b7fb  ti_sysbios_knl_Task_SupportProxy_Module__startupDone__S__mangled__   
1003b7ff  ti_sysbios_gates_GateHwi_query__E                                    
1003b7ff  xdc_runtime_Main_Module_GateProxy_query__E                           
1003b7ff  xdc_runtime_System_Module_GateProxy_query__E                         
1003b7ff  xdc_runtime_System_Module_GateProxy_query__E__mangled__              
1003b803  ti_sysbios_gates_GateMutex_delete                                    
1003b807  ti_sysbios_gates_GateMutex_destruct                                  
1003b80b  ti_sysbios_BIOS_RtsGateProxy_query__E                                
1003b80b  ti_sysbios_BIOS_RtsGateProxy_query__E__mangled__                     
1003b80b  ti_sysbios_gates_GateMutex_query__E                                  
1003b80b  ti_sysbios_heaps_HeapMem_Module_GateProxy_query__E                   
1003b80b  ti_sysbios_heaps_HeapMem_Module_GateProxy_query__E__mangled__        
1003b80f  ti_sysbios_hal_Hwi_HwiProxy_delete                                   
1003b813  ti_sysbios_hal_Hwi_delete                                            
1003b817  ti_sysbios_heaps_HeapMem_Module_GateProxy_enter__E                   
1003b81b  ti_sysbios_heaps_HeapMem_Module_GateProxy_leave__E                   
1003b81f  ti_sysbios_knl_Clock_TimerProxy_getExpiredTicks__E                   
1003b823  ti_sysbios_knl_Clock_TimerProxy_getPeriod__E                         
1003b827  ti_sysbios_knl_Clock_delete                                          
1003b82b  ti_sysbios_knl_Clock_destruct                                        
1003b82f  ti_sysbios_knl_Clock_removeI__E                                      
1003b833  ti_sysbios_knl_Clock_setTimeout__E                                   
1003b837  ti_sysbios_knl_Event_delete                                          
1003b83b  ti_sysbios_knl_Event_destruct                                        
1003b83f  ti_sysbios_knl_Mailbox_delete                                        
1003b843  ti_sysbios_knl_Mailbox_destruct                                      
1003b847  ti_sysbios_knl_Queue_delete                                          
1003b84b  ti_sysbios_knl_Queue_destruct                                        
1003b84f  ti_sysbios_knl_Queue_head__E                                         
1003b853  ti_sysbios_knl_Queue_next__E                                         
1003b857  ti_sysbios_knl_Semaphore_delete                                      
1003b85b  ti_sysbios_knl_Semaphore_destruct                                    
1003b85f  ti_sysbios_knl_Swi_delete                                            
1003b863  ti_sysbios_knl_Swi_destruct                                          
1003b867  ti_sysbios_knl_Swi_postInit__I                                       
1003b86b  ti_sysbios_knl_Task_delete                                           
1003b86f  ti_sysbios_knl_Task_destruct                                         
1003b873  ti_sysbios_knl_Task_startup__E                                       
1003b879  xdc_runtime_Startup_startMods__I                                     
1003ba31  xdc_runtime_Core_createObject__I                                     
1003bab1  xdc_runtime_Memory_alloc__E                                          
1003bb21  xdc_runtime_Core_deleteObject__I                                     
1003bb7f  xdc_runtime_Error_policySpin__E                                      
1003bb81  xdc_runtime_Assert_raise__I                                          
1003bbd5  xdc_runtime_Startup_exec__E                                          
1003bc29  xdc_runtime_System_atexit__E                                         
1003bc75  xdc_runtime_Core_assignParams__I                                     
1003bcbd  xdc_runtime_Core_constructObject__I                                  
1003bd4d  xdc_runtime_System_processAtExit__E                                  
1003bd8d  xdc_runtime_Core_assignLabel__I                                      
1003bdbd  xdc_runtime_Text_cordText__E                                         
1003bde9  xdc_runtime_System_abort__E                                          
1003be11  xdc_runtime_Error_raiseX__E                                          
1003be31  xdc_runtime_Error_check__E                                           
1003be4d  xdc_runtime_Memory_valloc__E                                         
1003be69  xdc_runtime_System_exit__E                                           
1003be85  xdc_runtime_Text_ropeText__E                                         
1003bea1  xdc_runtime_Core_destructObject__I                                   
1003beb9  xdc_runtime_Memory_free__E                                           
1003becd  xdc_runtime_SysCallback_abort__E                                     
1003becd  xdc_runtime_System_SupportProxy_abort__E                             
1003bee1  xdc_runtime_SysCallback_exit__E                                      
1003bee1  xdc_runtime_System_SupportProxy_exit__E                              
1003bef5  xdc_runtime_Memory_getMaxDefaultTypeAlign__E                         
1003bf35  xdc_runtime_Timestamp_SupportProxy_get32__E                          
1003bf35  xdc_runtime_Timestamp_get32__E                                       
1003bf35  xdc_runtime_Timestamp_get32__E                                       
1003bf51  xdc_runtime_Memory_calloc__E                                         
1003bf5d  xdc_runtime_Startup_rtsDone__E                                       
1003bf69  xdc_runtime_Memory_HeapProxy_alloc__E                                
1003bf73  xdc_runtime_Memory_HeapProxy_free__E                                 
1003bf7d  xdc_runtime_Gate_leaveSystem__E                                      
1003bf83  xdc_runtime_System_Module_startup__E                                 
1003bf89  xdc_runtime_Gate_enterSystem__E                                      
1003bf8d  xdc_runtime_SysCallback_Module__startupDone__S                       
1003bf8d  xdc_runtime_System_SupportProxy_Module__startupDone__S               
1003bf91  xdc_runtime_System_Module_GateProxy_enter__E                         
1003bf95  xdc_runtime_System_Module_GateProxy_leave__E                         
1003bf99  xdc_runtime_System_abortSpin__E                                      
1003bf9b  xdc_runtime_System_exitSpin__E                                       
1003bf9d  ti_sysbios_family_arm_m3_Hwi_dispatch__I                             
1003c095  ti_sysbios_family_arm_m3_TaskSupport_buildTaskStack                  
1003c121  ti_sysbios_family_arm_m3_Hwi_initStacks__E                           
1003c179  ti_sysbios_family_arm_m3_Hwi_pendSV__I                               
1003c19d  ti_sysbios_family_arm_m3_Hwi_return                                  
1003c1a1  ti_sysbios_family_arm_m3_Hwi_excHandlerAsm__I                        
1003c1c1  ti_sysbios_family_xxx_Hwi_switchAndRunFunc                           
1003c1df  ti_sysbios_family_arm_m3_TaskSupport_swap__E                         
1003c1df  ti_sysbios_knl_Task_SupportProxy_swap__E                             
1003c1df  ti_sysbios_knl_Task_SupportProxy_swap__E__mangled__                  
1003c1eb  ti_sysbios_knl_Task_swapReturn                                       
1003c1f7  ti_sysbios_family_arm_m3_TaskSupport_glue                            
1003c208  ti_sysbios_knl_Task_Object__PARAMS__C                                
1003c244  ti_sysbios_knl_Mailbox_Object__PARAMS__C                             
1003c278  ti_sysbios_family_arm_m3_Hwi_Object__PARAMS__C                       
1003c2a8  ti_sysbios_hal_Hwi_Object__PARAMS__C                                 
1003c2d4  ti_sysbios_knl_Swi_Object__PARAMS__C                                 
1003c2fc  ti_sysbios_heaps_HeapMem_Object__PARAMS__C                           
1003c320  ti_sysbios_knl_Clock_Object__PARAMS__C                               
1003c344  ti_sysbios_knl_Semaphore_Object__PARAMS__C                           
1003c368  ti_sysbios_gates_GateHwi_Object__PARAMS__C                           
1003c380  ti_sysbios_gates_GateMutex_Object__PARAMS__C                         
1003c398  ti_sysbios_knl_Event_Object__PARAMS__C                               
1003c3b0  ti_sysbios_knl_Queue_Object__PARAMS__C                               
20000000  ti_sysbios_family_arm_m3_Hwi_ramVectors                              
20000100  xdcRomConstPtr                                                       
20000104  xdcRomExternFuncPtr                                                  
20000108  xdcRomStatePtr                                                       
20000110  __primary_heap_start__                                               
20001110  __primary_heap_end__                                                 
20001110  uartCC26XXObjects                                                    
20001360  ti_sysbios_knl_Task_Instance_State_0_stack__A                        
20001720  ti_sysbios_family_arm_m3_Hwi_dispatchTable                           
20001940  pinHandleTable                                                       
20001a80  uartCC26XXRingBuffer                                                 
20001d30  displayUartObject                                                    
20001d44  ClockP_tickPeriod                                                    
20001d48  PowerCC26XX_swiKey                                                   
20001d4c  PowerCC26XX_taskKey                                                  
20001d50  readEntry                                                            
20001d54  driverlib_release_0_52354                                            
20001d58  ROM_stateStruct                                                      
20001d58  ti_sysbios_knl_Clock_Module__state__V                                
20001d84  ti_sysbios_family_arm_cc26xx_TimestampProvider_Module__state__V      
20001d88  xdc_runtime_Startup_Module__state__V                                 
20001d90  ti_sysbios_BIOS_Module__state__V                                     
20001db4  ti_sysbios_knl_Swi_Module__state__V                                  
20001dd0  ti_sysbios_knl_Task_Module__state__V                                 
20001e14  xdc_runtime_Memory_Module__state__V                                  
20001e18  xdc_runtime_System_Module__state__V                                  
20001e20  ti_sysbios_family_arm_m3_Hwi_Module__state__V                        
20001e54  xdc_runtime_Error_Module__state__V                                   
20001e58  ti_sysbios_family_arm_cc26xx_Timer_Module__state__V                  
20001e60  PowerCC26X2_module                                                   
20001fb0  pOverrides                                                           
20002010  ti_sysbios_gates_GateMutex_Object__table__V                          
20002064  ti_sysbios_knl_Task_Object__table__V                                 
200020b0  ti_sysbios_family_arm_cc26xx_Timer_Object__table__V                  
200020f8  ti_sysbios_knl_Swi_Module_State_0_readyQ__A                          
20002128  ti_sysbios_knl_Swi_Object__table__V                                  
20002158  ti_sysbios_knl_Task_Module_State_0_readyQ__A                         
20002188  RF_cmdPropRadioDivSetup                                              
200021b0  RF_cmdPropRx                                                         
200021d4  ti_sysbios_knl_Clock_Object__table__V                                
200021f4  xdc_runtime_Error_IgnoreBlock                                        
20002214  RF_cmdFs                                                             
2000222c  ti_sysbios_family_arm_m3_Hwi_Object__table__V                        
20002244  ti_sysbios_heaps_HeapMem_Object__table__V                            
2000225c  RF_prop                                                              
2000226c  pinTable                                                             
20002278  _lock                                                                
2000227c  _unlock                                                              
20002280  pinUpperBound                                                        
20002284  pinLowerBound                                                        
20002288  ti_sysbios_family_arm_m3_Hwi_Module__root__V                         
20002290  ti_sysbios_gates_GateHwi_Module__root__V                             
20002298  ti_sysbios_gates_GateMutex_Module__root__V                           
200022a0  ti_sysbios_hal_Hwi_Module__root__V                                   
200022a8  ti_sysbios_heaps_HeapMem_Module__root__V                             
200022b0  ti_sysbios_knl_Clock_Module__root__V                                 
200022b8  ti_sysbios_knl_Event_Module__root__V                                 
200022c0  ti_sysbios_knl_Mailbox_Module__root__V                               
200022c8  ti_sysbios_knl_Queue_Module__root__V                                 
200022d0  ti_sysbios_knl_Semaphore_Module__root__V                             
200022d8  ti_sysbios_knl_Swi_Module__root__V                                   
200022e0  ti_sysbios_knl_Task_Module__root__V                                  
200022e8  xdc_runtime_System_Module_State_0_atexitHandlers__A                  
200022f0  main_func_sp                                                         
200022f4  ti_sysbios_family_arm_m3_Hwi_Module_State_0_excContext__A            
200022f8  ti_sysbios_family_arm_m3_Hwi_Module_State_0_excStack__A              
200022fc  ti_sysbios_knl_Task_Module_State_0_idleTask__A                       
20002300  ti_sysbios_family_arm_m3_Hwi_Module_State_0_excActive__A             
20013c00  __stack                                                              
20014000  __STACK_END                                                          
e000e000  ti_sysbios_family_arm_m3_Hwi_nvic                                    
ffffffff  __TI_pprof_out_hndl                                                  
ffffffff  __TI_prof_data_size                                                  
ffffffff  __TI_prof_data_start                                                 
ffffffff  __binit__                                                            
ffffffff  __c_args__                                                           
ffffffff  binit                                                                
UNDEFED   SHT$$INIT_ARRAY$$Base                                                
UNDEFED   SHT$$INIT_ARRAY$$Limit                                               

[863 symbols]
