******************************************************************************
                  TI ARM Linker PC v18.12.1                    
******************************************************************************
>> Linked Mon Mar 25 14:27:07 2019

OUTPUT FILE NAME:   <sensor_rfPacketRx_CC1352R1_LAUNCHXL_tirtos_ccs.out>
ENTRY POINT SYMBOL: "ResetISR"  address: 0000412d


MEMORY CONFIGURATION

         name            origin    length      used     unused   attr    fill
----------------------  --------  ---------  --------  --------  ----  --------
  FLASH                 00000000   00058000  00007ae8  00050518  R  X
  GPRAM                 11000000   00002000  00000000  00002000  RW X
  SRAM                  20000000   00014000  00002645  000119bb  RW X


SEGMENT ALLOCATION MAP

run origin  load origin   length   init length attrs members
----------  ----------- ---------- ----------- ----- -------
00000000    00000000    00007a90   00007a90    r-x
  00000000    00000000    0000003c   0000003c    r-- .resetVecs
  0000003c    0000003c    00005cb0   00005cb0    r-x .text
  00005cec    00005cec    00001b14   00001b14    r-- .const
  00007800    00007800    00000290   00000290    r-- .cinit
00057fa8    00057fa8    00000058   00000058    r--
  00057fa8    00057fa8    00000058   00000058    r-- .ccfg
20000100    20000100    0000000c   00000000    rw-
  20000100    20000100    00000004   00000000    rw- .data:xdcRomConstPtr
  20000104    20000104    00000004   00000000    rw- .data:xdcRomExternFuncPtr
  20000108    20000108    00000004   00000000    rw- .data:xdcRomStatePtr
20000110    20000110    00001000   00000000    r--
  20000110    20000110    00001000   00000000    r-- .priheap
20001110    20001110    00001164   00000000    rw-
  20001110    20001110    00000bb5   00000000    rw- .bss
  20001cc8    20001cc8    000005ac   00000000    rw- .data
20013c00    20013c00    00000400   00000000    rw-
  20013c00    20013c00    00000400   00000000    rw- .stack


SECTION ALLOCATION MAP

 output                                  attributes/
section   page    origin      length       input sections
--------  ----  ----------  ----------   ----------------
.binit     0    00000000    00000000     

.cinit     0    00007800    00000290     
                  00007800    00000235     (.cinit..data.load) [load image, compression = lzss]
                  00007a35    00000003     --HOLE-- [fill = 0]
                  00007a38    0000000c     (__TI_handler_table)
                  00007a44    00000004     --HOLE-- [fill = 0]
                  00007a48    00000008     (.cinit..bss.load) [load image, compression = zero_init]
                  00007a50    00000008     (.cinit..data:xdcRomConstPtr.load) [load image, compression = lzss]
                  00007a58    00000008     (.cinit..data:xdcRomExternFuncPtr.load) [load image, compression = lzss]
                  00007a60    00000008     (.cinit..data:xdcRomStatePtr.load) [load image, compression = lzss]
                  00007a68    00000028     (__TI_cinit_table)

.init_array 
*          0    00000000    00000000     UNINITIALIZED

.ccfg      0    00057fa8    00000058     
                  00057fa8    00000058     ccfg.obj (.ccfg:retain)

.bss       0    20001110    00000bb5     UNINITIALIZED
                  20001110    00000250     (.common:uartCC26XXObjects)
                  20001360    00000200     release_pem4f.oem4f (.bss:taskStackSection)
                  20001560    000001c0     rf_multiMode_cc13x2_v1.aem4f : RFCC26X2_multiMode.oem4f (.bss:RF_cmdPool)
                  20001720    000000d8     (.common:ti_sysbios_family_arm_m3_Hwi_dispatchTable)
                  200017f8    000000c8     rfPacketRx.obj (.bss:rfObject)
                  200018c0    0000007c     (.common:pinHandleTable)
                  2000193c    00000004     drivers_cc13x2_v1.aem4f : PINCC26XX.oem4f (.bss)
                  20001940    00000068     rf_multiMode_cc13x2_v1.aem4f : RFCC26X2_multiMode.oem4f (.bss:RF_ratModule)
                  200019a8    00000058     rfPacketRx.obj (.bss:rxDataEntryBuffer)
                  20001a00    00000040     (.common:uartCC26XXRingBuffer)
                  20001a40    00000034     rf_multiMode_cc13x2_v1.aem4f : RFCC26X2_multiMode.oem4f (.bss:RF_swiFsmObj)
                  20001a74    00000034                                  : RFCC26X2_multiMode.oem4f (.bss:RF_swiHwObj)
                  20001aa8    00000034     drivers_cc13x2_v1.aem4f : PINCC26XX.oem4f (.bss:pinSwi)
                  20001adc    00000030     rf_multiMode_cc13x2_v1.aem4f : RFCC26X2_multiMode.oem4f (.bss:RF_Sch)
                  20001b0c    00000024                                  : RFCC26X2_multiMode.oem4f (.bss:RF_clkPowerUpObj)
                  20001b30    00000024     rfPacketRx.obj (.bss:uartParams)
                  20001b54    00000020     rf_multiMode_cc13x2_v1.aem4f : RFCC26X2_multiMode.oem4f (.bss:RF_cmdQ)
                  20001b74    00000020     rfPacketRx.obj (.bss:packet)
                  20001b94    00000020     drivers_cc13x2_v1.aem4f : PINCC26XX.oem4f (.bss:pinGpioConfigTable)
                  20001bb4    0000001c     rf_multiMode_cc13x2_v1.aem4f : RFCC26X2_multiMode.oem4f (.bss:RF_hwiCpe0Obj)
                  20001bd0    0000001c                                  : RFCC26X2_multiMode.oem4f (.bss:RF_hwiHwObj)
                  20001bec    0000001c     drivers_cc13x2_v1.aem4f : PINCC26XX.oem4f (.bss:pinHwi)
                  20001c08    0000001c                             : PINCC26XX.oem4f (.bss:pinSemaphore)
                  20001c24    00000018     rfPacketRx.obj (.bss)
                  20001c3c    00000016     rf_multiMode_cc13x2_v1.aem4f : RFCC26X2_multiMode.oem4f (.bss)
                  20001c52    00000002     drivers_cc13x2_v1.aem4f : UARTCC26XX.oem4f (.bss)
                  20001c54    00000014     rf_multiMode_cc13x2_v1.aem4f : RFCC26X2_multiMode.oem4f (.bss:RF_ratSyncCmd)
                  20001c68    00000014                                  : RFCC26X2_multiMode.oem4f (.bss:RF_wakeupNotifyObj)
                  20001c7c    00000014     driverlib.lib : osc.obj (.bss:oscHfGlobals)
                  20001c90    00000010     rf_multiMode_cc13x2_v1.aem4f : RFCC26X2_multiMode.oem4f (.bss:RF_core)
                  20001ca0    0000000c     rfPacketRx.obj (.bss:ledPinState)
                  20001cac    00000008     rfPacketRx.obj (.bss:dataQueue)
                  20001cb4    00000004     (.common:ClockP_tickPeriod)
                  20001cb8    00000004     (.common:PowerCC26XX_swiKey)
                  20001cbc    00000004     (.common:PowerCC26XX_taskKey)
                  20001cc0    00000004     (.common:readEntry)
                  20001cc4    00000001     (.common:driverlib_release_0_52354)

.data      0    20001cc8    000005ac     UNINITIALIZED
                  20001cc8    00000108     release_pem4f.oem4f (.data:ROM_stateStruct)
                  20001dd0    000000c8     drivers_cc13x2_v1.aem4f : PowerCC26X2.oem4f (.data:PowerCC26X2_module)
                  20001e98    00000088     rom_sysbios.aem4f : rom_sysbios.obj (.data:$O1$$)
                  20001f20    00000060     smartrf_settings.obj (.data:pOverrides)
                  20001f80    00000054     release_pem4f.oem4f (.data:ti_sysbios_gates_GateMutex_Object__table__V)
                  20001fd4    0000004c     release_pem4f.oem4f (.data:ti_sysbios_knl_Task_Object__table__V)
                  20002020    00000048     release_pem4f.oem4f (.data:ti_sysbios_family_arm_cc26xx_Timer_Object__table__V)
                  20002068    00000030     release_pem4f.oem4f (.data:ti_sysbios_knl_Swi_Module_State_0_readyQ__A)
                  20002098    00000030     release_pem4f.oem4f (.data:ti_sysbios_knl_Swi_Object__table__V)
                  200020c8    00000030     release_pem4f.oem4f (.data:ti_sysbios_knl_Task_Module_State_0_readyQ__A)
                  200020f8    00000028     smartrf_settings.obj (.data:RF_cmdPropRadioDivSetup)
                  20002120    00000024     smartrf_settings.obj (.data:RF_cmdPropRx)
                  20002144    00000020     release_pem4f.oem4f (.data:ti_sysbios_knl_Clock_Object__table__V)
                  20002164    00000020     release_pem4f.oem4f (.data:xdc_runtime_Error_IgnoreBlock)
                  20002184    00000018     smartrf_settings.obj (.data:RF_cmdFs)
                  2000219c    00000018     release_pem4f.oem4f (.data:ti_sysbios_family_arm_m3_Hwi_Object__table__V)
                  200021b4    00000018     release_pem4f.oem4f (.data:ti_sysbios_heaps_HeapMem_Object__table__V)
                  200021cc    00000010     smartrf_settings.obj (.data:RF_prop)
                  200021dc    0000000c     rfPacketRx.obj (.data:pinTable)
                  200021e8    00000008     rtsv7M4_T_le_v4SPD16_eabi.lib : _lock.c.obj (.data:$O1$$)
                  200021f0    00000008     drivers_cc13x2_v1.aem4f : PINCC26XX.oem4f (.data)
                  200021f8    00000008     release_pem4f.oem4f (.data:ti_sysbios_family_arm_m3_Hwi_Module__root__V)
                  20002200    00000008     release_pem4f.oem4f (.data:ti_sysbios_gates_GateHwi_Module__root__V)
                  20002208    00000008     release_pem4f.oem4f (.data:ti_sysbios_gates_GateMutex_Module__root__V)
                  20002210    00000008     release_pem4f.oem4f (.data:ti_sysbios_hal_Hwi_Module__root__V)
                  20002218    00000008     release_pem4f.oem4f (.data:ti_sysbios_heaps_HeapMem_Module__root__V)
                  20002220    00000008     release_pem4f.oem4f (.data:ti_sysbios_knl_Clock_Module__root__V)
                  20002228    00000008     release_pem4f.oem4f (.data:ti_sysbios_knl_Event_Module__root__V)
                  20002230    00000008     release_pem4f.oem4f (.data:ti_sysbios_knl_Mailbox_Module__root__V)
                  20002238    00000008     release_pem4f.oem4f (.data:ti_sysbios_knl_Queue_Module__root__V)
                  20002240    00000008     release_pem4f.oem4f (.data:ti_sysbios_knl_Semaphore_Module__root__V)
                  20002248    00000008     release_pem4f.oem4f (.data:ti_sysbios_knl_Swi_Module__root__V)
                  20002250    00000008     release_pem4f.oem4f (.data:ti_sysbios_knl_Task_Module__root__V)
                  20002258    00000008     release_pem4f.oem4f (.data:xdc_runtime_System_Module_State_0_atexitHandlers__A)
                  20002260    00000004     rtsv7M4_T_le_v4SPD16_eabi.lib : stkdepth_vars.c.obj (.data)
                  20002264    00000004     release_pem4f.oem4f (.data:ti_sysbios_family_arm_m3_Hwi_Module_State_0_excContext__A)
                  20002268    00000004     release_pem4f.oem4f (.data:ti_sysbios_family_arm_m3_Hwi_Module_State_0_excStack__A)
                  2000226c    00000004     release_pem4f.oem4f (.data:ti_sysbios_knl_Task_Module_State_0_idleTask__A)
                  20002270    00000002     release_pem4f.oem4f (.data:ti_sysbios_family_arm_m3_Hwi_Module_State_0_excActive__A)
                  20002272    00000001     drivers_cc13x2_v1.aem4f : UART.oem4f (.data)
                  20002273    00000001     smartrf_settings.obj (.data)

.stack     0    20013c00    00000400     UNINITIALIZED
                  20013c00    00000400     --HOLE--

.priheap   0    20000110    00001000     UNINITIALIZED
                  20000110    00001000     --HOLE--

.data:xdcRomConstPtr 
*          0    20000100    00000004     UNINITIALIZED
                  20000100    00000004     release_pem4f.oem4f (.data:xdcRomConstPtr)

.data:xdcRomExternFuncPtr 
*          0    20000104    00000004     UNINITIALIZED
                  20000104    00000004     release_pem4f.oem4f (.data:xdcRomExternFuncPtr)

.data:xdcRomStatePtr 
*          0    20000108    00000004     UNINITIALIZED
                  20000108    00000004     release_pem4f.oem4f (.data:xdcRomStatePtr)

.bootVecs 
*          0    00000000    00000008     DSECT
                  00000000    00000008     boot.aem4f : boot.oem4f (.bootVecs)

.resetVecs 
*          0    00000000    0000003c     
                  00000000    0000003c     release_pem4f.oem4f (.resetVecs)

.vecs      0    20000000    000000d8     NOLOAD SECTION
                  20000000    000000d8     release_pem4f.oem4f (.vecs)

xdc.meta   0    00000000    000000fe     COPY SECTION
                  00000000    000000fe     release_pem4f.oem4f (xdc.meta)

xdc.noload 
*          0    00000000    00000000     COPY SECTION

.text      0    0000003c    00005cb0     
                  0000003c    00000300     rf_multiMode_cc13x2_v1.aem4f : RFCC26X2_multiMode.oem4f (.text:RF_fsmActiveState)
                  0000033c    000001f4     rfPacketRx.obj (.text:mainThread)
                  00000530    000001c0     drivers_cc13x2_v1.aem4f : PINCC26XX.oem4f (.text:PIN_init)
                  000006f0    000001a4                             : PowerCC26X2.oem4f (.text:Power_sleep)
                  00000894    00000194                             : PowerCC26X2_calibrateRCOSC.oem4f (.text:runCalibrateFsm)
                  00000a28    0000015c                             : UARTCC26XX.oem4f (.text:UARTCC26XX_open)
                  00000b84    0000015c                             : PowerCC26X2_calibrateRCOSC.oem4f (.text:calibrateRcoscHf1)
                  00000ce0    00000154                             : UARTCC26XX.oem4f (.text:UARTCC26XX_hwiIntFxn)
                  00000e34    00000148     driverlib.lib : setup.obj (.text:TrimAfterColdResetWakeupFromShutDown)
                  00000f7c    00000138     drivers_cc13x2_v1.aem4f : UARTCC26XX.oem4f (.text:UARTCC26XX_read)
                  000010b4    00000130                             : PowerCC26X2.oem4f (.text:Power_init)
                  000011e4    00000124     rf_multiMode_cc13x2_v1.aem4f : RFCC26X2_multiMode.oem4f (.text:RF_init)
                  00001308    00000120                                  : RFCC26X2_multiMode.oem4f (.text:RF_fsmSetupState)
                  00001428    00000118     driverlib.lib : sys_ctrl.obj (.text:NOROM_SysCtrlStandby)
                  00001540    00000118     rf_multiMode_cc13x2_v1.aem4f : RFCC26X2_multiMode.oem4f (.text:RF_decodeOverridePointers)
                  00001658    00000118                                  : RFCC26X2_multiMode.oem4f (.text:RF_radioOpDoneCb)
                  00001770    00000114     smartrf_settings.obj (.text:rf_patch_mce_genfsk)
                  00001884    00000108     rf_multiMode_cc13x2_v1.aem4f : RFCC26X2_multiMode.oem4f (.text:RF_fsmChangePhyState)
                  0000198c    00000104                                  : RFCC26X2_multiMode.oem4f (.text:RF_open)
                  00001a90    00000104     drivers_cc13x2_v1.aem4f : UARTCC26XX.oem4f (.text:UARTCC26XX_write)
                  00001b94    00000100     rf_multiMode_cc13x2_v1.aem4f : RFCC26X2_multiMode.oem4f (.text:RF_fsmPowerUpState)
                  00001c94    000000fc     rfPacketRx.obj (.text:callback)
                  00001d90    000000f0     rf_multiMode_cc13x2_v1.aem4f : RFCC26X2_multiMode.oem4f (.text:RF_pendCmd)
                  00001e80    000000e4     rom_sysbios.aem4f : rom_sysbios.obj (.text:pthread_create)
                  00001f64    000000e0     drivers_cc13x2_v1.aem4f : PINCC26XX.oem4f (.text:PINCC26XX_setIoCfg)
                  00002044    000000e0     RFQueue.obj (.text:RFQueue_defineQueue)
                  00002124    000000e0     rf_multiMode_cc13x2_v1.aem4f : RFCC26X2_multiMode.oem4f (.text:RF_hwiCpe0Active)
                  00002204    000000d8                                  : RFCC26X2_multiMode.oem4f (.text:RF_dispatchNextCmd)
                  000022dc    000000d6                                  : RFCC26X2_multiMode.oem4f (.text:RF_updatePaConfiguration)
                  000023b2    00000002     driverlib.lib : rfc.obj (.text:NOROM_RFCCpePatchReset)
                  000023b4    000000d4     rf_multiMode_cc13x2_v1.aem4f : RFCC26X2_multiMode.oem4f (.text:RF_swiHw)
                  00002488    000000c8     drivers_cc13x2_v1.aem4f : PowerCC26X2.oem4f (.text:Power_releaseDependency)
                  00002550    000000c4                             : PowerCC26X2.oem4f (.text:Power_setDependency)
                  00002614    000000c4     smartrf_settings.obj (.text:rf_patch_rfe_genfsk)
                  000026d8    000000c0     drivers_cc13x2_v1.aem4f : UARTCC26XX.oem4f (.text:UARTCC26XX_initIO)
                  00002798    000000b8                             : UARTCC26XX.oem4f (.text:UARTCC26XX_initHw)
                  00002850    000000b4     dpl_cc13x2_v1.aem4f : PowerCC26X2_tirtos.oem4f (.text:PowerCC26XX_standbyPolicy)
                  00002904    000000b0     rf_multiMode_cc13x2_v1.aem4f : RFCC26X2_multiMode.oem4f (.text:RF_corePowerDown)
                  000029b4    000000b0     smartrf_settings.obj (.text:configurePropPatch)
                  00002a64    000000ac     rf_multiMode_cc13x2_v1.aem4f : RFCC26X2_multiMode.oem4f (.text:RF_initRadioSetup)
                  00002b10    000000a8     CC1352R1_LAUNCHXL_fxns.obj (.text:rfDriverCallback)
                  00002bb8    000000a0     rf_multiMode_cc13x2_v1.aem4f : RFCC26X2_multiMode.oem4f (.text:RF_postCmd)
                  00002c58    000000a0     drivers_cc13x2_v1.aem4f : UARTCC26XX.oem4f (.text:UARTCC26XX_writeCancel)
                  00002cf8    000000a0     auto_init.aem4f : auto_init.oem4f (.text)
                  00002d98    000000a0     rom_sysbios.aem4f : rom_sysbios.obj (.text:ti_sysbios_knl_Task_setPri__E)
                  00002e38    0000009c     drivers_cc13x2_v1.aem4f : UARTCC26XX.oem4f (.text:UARTCC26XX_swiIntFxn)
                  00002ed4    0000009c     rtsv7M4_T_le_v4SPD16_eabi.lib : memcpy_t2.asm.obj (.text)
                  00002f70    00000098     driverlib.lib : setup.obj (.text:NOROM_SetupTrimDevice)
                  00003008    00000098     rom_sysbios.aem4f : rom_sysbios.obj (.text:ti_sysbios_knl_Clock_workFuncDynamic__E)
                  000030a0    00000096     rtsv7M4_T_le_v4SPD16_eabi.lib : ull_div_t2.asm.obj (.text)
                  00003136    00000002     rf_multiMode_cc13x2_v1.aem4f : RFCC26X2_multiMode.oem4f (.text:RF_defaultCallback)
                  00003138    00000094     drivers_cc13x2_v1.aem4f : PINCC26XX.oem4f (.text:PIN_open)
                  000031cc    00000090                             : UARTCC26XX.oem4f (.text:writeTxFifoFlush)
                  0000325c    00000088     driverlib.lib : osc.obj (.text:NOROM_OSCHF_AttemptToSwitchToXosc)
                  000032e4    00000088     rf_multiMode_cc13x2_v1.aem4f : RFCC26X2_multiMode.oem4f (.text:RF_ratFreeChannel)
                  0000336c    00000088     rom_sysbios.aem4f : rom_sysbios.obj (.text:_pthread_removeThreadKeys)
                  000033f4    00000088     drivers_cc13x2_v1.aem4f : PowerCC26X2_calibrateRCOSC.oem4f (.text:calibrateRcoscHf2)
                  0000347c    00000084     CC1352R1_LAUNCHXL_fxns.obj (.text:CC1352R1_LAUNCHXL_sendExtFlashByte)
                  00003500    00000084     rf_multiMode_cc13x2_v1.aem4f : RFCC26X2_multiMode.oem4f (.text:RF_hwiHw)
                  00003584    00000084     drivers_cc13x2_v1.aem4f : UARTCC26XX.oem4f (.text:UARTCC26XX_close)
                  00003608    00000080     driverlib.lib : setup_rom.obj (.text:NOROM_SetupStepVddrTrimTo)
                  00003688    00000080     rom_sysbios.aem4f : rom_sysbios.obj (.text:ti_sysbios_family_arm_cc26xx_Timer_start__E)
                  00003708    0000007c     drivers_cc13x2_v1.aem4f : PowerCC26X2_calibrateRCOSC.oem4f (.text:updateSubSecInc)
                  00003784    0000007a     rtsv7M4_T_le_v4SPD16_eabi.lib : memset_t2.asm.obj (.text)
                  000037fe    00000002                                   : _lock.c.obj (.text:_nop)
                  00003800    00000078     rf_multiMode_cc13x2_v1.aem4f : RFCC26X2_multiMode.oem4f (.text:RF_ratDispatchTime)
                  00003878    00000074     drivers_cc13x2_v1.aem4f : PowerCC26X2_calibrateRCOSC.oem4f (.text:PowerCC26X2_auxISR)
                  000038ec    00000074     rf_multiMode_cc13x2_v1.aem4f : RFCC26X2_multiMode.oem4f (.text:RF_issueRadioFreeCb)
                  00003960    00000072                                  : RFCC26X2_multiMode.oem4f (.text:RF_detachOverrides)
                  000039d2    00000070     driverlib.lib : rfc.obj (.text:NOROM_RFCAnaDivTxOverride)
                  00003a42    0000006e     rf_multiMode_cc13x2_v1.aem4f : RFCC26X2_multiMode.oem4f (.text:RF_attachOverrides)
                  00003ab0    0000006c     driverlib.lib : setup_rom.obj (.text:NOROM_SetupAfterColdResetWakeupFromShutDownCfg1)
                  00003b1c    0000006c     drivers_cc13x2_v1.aem4f : UARTCC26XX.oem4f (.text:UARTCC26XX_readCancel)
                  00003b88    00000068     driverlib.lib : osc.obj (.text:NOROM_OSCHF_SwitchToRcOscTurnOffXosc)
                  00003bf0    00000068     rf_multiMode_cc13x2_v1.aem4f : RFCC26X2_multiMode.oem4f (.text:RF_getCurrentTime)
                  00003c58    00000068     rtsv7M4_T_le_v4SPD16_eabi.lib : copy_decompress_lzss.c.obj (.text:decompress:lzss:__TI_decompress_lzss)
                  00003cc0    00000068     main_tirtos.obj (.text:main)
                  00003d28    00000066     rf_multiMode_cc13x2_v1.aem4f : RFCC26X2_multiMode.oem4f (.text:RF_syncCb)
                  00003d8e    00000002     drivers_cc13x2_v1.aem4f : PowerCC26X2.oem4f (.text:emptyClockFunc)
                  00003d90    00000064                             : UARTCC26XX.oem4f (.text:UARTCC26XX_control)
                  00003df4    00000060     rf_multiMode_cc13x2_v1.aem4f : RFCC26X2_multiMode.oem4f (.text:RF_ratArmChannel)
                  00003e54    0000005c     drivers_cc13x2_v1.aem4f : PINCC26XX.oem4f (.text:PIN_remove)
                  00003eb0    0000005c     rf_multiMode_cc13x2_v1.aem4f : RFCC26X2_multiMode.oem4f (.text:RF_dispatchNextEvent)
                  00003f0c    0000005c                                  : RFCC26X2_multiMode.oem4f (.text:RF_fsmXOSCState)
                  00003f68    0000005c                                  : RFCC26X2_multiMode.oem4f (.text:RF_hwiCpe0PowerFsm)
                  00003fc4    0000005c     rom_sysbios.aem4f : rom_sysbios.obj (.text:ti_sysbios_heaps_HeapMem_initPrimary__I)
                  00004020    0000005c     release_pem4f.oem4f (.text:xdc_runtime_Startup_getState__I)
                  0000407c    00000058     drivers_cc13x2_v1.aem4f : PowerCC26X2_calibrateRCOSC.oem4f (.text:PowerCC26X2_initiateCalibration)
                  000040d4    00000058     rf_multiMode_cc13x2_v1.aem4f : RFCC26X2_multiMode.oem4f (.text:RF_cmdDispatchTime)
                  0000412c    00000058     boot.aem4f : boot.oem4f (.text)
                  00004184    00000058     drivers_cc13x2_v1.aem4f : PowerCC26X2.oem4f (.text:disableLFClockQualifiers)
                  000041dc    00000058     rom_sysbios.aem4f : rom_sysbios.obj (.text:pthread_exit)
                  00004234    00000050     dpl_cc13x2_v1.aem4f : ClockP_tirtos.oem4f (.text:ClockP_construct)
                  00004284    00000050     driverlib.lib : chipinfo.obj (.text:NOROM_ChipInfo_GetChipType)
                  000042d4    00000050     rf_multiMode_cc13x2_v1.aem4f : RFCC26X2_multiMode.oem4f (.text:RF_applyRfCorePatch)
                  00004324    00000050                                  : RFCC26X2_multiMode.oem4f (.text:RF_wakeupNotification)
                  00004374    00000050     drivers_cc13x2_v1.aem4f : PowerCC26X2.oem4f (.text:configureXOSCHF)
                  000043c4    0000004c     CC1352R1_LAUNCHXL_fxns.obj (.text:CC1352R1_LAUNCHXL_wakeUpExtFlash)
                  00004410    0000004c     rf_multiMode_cc13x2_v1.aem4f : RFCC26X2_multiMode.oem4f (.text:RF_ratRestartChannels)
                  0000445c    0000004c     rtsv7M4_T_le_v4SPD16_eabi.lib : cpy_tbl.c.obj (.text:copy_in)
                  000044a8    0000004c     drivers_cc13x2_v1.aem4f : UARTCC26XX.oem4f (.text:startTxFifoEmptyClk)
                  000044f4    00000048     driverlib.lib : rfc.obj (.text:NOROM_RFCSynthPowerDown)
                  0000453c    00000048     drivers_cc13x2_v1.aem4f : PINCC26XX.oem4f (.text:PIN_setOutputEnable)
                  00004584    00000048                             : UARTCC26XX.oem4f (.text:writeFinishedDoCallback)
                  000045cc    00000046                             : RingBuf.oem4f (.text:RingBuf_put)
                  00004612    00000002     smartrf_settings.obj (.text:enterPropSysPatch)
                  00004614    00000044     driverlib.lib : chipinfo.obj (.text:NOROM_ChipInfo_GetHwRevision)
                  00004658    00000044     drivers_cc13x2_v1.aem4f : PINCC26XX.oem4f (.text:PIN_swi)
                  0000469c    00000044                             : UART.oem4f (.text:UART_init)
                  000046e0    00000044                             : PowerCC26X2.oem4f (.text:switchXOSCHF)
                  00004724    00000040     CC1352R1_LAUNCHXL_fxns.obj (.text:CC1352R1_LAUNCHXL_shutDownExtFlash)
                  00004764    00000040     drivers_cc13x2_v1.aem4f : PowerCC26X2.oem4f (.text:PowerCC26XX_isStableXOSC_HF)
                  000047a4    00000040                             : PowerCC26X2.oem4f (.text:PowerCC26XX_switchXOSC_HF)
                  000047e4    00000040                             : RingBuf.oem4f (.text:RingBuf_get)
                  00004824    00000040     driverlib.lib : setup.obj (.text:Step_RCOSCHF_CTRIM)
                  00004864    00000040                   : setup.obj (.text:Step_VBG)
                  000048a4    00000040     rom_sysbios.aem4f : rom_sysbios.obj (.text:ti_sysbios_family_arm_cc26xx_Timer_setThreshold__I)
                  000048e4    0000003e     dpl_cc13x2_v1.aem4f : HwiP_tirtos.oem4f (.text:HwiP_construct)
                  00004922    00000002     rtsv7M4_T_le_v4SPD16_eabi.lib : div0.asm.obj (.text)
                  00004924    0000003c     drivers_cc13x2_v1.aem4f : PINCC26XX.oem4f (.text:PIN_setOutputValue)
                  00004960    0000003c     rf_multiMode_cc13x2_v1.aem4f : RFCC26X2_multiMode.oem4f (.text:RF_calculateDispatchTime)
                  0000499c    0000003c                                  : RFCC26X2_multiMode.oem4f (.text:RF_cmdGet)
                  000049d8    0000003c     dpl_cc13x2_v1.aem4f : SwiP_tirtos.oem4f (.text:SwiP_construct)
                  00004a14    0000003c     drivers_cc13x2_v1.aem4f : UART.oem4f (.text:UART_open)
                  00004a50    0000003c     rom_sysbios.aem4f : rom_sysbios.obj (.text:ti_sysbios_family_arm_m3_Hwi_construct2__E)
                  00004a8c    00000038     drivers_cc13x2_v1.aem4f : PowerCC26X2.oem4f (.text:notify)
                  00004ac4    00000038                             : UARTCC26XX.oem4f (.text:readData)
                  00004afc    00000038                             : UARTCC26XX.oem4f (.text:writeData)
                  00004b34    00000036     rom_sysbios.aem4f : rom_sysbios.obj (.text:ti_sysbios_family_arm_cc26xx_Timer_setNextTick__E)
                  00004b6a    00000002     release_pem4f.oem4f (.text:ti_sysbios_BIOS_nullFunc__I)
                  00004b6c    00000034     driverlib.lib : aux_sysif.obj (.text:NOROM_AUXSYSIFOpModeChange)
                  00004ba0    00000034                   : sys_ctrl.obj (.text:NOROM_SysCtrlIdle)
                  00004bd4    00000034     drivers_cc13x2_v1.aem4f : PINCC26XX.oem4f (.text:PIN_setConfig)
                  00004c08    00000034                             : PowerCC26X2.oem4f (.text:Power_releaseConstraint)
                  00004c3c    00000034     rf_multiMode_cc13x2_v1.aem4f : RFCC26X2_multiMode.oem4f (.text:RF_cacheFsCmd)
                  00004c70    00000034                                  : RFCC26X2_multiMode.oem4f (.text:RF_checkCmdFsError)
                  00004ca4    00000034                                  : RFCC26X2_multiMode.oem4f (.text:RF_ieeeRequestFgCommand)
                  00004cd8    00000034                                  : RFCC26X2_multiMode.oem4f (.text:RF_powerConstraintRelease)
                  00004d0c    00000034     drivers_cc13x2_v1.aem4f : UARTCC26XX.oem4f (.text:readData2RingBuf)
                  00004d40    00000030                             : PowerCC26X2.oem4f (.text:Power_setConstraint)
                  00004d70    00000030     rf_multiMode_cc13x2_v1.aem4f : RFCC26X2_multiMode.oem4f (.text:RF_calculateDeltaTimeUs)
                  00004da0    00000030                                  : RFCC26X2_multiMode.oem4f (.text:RF_extractPaConfiguration)
                  00004dd0    00000030     drivers_cc13x2_v1.aem4f : PowerCC26X2_calibrateRCOSC.oem4f (.text:startTDC)
                  00004e00    00000030     release_pem4f.oem4f (.text:ti_sysbios_BIOS_atExitFunc__I)
                  00004e30    00000030     release_pem4f.oem4f (.text:ti_sysbios_BIOS_startFunc__I)
                  00004e60    00000030     rom_sysbios.aem4f : rom_sysbios.obj (.text:ti_sysbios_family_arm_cc26xx_Timer_getCurrentTick__E)
                  00004e90    00000030                       : rom_sysbios.obj (.text:ti_sysbios_family_arm_cc26xx_Timer_initDevice__I)
                  00004ec0    0000002e     driverlib.lib : rfc.obj (.text:NOROM_RFCOverrideSearch)
                  00004eee    00000002     release_pem4f.oem4f (.text:ti_sysbios_rom_cortexm_cc26xx_agama_CC26xx_badRomRevision__E)
                  00004ef0    0000002c     drivers_cc13x2_v1.aem4f : PINCC26XX.oem4f (.text:PINCC26XX_setMux)
                  00004f1c    0000002c     rf_multiMode_cc13x2_v1.aem4f : RFCC26X2_multiMode.oem4f (.text:RF_executeDirectImmediateCmd)
                  00004f48    0000002c                                  : RFCC26X2_multiMode.oem4f (.text:RF_ratReleaseChannels)
                  00004f74    0000002c                                  : RFCC26X2_multiMode.oem4f (.text:RF_searchAndReplacePAOverride)
                  00004fa0    0000002c     dpl_cc13x2_v1.aem4f : SemaphoreP_tirtos.oem4f (.text:SemaphoreP_constructBinary)
                  00004fcc    0000002c     rom_sysbios.aem4f : rom_sysbios.obj (.text:_pthread_delete$44)
                  00004ff8    0000002c                       : rom_sysbios.obj (.text:pthread_setcancelstate)
                  00005024    0000002c                       : rom_sysbios.obj (.text:ti_sysbios_knl_Clock_getTicksUntilInterrupt__E)
                  00005050    0000002a     rf_multiMode_cc13x2_v1.aem4f : RFCC26X2_multiMode.oem4f (.text:RF_ratSuspendChannels)
                  0000507a    0000002a     rom_sysbios.aem4f : rom_sysbios.obj (.text:ti_sysbios_knl_Clock_getTimeout__E)
                  000050a4    00000028     dpl_cc13x2_v1.aem4f : PowerCC26X2_tirtos.oem4f (.text:PowerCC26XX_schedulerDisable)
                  000050cc    00000028                         : PowerCC26X2_tirtos.oem4f (.text:PowerCC26XX_schedulerRestore)
                  000050f4    00000028     drivers_cc13x2_v1.aem4f : PowerCC26X2.oem4f (.text:Power_registerNotify)
                  0000511c    00000028     rf_multiMode_cc13x2_v1.aem4f : RFCC26X2_multiMode.oem4f (.text:RF_runCmd)
                  00005144    00000028     drivers_cc13x2_v1.aem4f : PowerCC26X2.oem4f (.text:oscillatorISR)
                  0000516c    00000026                             : List.oem4f (.text:List_put)
                  00005192    00000026                             : List.oem4f (.text:List_remove)
                  000051b8    00000024     driverlib.lib : osc.obj (.text:NOROM_OSCHF_TurnOnXosc)
                  000051dc    00000024                   : rfc.obj (.text:NOROM_RFCDoorbellSendTo)
                  00005200    00000024     CC1352R1_LAUNCHXL_fxns.obj (.text:PINCC26XX_setOutputValue)
                  00005224    00000024     rf_multiMode_cc13x2_v1.aem4f : RFCC26X2_multiMode.oem4f (.text:RF_clkPowerUp)
                  00005248    00000024                                  : RFCC26X2_multiMode.oem4f (.text:RF_cmdAlloc)
                  0000526c    00000024                                  : RFCC26X2_multiMode.oem4f (.text:RF_invokeGlobalCallback)
                  00005290    00000024     rom_sysbios.aem4f : rom_sysbios.obj (.text:_pthread_cleanupFxn)
                  000052b4    00000024     drivers_cc13x2_v1.aem4f : PowerCC26X2_calibrateRCOSC.oem4f (.text:getTdcSemaphore)
                  000052d8    00000024     rom_sysbios.aem4f : rom_sysbios.obj (.text:pthread_attr_init)
                  000052fc    00000024     release_pem4f.oem4f (.text:ti_sysbios_BIOS_registerRTSLock__I)
                  00005320    00000024     release_pem4f.oem4f (.text:ti_sysbios_BIOS_removeRTSLock__I)
                  00005344    00000024     rom_sysbios.aem4f : rom_sysbios.obj (.text:ti_sysbios_family_arm_cc26xx_Timer_getMaxTicks__E)
                  00005368    00000022     drivers_cc13x2_v1.aem4f : List.oem4f (.text:List_get)
                  0000538a    00000022     rf_multiMode_cc13x2_v1.aem4f : RFCC26X2_multiMode.oem4f (.text:RF_getPAOverrideOffsetAndValue)
                  000053ac    00000022                                  : RFCC26X2_multiMode.oem4f (.text:RF_isRadioSetup)
                  000053ce    00000002     rom_sysbios.aem4f : rom_sysbios.obj (.text:xdc_runtime_SysCallback_defaultAbort)
                  000053d0    00000020     drivers_cc13x2_v1.aem4f : PowerCC26X2.oem4f (.text:Power_unregisterNotify)
                  000053f0    00000020     RFQueue.obj (.text:RFQueue_nextEntry)
                  00005410    00000020     rf_multiMode_cc13x2_v1.aem4f : RFCC26X2_multiMode.oem4f (.text:RF_hwiCpe0ChangePhy)
                  00005430    00000020                                  : RFCC26X2_multiMode.oem4f (.text:RF_ratIsRunning)
                  00005450    00000020                                  : RFCC26X2_multiMode.oem4f (.text:RF_swiFsm)
                  00005470    00000020     smartrf_settings.obj (.text:applyPropPatch)
                  00005490    00000020     release_pem4f.oem4f (.text:ti_sysbios_BIOS_rtsLock__I)
                  000054b0    00000020     rom_sysbios.aem4f : rom_sysbios.obj (.text:ti_sysbios_family_arm_cc26xx_Timer_dynamicStub__E)
                  000054d0    00000020                       : rom_sysbios.obj (.text:xdc_runtime_Error_policyMin__E)
                  000054f0    0000001e     drivers_cc13x2_v1.aem4f : PINCC26XX.oem4f (.text:PIN_close)
                  0000550e    0000001e                             : PowerCC26X2.oem4f (.text:Power_getTransitionLatency)
                  0000552c    0000001c     CC1352R1_LAUNCHXL.obj (.text:CC1352R1_LAUNCHXL_initGeneral)
                  00005548    0000001c     driverlib.lib : chipinfo.obj (.text:NOROM_ChipInfo_GetChipFamily)
                  00005564    0000001c     drivers_cc13x2_v1.aem4f : PINCC26XX.oem4f (.text:PINCC26XX_setIoCfgMux)
                  00005580    0000001c                             : PINCC26XX.oem4f (.text:PIN_hwi)
                  0000559c    0000001c     rf_multiMode_cc13x2_v1.aem4f : RFCC26X2_multiMode.oem4f (.text:RF_clkInactivity)
                  000055b8    0000001c                                  : RFCC26X2_multiMode.oem4f (.text:RF_powerConstraintSet)
                  000055d4    0000001c     smartrf_settings.obj (.text:enterPropCpePatch)
                  000055f0    0000001c     release_pem4f.oem4f (.text:ti_sysbios_BIOS_errorRaiseHook__I)
                  0000560c    0000001c     rom_sysbios.aem4f : rom_sysbios.obj (.text:ti_sysbios_knl_Swi_construct2__E)
                  00005628    0000001c     release_pem4f.oem4f (.text:xdc_runtime_Startup_exec__I)
                  00005644    0000001a     drivers_cc13x2_v1.aem4f : PowerCC26X2.oem4f (.text:PowerCC26XX_calibrate)
                  0000565e    00000002     rom_sysbios.aem4f : rom_sysbios.obj (.text:xdc_runtime_SysCallback_defaultExit)
                  00005660    00000018     driverlib.lib : chipinfo.obj (.text:NOROM_ChipInfo_GetPackageType)
                  00005678    00000018     drivers_cc13x2_v1.aem4f : PowerCC26X2.oem4f (.text:Power_idleFunc)
                  00005690    00000018                             : UARTCC26XX.oem4f (.text:UARTCC26XX_init)
                  000056a8    00000018                             : UART.oem4f (.text:UART_Params_init)
                  000056c0    00000018     rtsv7M4_T_le_v4SPD16_eabi.lib : args_main.c.obj (.text:_args_main)
                  000056d8    00000018                                   : ll_mul_t2.asm.obj (.text)
                  000056f0    00000018     release_pem4f.oem4f (.text:ti_sysbios_BIOS_rtsUnlock__I)
                  00005708    00000018     rom_sysbios.aem4f : rom_sysbios.obj (.text:ti_sysbios_knl_Swi_or__E)
                  00005720    00000018     release_pem4f.oem4f (.text:ti_sysbios_rom_cortexm_cc26xx_agama_CC26xx_checkRevision__E)
                  00005738    00000018     rom_sysbios.aem4f : rom_sysbios.obj (.text:xdc_runtime_Error_init__E)
                  00005750    00000016     driverlib.lib : chipinfo.obj (.text:NOROM_ThisLibraryIsFor_CC13x2_CC26x2_HwRev1x_HaltIfViolated)
                  00005766    00000016     rf_multiMode_cc13x2_v1.aem4f : RFCC26X2_multiMode.oem4f (.text:RF_restartClockTimeout)
                  0000577c    00000016     rom_sysbios.aem4f : rom_sysbios.obj (.text:_pthread_cleanup_pop)
                  00005792    00000016     release_pem4f.oem4f (.text:ti_sysbios_BIOS_exitFunc__I)
                  000057a8    00000014     drivers_cc13x2_v1.aem4f : List.oem4f (.text:List_clearList)
                  000057bc    00000014     driverlib.lib : rfc.obj (.text:NOROM_RFCCpeIntGetAndClear)
                  000057d0    00000014     drivers_cc13x2_v1.aem4f : PINCC26XX.oem4f (.text:PINCC26XX_getOutputValue)
                  000057e4    00000014                             : PowerCC26X2_calibrateRCOSC.oem4f (.text:PowerCC26X2_calibrate)
                  000057f8    00000014     rf_multiMode_cc13x2_v1.aem4f : RFCC26X2_multiMode.oem4f (.text:RF_Params_init)
                  0000580c    00000014                                  : RFCC26X2_multiMode.oem4f (.text:RF_dbellSyncOnAck)
                  00005820    00000014                                  : RFCC26X2_multiMode.oem4f (.text:RF_ratGetChannel)
                  00005834    00000014                                  : RFCC26X2_multiMode.oem4f (.text:RF_triggDispatcher)
                  00005848    00000014     drivers_cc13x2_v1.aem4f : PowerCC26X2.oem4f (.text:configureRFCoreClocks)
                  0000585c    00000014     rom_sysbios.aem4f : rom_sysbios.obj (.text:pthread_attr_setschedparam)
                  00005870    00000014                       : rom_sysbios.obj (.text:ti_sysbios_family_arm_cc26xx_Timer_getCount64__E)
                  00005884    00000014     release_pem4f.oem4f (.text:ti_sysbios_knl_Clock_doTick__I)
                  00005898    00000012     drivers_cc13x2_v1.aem4f : RingBuf.oem4f (.text:RingBuf_construct)
                  000058aa    00000012     dpl_cc13x2_v1.aem4f : SemaphoreP_tirtos.oem4f (.text:SemaphoreP_pend)
                  000058bc    00000012     rom_sysbios.aem4f : rom_sysbios.obj (.text:_pthread_runStub$44)
                  000058ce    00000010     dpl_cc13x2_v1.aem4f : ClockP_tirtos.oem4f (.text:ClockP_isActive)
                  000058de    00000010                         : HwiP_tirtos.oem4f (.text:HwiP_Params_init)
                  000058ee    00000002     rom_sysbios.aem4f : rom_sysbios.obj (.text:xdc_runtime_SysCallback_defaultFlush)
                  000058f0    00000010     driverlib.lib : rfc.obj (.text:NOROM_RFCHwIntGetAndClear)
                  00005900    00000010     drivers_cc13x2_v1.aem4f : PINCC26XX.oem4f (.text:PINCC26XX_getPinCount)
                  00005910    00000010     rf_multiMode_cc13x2_v1.aem4f : RFCC26X2_multiMode.oem4f (.text:RF_dbellSubmitCmdAsync)
                  00005920    00000010                                  : RFCC26X2_multiMode.oem4f (.text:RF_isClientOwner)
                  00005930    00000010                                  : RFCC26X2_multiMode.oem4f (.text:RF_ratGetChannelValue)
                  00005940    00000010     dpl_cc13x2_v1.aem4f : SwiP_tirtos.oem4f (.text:SwiP_Params_init)
                  00005950    00000010     rom_sysbios.aem4f : rom_sysbios.obj (.text:ti_sysbios_family_arm_m3_Hwi_post__E)
                  00005960    00000010     drivers_cc13x2_v1.aem4f : UARTCC26XX.oem4f (.text:uartPostNotify)
                  00005970    00000010     rom_sysbios.aem4f : rom_sysbios.obj (.text:xdc_runtime_SysCallback_flush__E)
                  00005980    00000010                       : rom_sysbios.obj (.text:xdc_runtime_SysCallback_putch__E)
                  00005990    00000010                       : rom_sysbios.obj (.text:xdc_runtime_SysCallback_ready__E)
                  000059a0    0000000e     rtsv7M4_T_le_v4SPD16_eabi.lib : copy_decompress_none.c.obj (.text:decompress:none:__TI_decompress_none)
                  000059ae    0000000e     rom_sysbios.aem4f : rom_sysbios.obj (.text:pthread_attr_setdetachstate)
                  000059bc    0000000e                       : rom_sysbios.obj (.text:ti_sysbios_family_arm_cc26xx_TimestampProvider_get32__E)
                  000059ca    0000000c     driverlib.lib : cpu.obj (.text:NOROM_CPUcpsid)
                  000059d6    0000000c                   : cpu.obj (.text:NOROM_CPUcpsie)
                  000059e2    00000002     rom_sysbios.aem4f : rom_sysbios.obj (.text:xdc_runtime_SysCallback_defaultPutch)
                  000059e4    0000000c     drivers_cc13x2_v1.aem4f : PowerCC26X2.oem4f (.text:Power_getConstraintMask)
                  000059f0    0000000c                             : PowerCC26X2.oem4f (.text:Power_getDependencyCount)
                  000059fc    0000000c     RFQueue.obj (.text:RFQueue_getDataEntry)
                  00005a08    0000000c     rf_multiMode_cc13x2_v1.aem4f : RFCC26X2_multiMode.oem4f (.text:RF_powerConstraintGet)
                  00005a14    0000000c                                  : RFCC26X2_multiMode.oem4f (.text:RF_ratGetValue)
                  00005a20    0000000c     rtsv7M4_T_le_v4SPD16_eabi.lib : _lock.c.obj (.text:_register_lock)
                  00005a2c    0000000c                                   : _lock.c.obj (.text:_register_unlock)
                  00005a38    0000000c                                   : copy_zero_init.c.obj (.text:decompress:ZI:__TI_zero_init)
                  00005a44    0000000c     rom_sysbios.aem4f : rom_sysbios.obj (.text:pthread_self)
                  00005a50    0000000c                       : rom_sysbios.obj (.text:ti_sysbios_knl_Swi_getTrigger__E)
                  00005a5c    0000000c     release_pem4f.oem4f (.text:xdc_runtime_Startup_reset__I)
                  00005a68    0000000a     dpl_cc13x2_v1.aem4f : ClockP_tirtos.oem4f (.text:ClockP_Params_init)
                  00005a72    0000000a     drivers_cc13x2_v1.aem4f : UART.oem4f (.text:UART_write)
                  00005a7c    00000008     CC1352R1_LAUNCHXL_fxns.obj (.text:Board_initHook)
                  00005a84    00000008     drivers_cc13x2_v1.aem4f : UARTCC26XX.oem4f (.text:readSemCallback)
                  00005a8c    00000008     smartrf_settings.obj (.text:rf_patch_cpe_prop)
                  00005a94    00000008     drivers_cc13x2_v1.aem4f : UARTCC26XX.oem4f (.text:writeSemCallback)
                  00005a9c    00000006     driverlib.lib : cpu.obj (.text:NOROM_CPUdelay)
                  00005aa2    00000006     rf_multiMode_cc13x2_v1.aem4f : RFCC26X2_multiMode.oem4f (.text:RF_clkReqAccess)
                  00005aa8    00000006     drivers_cc13x2_v1.aem4f : UARTCC26XX.oem4f (.text:UARTCC26XX_readPolling)
                  00005aae    00000006                             : UARTCC26XX.oem4f (.text:UARTCC26XX_writePolling)
                  00005ab4    00000006     rom_sysbios.aem4f : rom_sysbios.obj (.text:pthread_attr_setstacksize)
                  00005aba    00000006                       : rom_sysbios.obj (.text:ti_sysbios_family_arm_m3_Hwi_setFunc__E)
                  00005ac0    00000004     dpl_cc13x2_v1.aem4f : PowerCC26X2_tirtos.oem4f (.text:CPUwfi)
                  00005ac4    00000004                         : ClockP_tirtos.oem4f (.text:ClockP_destruct)
                  00005ac8    00000004                         : ClockP_tirtos.oem4f (.text:ClockP_getCpuFreq)
                  00005acc    00000004                         : ClockP_tirtos.oem4f (.text:ClockP_getTimeout)
                  00005ad0    00000004                         : ClockP_tirtos.oem4f (.text:ClockP_setTimeout)
                  00005ad4    00000004                         : ClockP_tirtos.oem4f (.text:ClockP_start)
                  00005ad8    00000004                         : ClockP_tirtos.oem4f (.text:ClockP_stop)
                  00005adc    00000004                         : HwiP_tirtos.oem4f (.text:HwiP_destruct)
                  00005ae0    00000004                         : HwiP_tirtos.oem4f (.text:HwiP_disable)
                  00005ae4    00000004                         : HwiP_tirtos.oem4f (.text:HwiP_enableInterrupt)
                  00005ae8    00000004                         : HwiP_tirtos.oem4f (.text:HwiP_post)
                  00005aec    00000004                         : HwiP_tirtos.oem4f (.text:HwiP_setFunc)
                  00005af0    00000004     driverlib.lib : rfc.obj (.text:NOROM_RFCOverrideUpdate)
                  00005af4    00000004     dpl_cc13x2_v1.aem4f : SemaphoreP_tirtos.oem4f (.text:SemaphoreP_destruct)
                  00005af8    00000004                         : SemaphoreP_tirtos.oem4f (.text:SemaphoreP_post)
                  00005afc    00000004                         : SwiP_tirtos.oem4f (.text:SwiP_destruct)
                  00005b00    00000004                         : SwiP_tirtos.oem4f (.text:SwiP_disable)
                  00005b04    00000004                         : SwiP_tirtos.oem4f (.text:SwiP_getTrigger)
                  00005b08    00000004                         : SwiP_tirtos.oem4f (.text:SwiP_or)
                  00005b0c    00000004     drivers_cc13x2_v1.aem4f : PowerCC26X2.oem4f (.text:nopResourceHandler)
                  00005b10    00000004     rom_sysbios.aem4f : rom_sysbios.obj (.text:ti_sysbios_knl_Clock_isActive__E)
                  00005b14    00000004                       : rom_sysbios.obj (.text:ti_sysbios_knl_Queue_insert__E)
                  00005b18    00000004                       : rom_sysbios.obj (.text:ti_sysbios_knl_Task_getArg1__E)
                  00005b1c    00000004                       : rom_sysbios.obj (.text:ti_sysbios_knl_Task_getEnv__E)
                  00005b20    00000004                       : rom_sysbios.obj (.text:xdc_runtime_SysCallback_defaultReady)
                  00005b24    00000008     (.tramp.ti_sysbios_knl_Swi_destruct.1)
                  00005b2c    00000008     (.tramp.ti_sysbios_family_arm_m3_Hwi_enableInterrupt__E.1)
                  00005b34    00000008     (.tramp.ti_sysbios_family_arm_m3_Hwi_disableFxn__E.1)
                  00005b3c    00000008     (.tramp.ti_sysbios_family_arm_m3_Hwi_destruct.1)
                  00005b44    00000008     (.tramp.ti_sysbios_BIOS_getCpuFreq__E.1)
                  00005b4c    00000008     (.tramp.ti_sysbios_knl_Clock_destruct.1)
                  00005b54    00000008     (.tramp.ti_sysbios_knl_Task_self__E.1)
                  00005b5c    00000008     (.tramp.ti_sysbios_knl_Clock_logTick__E.1)
                  00005b64    00000008     (.tramp.ti_sysbios_knl_Swi_post__E.1)
                  00005b6c    00000008     (.tramp.ti_sysbios_BIOS_RtsGateProxy_leave__E.1)
                  00005b74    00000008     (.tramp.ti_sysbios_knl_Swi_construct.1)
                  00005b7c    00000008     (.tramp.ti_sysbios_BIOS_RtsGateProxy_enter__E.1)
                  00005b84    00000008     (.tramp.ti_sysbios_knl_Clock_getTicks__E.1)
                  00005b8c    00000008     (.tramp.ti_sysbios_knl_Task_delete.1)
                  00005b94    00000008     (.tramp.ti_sysbios_knl_Semaphore_destruct.1)
                  00005b9c    00000008     (.tramp.ti_sysbios_knl_Task_startup__E.1)
                  00005ba4    00000008     (.tramp.ti_sysbios_knl_Swi_startup__E.1)
                  00005bac    00000008     (.tramp.ti_sysbios_hal_Hwi_startup__E.1)
                  00005bb4    00000008     (.tramp.ti_sysbios_family_arm_cc26xx_Timer_startup__E.1)
                  00005bbc    00000008     (.tramp.xdc_runtime_System_atexit__E.1)
                  00005bc4    00000008     (.tramp.ti_sysbios_BIOS_linkedWithIncorrectBootLibrary__E.1)
                  00005bcc    00000008     (.tramp.xdc_runtime_Startup_rtsDone__E.1)
                  00005bd4    00000008     (.tramp.ti_sysbios_BIOS_setThreadType__E.1)
                  00005bdc    00000008     (.tramp.ti_sysbios_knl_Swi_disable__E.1)
                  00005be4    00000008     (.tramp.ti_sysbios_family_arm_m3_Hwi_construct.1)
                  00005bec    00000008     (.tramp.ti_sysbios_knl_Swi_Params__init__S.1)
                  00005bf4    00000008     (.tramp.ti_sysbios_family_arm_m3_Hwi_Params__init__S.1)
                  00005bfc    00000008     (.tramp.ti_sysbios_knl_Clock_construct.1)
                  00005c04    00000008     (.tramp.ti_sysbios_knl_Clock_Params__init__S.1)
                  00005c0c    00000008     (.tramp.xdc_runtime_System_exit__E.1)
                  00005c14    00000008     (.tramp.ti_sysbios_heaps_HeapMem_restore__E.1)
                  00005c1c    00000008     (.tramp.ti_sysbios_heaps_HeapMem_Object__get__S.1)
                  00005c24    00000008     (.tramp.ti_sysbios_BIOS_start__E.1)
                  00005c2c    00000008     (.tramp.ti_sysbios_knl_Semaphore_post__E.1)
                  00005c34    00000008     (.tramp.xdc_runtime_Memory_free__E.1)
                  00005c3c    00000008     (.tramp.ti_sysbios_knl_Queue_next__E.1)
                  00005c44    00000008     (.tramp.ti_sysbios_knl_Queue_head__E.1)
                  00005c4c    00000008     (.tramp.ti_sysbios_knl_Semaphore_pend__E.1)
                  00005c54    00000008     (.tramp.ti_sysbios_knl_Clock_scheduleNextTick__E.1)
                  00005c5c    00000008     (.tramp.ti_sysbios_knl_Clock_walkQueueDynamic__E.1)
                  00005c64    00000008     (.tramp.ti_sysbios_knl_Clock_TimerProxy_getCurrentTick__E.1)
                  00005c6c    00000008     (.tramp.ti_sysbios_knl_Task_restore__E.1)
                  00005c74    00000008     (.tramp.ti_sysbios_knl_Queue_enqueue__E.1)
                  00005c7c    00000008     (.tramp.ti_sysbios_knl_Queue_empty__E.1)
                  00005c84    00000008     (.tramp.ti_sysbios_knl_Queue_remove__E.1)
                  00005c8c    00000008     (.tramp.ti_sysbios_knl_Task_disable__E.1)
                  00005c94    00000008     (.tramp.ti_sysbios_knl_Clock_stop__E.1)
                  00005c9c    00000008     (.tramp.ti_sysbios_knl_Clock_start__E.1)
                  00005ca4    00000008     (.tramp.ti_sysbios_knl_Clock_setTimeout__E.1)
                  00005cac    00000008     (.tramp.ti_sysbios_knl_Task_create.1)
                  00005cb4    00000008     (.tramp.ti_sysbios_knl_Semaphore_construct.1)
                  00005cbc    00000008     (.tramp.ti_sysbios_knl_Semaphore_Params__init__S.1)
                  00005cc4    00000008     (.tramp.ti_sysbios_knl_Queue_construct.1)
                  00005ccc    00000008     (.tramp.xdc_runtime_Memory_alloc__E.1)
                  00005cd4    00000008     (.tramp.ti_sysbios_knl_Task_Params__init__S.1)
                  00005cdc    00000008     (.tramp.ti_sysbios_knl_Swi_restore__E.1)
                  00005ce4    00000008     (.tramp.ti_sysbios_family_arm_m3_Hwi_restoreFxn__E.1)

.const     0    00005cec    00001b14     
                  00005cec    00000800     smartrf_settings.obj (.const:patchGenfskRfe)
                  000064ec    00000790     smartrf_settings.obj (.const:patchGenfskMce)
                  00006c7c    00000550     smartrf_settings.obj (.const:patchImageProp)
                  000071cc    00000338     release_pem4f.oem4f (.const:ROM_constStruct)
                  00007504    00000054     drivers_cc13x2_v1.aem4f : PowerCC26X2.oem4f (.const:resourceDB)
                  00007558    00000050     CC1352R1_LAUNCHXL.obj (.const:uartCC26XXHWAttrs)
                  000075a8    00000048     release_pem4f.oem4f (.const:.string)
                  000075f0    00000044     release_pem4f.oem4f (.const:ROM_externFuncPtrs)
                  00007634    00000030     CC1352R1_LAUNCHXL.obj (.const:BoardGpioInitTable)
                  00007664    00000028     drivers_cc13x2_v1.aem4f : UARTCC26XX.oem4f (.const:UARTCC26XX_fxnTable)
                  0000768c    00000024                             : UART.oem4f (.const:UART_defaultParams)
                  000076b0    00000024     release_pem4f.oem4f (.const:xdc_runtime_Startup_sfxnTab__A)
                  000076d4    0000001c     rf_multiMode_cc13x2_v1.aem4f : RFCC26X2_multiMode.oem4f (.const:RF_defaultParams)
                  000076f0    00000018     CC1352R1_LAUNCHXL.obj (.const:UART_config)
                  00007708    00000014     CC1352R1_LAUNCHXL_fxns.obj (.const:$P$T1$2)
                  0000771c    00000014     drivers_cc13x2_v1.aem4f : UARTCC26XX.oem4f (.const:parityType)
                  00007730    00000012     CC1352R1_LAUNCHXL.obj (.const)
                  00007742    00000012     release_pem4f.oem4f (.const:xdc_runtime_Startup_sfxnRts__A)
                  00007754    00000010     CC1352R1_LAUNCHXL.obj (.const:PowerCC26X2_config)
                  00007764    00000010     drivers_cc13x2_v1.aem4f : UARTCC26XX.oem4f (.const:dataLength)
                  00007774    0000000c     CC1352R1_LAUNCHXL.obj (.const:RFCC26XX_hwAttrs)
                  00007780    0000000c     release_pem4f.oem4f (.const:xdc_runtime_Startup_firstFxns__A)
                  0000778c    00000008     driverlib.lib : aux_sysif.obj (.const:$O1$$)
                  00007794    00000008     CC1352R1_LAUNCHXL_fxns.obj (.const:$P$T0$1)
                  0000779c    00000008     CC1352R1_LAUNCHXL.obj (.const:PINCC26XX_hwAttrs)
                  000077a4    00000008     drivers_cc13x2_v1.aem4f : UARTCC26XX.oem4f (.const:stopBits)
                  000077ac    00000008     release_pem4f.oem4f (.const:ti_sysbios_knl_Idle_funcList__A)
                  000077b4    00000006     drivers_cc13x2_v1.aem4f : UARTCC26XX.oem4f (.const:.string:rxFifoBytes)
                  000077ba    00000006                             : UARTCC26XX.oem4f (.const:.string:rxFifoThreshold)
                  000077c0    00000006                             : UARTCC26XX.oem4f (.const:.string:txFifoBytes)
                  000077c6    00000006                             : UARTCC26XX.oem4f (.const:.string:txFifoThreshold)
                  000077cc    00000005     rfPacketRx.obj (.const:.string:$P$T0$1)
                  000077d1    00000001     release_pem4f.oem4f (.const:xdc_runtime_Text_charTab__A)
                  000077d2    00000002     --HOLE-- [fill = 0]
                  000077d4    00000004     release_pem4f.oem4f (.const:ti_sysbios_family_arm_cc26xx_Timer_funcHookCH1__C)
                  000077d8    00000004     release_pem4f.oem4f (.const:ti_sysbios_family_arm_cc26xx_Timer_funcHookCH2__C)
                  000077dc    00000004     release_pem4f.oem4f (.const:ti_sysbios_family_arm_m3_Hwi_swiDisable__C)
                  000077e0    00000004     release_pem4f.oem4f (.const:ti_sysbios_family_arm_m3_Hwi_swiRestoreHwi__C)
                  000077e4    00000004     release_pem4f.oem4f (.const:ti_sysbios_heaps_HeapMem_primaryHeapBaseAddr__C)
                  000077e8    00000004     release_pem4f.oem4f (.const:ti_sysbios_heaps_HeapMem_primaryHeapEndAddr__C)
                  000077ec    00000004     release_pem4f.oem4f (.const:ti_sysbios_knl_Clock_tickPeriod__C)
                  000077f0    00000004     release_pem4f.oem4f (.const:ti_sysbios_knl_Task_Object__heap__C)
                  000077f4    00000004     release_pem4f.oem4f (.const:xdc_runtime_SysCallback_flushFxn__C)
                  000077f8    00000004     release_pem4f.oem4f (.const:xdc_runtime_SysCallback_putchFxn__C)
                  000077fc    00000004     release_pem4f.oem4f (.const:xdc_runtime_SysCallback_readyFxn__C)

MODULE SUMMARY

       Module                             code    ro data   rw data
       ------                             ----    -------   -------
    .\
       rfPacketRx.obj                     752     5         412    
       CC1352R1_LAUNCHXL.obj              28      206       656    
       CC1352R1_LAUNCHXL_fxns.obj         484     28        0      
       RFQueue.obj                        268     0         4      
       main_tirtos.obj                    104     0         0      
       ccfg.obj                           0       88        0      
    +--+----------------------------------+-------+---------+---------+
       Total:                             1636    327       1072   
                                                                   
    .\smartrf_settings\
       smartrf_settings.obj               718     5344      213    
    +--+----------------------------------+-------+---------+---------+
       Total:                             718     5344      213    
                                                                   
    C:\ti\workspace_1\tirtos_builds_CC1352R1_LAUNCHXL_release_ccs\Debug\configPkg\package\cfg\
       release_pem4f.oem4f                454     1143      1826   
    +--+----------------------------------+-------+---------+---------+
       Total:                             454     1143      1826   
                                                                   
    C:/ti/simplelink_cc13x2_sdk_2_30_00_45/kernel/tirtos/packages/ti/dpl/lib/dpl_cc13x2_v1.aem4f
       PowerCC26X2_tirtos.oem4f           264     0         8      
       ClockP_tirtos.oem4f                130     0         4      
       HwiP_tirtos.oem4f                  98      0         0      
       SwiP_tirtos.oem4f                  92      0         0      
       SemaphoreP_tirtos.oem4f            70      0         0      
    +--+----------------------------------+-------+---------+---------+
       Total:                             654     0         12     
                                                                   
    C:/ti/simplelink_cc13x2_sdk_2_30_00_45/source/ti/devices/cc13x2_cc26x2_v1/driverlib/bin/ccs/driverlib.lib
       setup.obj                          608     0         0      
       sys_ctrl.obj                       332     0         0      
       rfc.obj                            308     0         0      
       osc.obj                            276     0         20     
       setup_rom.obj                      236     0         0      
       chipinfo.obj                       222     0         0      
       aux_sysif.obj                      52      8         0      
       cpu.obj                            30      0         0      
       driverlib_release.obj              0       0         1      
    +--+----------------------------------+-------+---------+---------+
       Total:                             2064    8         21     
                                                                   
    C:/ti/simplelink_cc13x2_sdk_2_30_00_45/source/ti/drivers/lib/drivers_cc13x2_v1.aem4f
       UARTCC26XX.oem4f                   2816    108       2      
       PowerCC26X2.oem4f                  1882    84        200    
       PINCC26XX.oem4f                    1330    0         276    
       PowerCC26X2_calibrateRCOSC.oem4f   1320    0         0      
       UART.oem4f                         162     36        1      
       RingBuf.oem4f                      152     0         0      
       List.oem4f                         130     0         0      
    +--+----------------------------------+-------+---------+---------+
       Total:                             7792    228       479    
                                                                   
    C:/ti/simplelink_cc13x2_sdk_2_30_00_45/source/ti/drivers/rf/lib/rf_multiMode_cc13x2_v1.aem4f
       RFCC26X2_multiMode.oem4f           7080    28        906    
    +--+----------------------------------+-------+---------+---------+
       Total:                             7080    28        906    
                                                                   
    C:\ti\ccsv8\tools\compiler\ti-cgt-arm_18.12.1.LTS\lib\rtsv7M4_T_le_v4SPD16_eabi.lib
       memcpy_t2.asm.obj                  156     0         0      
       ull_div_t2.asm.obj                 150     0         0      
       memset_t2.asm.obj                  122     0         0      
       copy_decompress_lzss.c.obj         104     0         0      
       cpy_tbl.c.obj                      76      0         0      
       _lock.c.obj                        26      0         8      
       args_main.c.obj                    24      0         0      
       ll_mul_t2.asm.obj                  24      0         0      
       copy_decompress_none.c.obj         14      0         0      
       copy_zero_init.c.obj               12      0         0      
       stkdepth_vars.c.obj                0       0         4      
       div0.asm.obj                       2       0         0      
    +--+----------------------------------+-------+---------+---------+
       Total:                             710     0         12     
                                                                   
    C:\ti\simplelink_cc13x2_sdk_2_30_00_45\kernel\tirtos\packages\ti\targets\arm\rtsarm\lib\auto_init.aem4f
       auto_init.oem4f                    160     0         0      
    +--+----------------------------------+-------+---------+---------+
       Total:                             160     0         0      
                                                                   
    C:\ti\simplelink_cc13x2_sdk_2_30_00_45\kernel\tirtos\packages\ti\targets\arm\rtsarm\lib\boot.aem4f
       boot.oem4f                         88      0         0      
    +--+----------------------------------+-------+---------+---------+
       Total:                             88      0         0      
                                                                   
    C:\ti\workspace_1\tirtos_builds_CC1352R1_LAUNCHXL_release_ccs\src\sysbios\rom_sysbios.aem4f
       rom_sysbios.obj                    1916    0         136    
    +--+----------------------------------+-------+---------+---------+
       Total:                             1916    0         136    
                                                                   
       Stack:                             0       0         1024   
       Linker Generated:                  456     649       0      
    +--+----------------------------------+-------+---------+---------+
       Grand Total:                       23728   7727      5701   


LINKER GENERATED COPY TABLES

__TI_cinit_table @ 00007a68 records: 5, size/record: 8, table size: 40
	.data: load addr=00007800, load size=00000235 bytes, run addr=20001cc8, run size=000005ac bytes, compression=lzss
	.bss: load addr=00007a48, load size=00000008 bytes, run addr=20001110, run size=00000bb5 bytes, compression=zero_init
	.data:xdcRomConstPtr: load addr=00007a50, load size=00000008 bytes, run addr=20000100, run size=00000004 bytes, compression=lzss
	.data:xdcRomExternFuncPtr: load addr=00007a58, load size=00000008 bytes, run addr=20000104, run size=00000004 bytes, compression=lzss
	.data:xdcRomStatePtr: load addr=00007a60, load size=00000008 bytes, run addr=20000108, run size=00000004 bytes, compression=lzss


LINKER GENERATED HANDLER TABLE

__TI_handler_table @ 00007a38 records: 3, size/record: 4, table size: 12
	index: 0, handler: __TI_decompress_lzss
	index: 1, handler: __TI_decompress_none
	index: 2, handler: __TI_zero_init


FAR CALL TRAMPOLINES

callee name               trampoline name
   callee addr  tramp addr   call addr  call info
--------------  -----------  ---------  ----------------
ti_sysbios_knl_Swi_destruct  $Tramp$TT$L$PI$$ti_sysbios_knl_Swi_destruct
   1003b863     00005b24     00005afc   dpl_cc13x2_v1.aem4f : SwiP_tirtos.oem4f (.text:SwiP_destruct)
ti_sysbios_family_arm_m3_Hwi_enableInterrupt__E  $Tramp$TT$L$PI$$ti_sysbios_family_arm_m3_Hwi_enableInterrupt__E
   1003a6bd     00005b2c     00005ae4   dpl_cc13x2_v1.aem4f : HwiP_tirtos.oem4f (.text:HwiP_enableInterrupt)
ti_sysbios_family_arm_m3_Hwi_disableFxn__E  $Tramp$TT$L$PI$$ti_sysbios_family_arm_m3_Hwi_disableFxn__E
   1003b6e1     00005b34     00005ae0   dpl_cc13x2_v1.aem4f : HwiP_tirtos.oem4f (.text:HwiP_disable)
ti_sysbios_family_arm_m3_Hwi_destruct  $Tramp$TT$L$PI$$ti_sysbios_family_arm_m3_Hwi_destruct
   1003b7f7     00005b3c     00005adc   dpl_cc13x2_v1.aem4f : HwiP_tirtos.oem4f (.text:HwiP_destruct)
ti_sysbios_BIOS_getCpuFreq__E  $Tramp$TT$L$PI$$ti_sysbios_BIOS_getCpuFreq__E
   1003b5b1     00005b44     00005ac8   dpl_cc13x2_v1.aem4f : ClockP_tirtos.oem4f (.text:ClockP_getCpuFreq)
ti_sysbios_knl_Clock_destruct  $Tramp$TT$L$PI$$ti_sysbios_knl_Clock_destruct
   1003b82b     00005b4c     00005ac4   dpl_cc13x2_v1.aem4f : ClockP_tirtos.oem4f (.text:ClockP_destruct)
ti_sysbios_knl_Task_self__E  $Tramp$TT$L$PI$$ti_sysbios_knl_Task_self__E
   1003b681     00005b54     00005a46   rom_sysbios.aem4f : rom_sysbios.obj (.text:pthread_self)
ti_sysbios_knl_Clock_logTick__E  $Tramp$TT$L$PI$$ti_sysbios_knl_Clock_logTick__E
   1003a463     00005b5c     00005886   release_pem4f.oem4f (.text:ti_sysbios_knl_Clock_doTick__I)
ti_sysbios_knl_Swi_post__E  $Tramp$TT$L$PI$$ti_sysbios_knl_Swi_post__E
   1003a5e9     00005b64     0000571c   rom_sysbios.aem4f : rom_sysbios.obj (.text:ti_sysbios_knl_Swi_or__E)
                             0000588e   release_pem4f.oem4f (.text:ti_sysbios_knl_Clock_doTick__I)
ti_sysbios_BIOS_RtsGateProxy_leave__E  $Tramp$TT$L$PI$$ti_sysbios_BIOS_RtsGateProxy_leave__E
   1003b7e3     00005b6c     000056fe   release_pem4f.oem4f (.text:ti_sysbios_BIOS_rtsUnlock__I)
ti_sysbios_knl_Swi_construct  $Tramp$TT$L$PI$$ti_sysbios_knl_Swi_construct
   1003a465     00005b74     00005612   rom_sysbios.aem4f : rom_sysbios.obj (.text:ti_sysbios_knl_Swi_construct2__E)
ti_sysbios_BIOS_RtsGateProxy_enter__E  $Tramp$TT$L$PI$$ti_sysbios_BIOS_RtsGateProxy_enter__E
   1003b7df     00005b7c     00005496   release_pem4f.oem4f (.text:ti_sysbios_BIOS_rtsLock__I)
ti_sysbios_knl_Clock_getTicks__E  $Tramp$TT$L$PI$$ti_sysbios_knl_Clock_getTicks__E
   1003a925     00005b84     0000508e   rom_sysbios.aem4f : rom_sysbios.obj (.text:ti_sysbios_knl_Clock_getTimeout__E)
ti_sysbios_knl_Task_delete  $Tramp$TT$L$PI$$ti_sysbios_knl_Task_delete
   1003b86b     00005b8c     00004fe0   rom_sysbios.aem4f : rom_sysbios.obj (.text:_pthread_delete$44)
ti_sysbios_knl_Semaphore_destruct  $Tramp$TT$L$PI$$ti_sysbios_knl_Semaphore_destruct
   1003b85b     00005b94     00004fd4   rom_sysbios.aem4f : rom_sysbios.obj (.text:_pthread_delete$44)
                             00005af4   dpl_cc13x2_v1.aem4f : SemaphoreP_tirtos.oem4f (.text:SemaphoreP_destruct)
ti_sysbios_knl_Task_startup__E  $Tramp$TT$L$PI$$ti_sysbios_knl_Task_startup__E
   1003b873     00005b9c     00004e54   release_pem4f.oem4f (.text:ti_sysbios_BIOS_startFunc__I)
ti_sysbios_knl_Swi_startup__E  $Tramp$TT$L$PI$$ti_sysbios_knl_Swi_startup__E
   1003b7d3     00005ba4     00004e50   release_pem4f.oem4f (.text:ti_sysbios_BIOS_startFunc__I)
ti_sysbios_hal_Hwi_startup__E  $Tramp$TT$L$PI$$ti_sysbios_hal_Hwi_startup__E
   1003b799     00005bac     00004e4c   release_pem4f.oem4f (.text:ti_sysbios_BIOS_startFunc__I)
ti_sysbios_family_arm_cc26xx_Timer_startup__E  $Tramp$TT$L$PI$$ti_sysbios_family_arm_cc26xx_Timer_startup__E
   1003a9cd     00005bb4     00004e48   release_pem4f.oem4f (.text:ti_sysbios_BIOS_startFunc__I)
xdc_runtime_System_atexit__E  $Tramp$TT$L$PI$$xdc_runtime_System_atexit__E
   1003bc29     00005bbc     00004e40   release_pem4f.oem4f (.text:ti_sysbios_BIOS_startFunc__I)
ti_sysbios_BIOS_linkedWithIncorrectBootLibrary__E  $Tramp$TT$L$PI$$ti_sysbios_BIOS_linkedWithIncorrectBootLibrary__E
   10039bff     00005bc4     00004e3a   release_pem4f.oem4f (.text:ti_sysbios_BIOS_startFunc__I)
xdc_runtime_Startup_rtsDone__E  $Tramp$TT$L$PI$$xdc_runtime_Startup_rtsDone__E
   1003bf5d     00005bcc     00004e32   release_pem4f.oem4f (.text:ti_sysbios_BIOS_startFunc__I)
ti_sysbios_BIOS_setThreadType__E  $Tramp$TT$L$PI$$ti_sysbios_BIOS_setThreadType__E
   1003b5c5     00005bd4     00004e0c   release_pem4f.oem4f (.text:ti_sysbios_BIOS_atExitFunc__I)
                             00005602   release_pem4f.oem4f (.text:ti_sysbios_BIOS_errorRaiseHook__I)
                             0000579c   release_pem4f.oem4f (.text:ti_sysbios_BIOS_exitFunc__I)
ti_sysbios_knl_Swi_disable__E  $Tramp$TT$L$PI$$ti_sysbios_knl_Swi_disable__E
   1003b525     00005bdc     00004e02   release_pem4f.oem4f (.text:ti_sysbios_BIOS_atExitFunc__I)
                             00005b00   dpl_cc13x2_v1.aem4f : SwiP_tirtos.oem4f (.text:SwiP_disable)
ti_sysbios_family_arm_m3_Hwi_construct  $Tramp$TT$L$PI$$ti_sysbios_family_arm_m3_Hwi_construct
   10039fad     00005be4     00004a6a   rom_sysbios.aem4f : rom_sysbios.obj (.text:ti_sysbios_family_arm_m3_Hwi_construct2__E)
ti_sysbios_knl_Swi_Params__init__S  $Tramp$TT$L$PI$$ti_sysbios_knl_Swi_Params__init__S
   1003b765     00005bec     000049f2   dpl_cc13x2_v1.aem4f : SwiP_tirtos.oem4f (.text:SwiP_construct)
ti_sysbios_family_arm_m3_Hwi_Params__init__S  $Tramp$TT$L$PI$$ti_sysbios_family_arm_m3_Hwi_Params__init__S
   1003b6d5     00005bf4     00004900   dpl_cc13x2_v1.aem4f : HwiP_tirtos.oem4f (.text:HwiP_construct)
ti_sysbios_knl_Clock_construct  $Tramp$TT$L$PI$$ti_sysbios_knl_Clock_construct
   1003a8ed     00005bfc     0000426a   dpl_cc13x2_v1.aem4f : ClockP_tirtos.oem4f (.text:ClockP_construct)
ti_sysbios_knl_Clock_Params__init__S  $Tramp$TT$L$PI$$ti_sysbios_knl_Clock_Params__init__S
   1003b711     00005c04     00004250   dpl_cc13x2_v1.aem4f : ClockP_tirtos.oem4f (.text:ClockP_construct)
xdc_runtime_System_exit__E  $Tramp$TT$L$PI$$xdc_runtime_System_exit__E
   1003be69     00005c0c     0000416c   boot.aem4f : boot.oem4f (.text)
                             000057a2   release_pem4f.oem4f (.text:ti_sysbios_BIOS_exitFunc__I)
ti_sysbios_heaps_HeapMem_restore__E  $Tramp$TT$L$PI$$ti_sysbios_heaps_HeapMem_restore__E
   1003b69f     00005c14     00004008   rom_sysbios.aem4f : rom_sysbios.obj (.text:ti_sysbios_heaps_HeapMem_initPrimary__I)
ti_sysbios_heaps_HeapMem_Object__get__S  $Tramp$TT$L$PI$$ti_sysbios_heaps_HeapMem_Object__get__S
   1003aed9     00005c1c     00003fd8   rom_sysbios.aem4f : rom_sysbios.obj (.text:ti_sysbios_heaps_HeapMem_initPrimary__I)
ti_sysbios_BIOS_start__E  $Tramp$TT$L$PI$$ti_sysbios_BIOS_start__E
   1003b621     00005c24     00003d1a   main_tirtos.obj (.text:main)
ti_sysbios_knl_Semaphore_post__E  $Tramp$TT$L$PI$$ti_sysbios_knl_Semaphore_post__E
   100399d1     00005c2c     000033da   rom_sysbios.aem4f : rom_sysbios.obj (.text:_pthread_removeThreadKeys)
                             0000420c                     : rom_sysbios.obj (.text:pthread_exit)
                             00005af8   dpl_cc13x2_v1.aem4f : SemaphoreP_tirtos.oem4f (.text:SemaphoreP_post)
xdc_runtime_Memory_free__E  $Tramp$TT$L$PI$$xdc_runtime_Memory_free__E
   1003beb9     00005c34     000033d0   rom_sysbios.aem4f : rom_sysbios.obj (.text:_pthread_removeThreadKeys)
                             00004fec                     : rom_sysbios.obj (.text:_pthread_delete$44)
ti_sysbios_knl_Queue_next__E  $Tramp$TT$L$PI$$ti_sysbios_knl_Queue_next__E
   1003b853     00005c3c     000033aa   rom_sysbios.aem4f : rom_sysbios.obj (.text:_pthread_removeThreadKeys)
ti_sysbios_knl_Queue_head__E  $Tramp$TT$L$PI$$ti_sysbios_knl_Queue_head__E
   1003b84f     00005c44     00003396   rom_sysbios.aem4f : rom_sysbios.obj (.text:_pthread_removeThreadKeys)
ti_sysbios_knl_Semaphore_pend__E  $Tramp$TT$L$PI$$ti_sysbios_knl_Semaphore_pend__E
   10039005     00005c4c     00003390   rom_sysbios.aem4f : rom_sysbios.obj (.text:_pthread_removeThreadKeys)
                             000058ac   dpl_cc13x2_v1.aem4f : SemaphoreP_tirtos.oem4f (.text:SemaphoreP_pend)
ti_sysbios_knl_Clock_scheduleNextTick__E  $Tramp$TT$L$PI$$ti_sysbios_knl_Clock_scheduleNextTick__E
   1003b3a1     00005c54     00003084   rom_sysbios.aem4f : rom_sysbios.obj (.text:ti_sysbios_knl_Clock_workFuncDynamic__E)
ti_sysbios_knl_Clock_walkQueueDynamic__E  $Tramp$TT$L$PI$$ti_sysbios_knl_Clock_walkQueueDynamic__E
   10039879     00005c5c     0000304e   rom_sysbios.aem4f : rom_sysbios.obj (.text:ti_sysbios_knl_Clock_workFuncDynamic__E)
                             00003068                     : rom_sysbios.obj (.text:ti_sysbios_knl_Clock_workFuncDynamic__E)
ti_sysbios_knl_Clock_TimerProxy_getCurrentTick__E  $Tramp$TT$L$PI$$ti_sysbios_knl_Clock_TimerProxy_getCurrentTick__E
   1003b651     00005c64     0000301e   rom_sysbios.aem4f : rom_sysbios.obj (.text:ti_sysbios_knl_Clock_workFuncDynamic__E)
                             00005036                     : rom_sysbios.obj (.text:ti_sysbios_knl_Clock_getTicksUntilInterrupt__E)
ti_sysbios_knl_Task_restore__E  $Tramp$TT$L$PI$$ti_sysbios_knl_Task_restore__E
   1003ac5d     00005c6c     00002e26   rom_sysbios.aem4f : rom_sysbios.obj (.text:ti_sysbios_knl_Task_setPri__E)
                             00003384                     : rom_sysbios.obj (.text:_pthread_removeThreadKeys)
                             000033e4                     : rom_sysbios.obj (.text:_pthread_removeThreadKeys)
                             0000421e                     : rom_sysbios.obj (.text:pthread_exit)
                             000050e0   dpl_cc13x2_v1.aem4f : PowerCC26X2_tirtos.oem4f (.text:PowerCC26XX_schedulerRestore)
                             000052a0   rom_sysbios.aem4f : rom_sysbios.obj (.text:_pthread_cleanupFxn)
ti_sysbios_knl_Queue_enqueue__E  $Tramp$TT$L$PI$$ti_sysbios_knl_Queue_enqueue__E
   1003b74d     00005c74     00002df8   rom_sysbios.aem4f : rom_sysbios.obj (.text:ti_sysbios_knl_Task_setPri__E)
                             00005b14                     : rom_sysbios.obj (.text:ti_sysbios_knl_Queue_insert__E)
ti_sysbios_knl_Queue_empty__E  $Tramp$TT$L$PI$$ti_sysbios_knl_Queue_empty__E
   1003b6ad     00005c7c     00002de0   rom_sysbios.aem4f : rom_sysbios.obj (.text:ti_sysbios_knl_Task_setPri__E)
                             0000337c                     : rom_sysbios.obj (.text:_pthread_removeThreadKeys)
ti_sysbios_knl_Queue_remove__E  $Tramp$TT$L$PI$$ti_sysbios_knl_Queue_remove__E
   1003b6bb     00005c84     00002dda   rom_sysbios.aem4f : rom_sysbios.obj (.text:ti_sysbios_knl_Task_setPri__E)
                             000033b2                     : rom_sysbios.obj (.text:_pthread_removeThreadKeys)
                             000033b8                     : rom_sysbios.obj (.text:_pthread_removeThreadKeys)
ti_sysbios_knl_Task_disable__E  $Tramp$TT$L$PI$$ti_sysbios_knl_Task_disable__E
   1003b53d     00005c8c     00002da0   rom_sysbios.aem4f : rom_sysbios.obj (.text:ti_sysbios_knl_Task_setPri__E)
                             00003372                     : rom_sysbios.obj (.text:_pthread_removeThreadKeys)
                             00004212                     : rom_sysbios.obj (.text:pthread_exit)
                             00004e06   release_pem4f.oem4f (.text:ti_sysbios_BIOS_atExitFunc__I)
                             000050a6   dpl_cc13x2_v1.aem4f : PowerCC26X2_tirtos.oem4f (.text:PowerCC26XX_schedulerDisable)
                             00005292   rom_sysbios.aem4f : rom_sysbios.obj (.text:_pthread_cleanupFxn)
ti_sysbios_knl_Clock_stop__E  $Tramp$TT$L$PI$$ti_sysbios_knl_Clock_stop__E
   1003af29     00005c94     000028ae   dpl_cc13x2_v1.aem4f : PowerCC26X2_tirtos.oem4f (.text:PowerCC26XX_standbyPolicy)
                             00005ad8                       : ClockP_tirtos.oem4f (.text:ClockP_stop)
ti_sysbios_knl_Clock_start__E  $Tramp$TT$L$PI$$ti_sysbios_knl_Clock_start__E
   1003b599     00005c9c     000028a2   dpl_cc13x2_v1.aem4f : PowerCC26X2_tirtos.oem4f (.text:PowerCC26XX_standbyPolicy)
                             00005ad4                       : ClockP_tirtos.oem4f (.text:ClockP_start)
ti_sysbios_knl_Clock_setTimeout__E  $Tramp$TT$L$PI$$ti_sysbios_knl_Clock_setTimeout__E
   1003b833     00005ca4     0000289c   dpl_cc13x2_v1.aem4f : PowerCC26X2_tirtos.oem4f (.text:PowerCC26XX_standbyPolicy)
                             00005ad0                       : ClockP_tirtos.oem4f (.text:ClockP_setTimeout)
ti_sysbios_knl_Task_create  $Tramp$TT$L$PI$$ti_sysbios_knl_Task_create
   1003a1ed     00005cac     00001f2a   rom_sysbios.aem4f : rom_sysbios.obj (.text:pthread_create)
ti_sysbios_knl_Semaphore_construct  $Tramp$TT$L$PI$$ti_sysbios_knl_Semaphore_construct
   1003a95d     00005cb4     00001f20   rom_sysbios.aem4f : rom_sysbios.obj (.text:pthread_create)
                             00004fc2   dpl_cc13x2_v1.aem4f : SemaphoreP_tirtos.oem4f (.text:SemaphoreP_constructBinary)
ti_sysbios_knl_Semaphore_Params__init__S  $Tramp$TT$L$PI$$ti_sysbios_knl_Semaphore_Params__init__S
   1003b759     00005cbc     00001f0e   rom_sysbios.aem4f : rom_sysbios.obj (.text:pthread_create)
                             00004fb2   dpl_cc13x2_v1.aem4f : SemaphoreP_tirtos.oem4f (.text:SemaphoreP_constructBinary)
ti_sysbios_knl_Queue_construct  $Tramp$TT$L$PI$$ti_sysbios_knl_Queue_construct
   1003abfd     00005cc4     00001f02   rom_sysbios.aem4f : rom_sysbios.obj (.text:pthread_create)
xdc_runtime_Memory_alloc__E  $Tramp$TT$L$PI$$xdc_runtime_Memory_alloc__E
   1003bab1     00005ccc     00001eb2   rom_sysbios.aem4f : rom_sysbios.obj (.text:pthread_create)
ti_sysbios_knl_Task_Params__init__S  $Tramp$TT$L$PI$$ti_sysbios_knl_Task_Params__init__S
   1003b771     00005cd4     00001e9e   rom_sysbios.aem4f : rom_sysbios.obj (.text:pthread_create)
ti_sysbios_knl_Swi_restore__E  $Tramp$TT$L$PI$$ti_sysbios_knl_Swi_restore__E
   1003a83d     00005cdc     0000084a   drivers_cc13x2_v1.aem4f : PowerCC26X2.oem4f (.text:Power_sleep)
                             00001dc4   rf_multiMode_cc13x2_v1.aem4f : RFCC26X2_multiMode.oem4f (.text:RF_pendCmd)
                             00001df8                                : RFCC26X2_multiMode.oem4f (.text:RF_pendCmd)
                             00001e50                                : RFCC26X2_multiMode.oem4f (.text:RF_pendCmd)
                             00001e64                                : RFCC26X2_multiMode.oem4f (.text:RF_pendCmd)
ti_sysbios_family_arm_m3_Hwi_restoreFxn__E  $Tramp$TT$L$PI$$ti_sysbios_family_arm_m3_Hwi_restoreFxn__E
   1003b7af     00005ce4     000001ee   rf_multiMode_cc13x2_v1.aem4f : RFCC26X2_multiMode.oem4f (.text:RF_fsmActiveState)
                             0000026e                                : RFCC26X2_multiMode.oem4f (.text:RF_fsmActiveState)
[...]
1003b631  ti_sysbios_knl_Task_SupportProxy_getStackAlignment__E                
1003b631  ti_sysbios_knl_Task_SupportProxy_getStackAlignment__E__mangled__     
1003b641  ti_sysbios_hal_Hwi_HwiProxy_Object__create__S                        
1003b651  ti_sysbios_knl_Clock_TimerProxy_getCurrentTick__E                    
1003b661  ti_sysbios_knl_Clock_TimerProxy_getMaxTicks__E                       
1003b671  ti_sysbios_knl_Clock_TimerProxy_setNextTick__E                       
1003b681  ti_sysbios_knl_Task_self__E                                          
1003b691  ti_sysbios_gates_GateMutex_leave__E                                  
1003b69f  ti_sysbios_heaps_HeapMem_restore__E                                  
1003b6ad  ti_sysbios_knl_Queue_empty__E                                        
1003b6bb  ti_sysbios_knl_Queue_remove__E                                       
1003b6c9  ti_sysbios_family_arm_cc26xx_TimestampProvider_getFreq__E            
1003b6c9  xdc_runtime_Timestamp_SupportProxy_getFreq__E                        
1003b6c9  xdc_runtime_Timestamp_SupportProxy_getFreq__E__mangled__             
1003b6c9  xdc_runtime_Timestamp_getFreq__E                                     
1003b6c9  xdc_runtime_Timestamp_getFreq__E                                     
1003b6d5  ti_sysbios_family_arm_m3_Hwi_Params__init__S                         
1003b6d5  ti_sysbios_hal_Hwi_HwiProxy_Params__init__S                          
1003b6d5  ti_sysbios_hal_Hwi_HwiProxy_Params__init__S__mangled__               
1003b6e1  ti_sysbios_family_arm_m3_Hwi_disableFxn__E                           
1003b6ed  ti_sysbios_family_arm_m3_Hwi_enableFxn__E                            
1003b6f9  ti_sysbios_gates_GateHwi_enter__E                                    
1003b705  ti_sysbios_BIOS_RtsGateProxy_Params__init__S                         
1003b705  ti_sysbios_BIOS_RtsGateProxy_Params__init__S__mangled__              
1003b705  ti_sysbios_gates_GateMutex_Params__init__S                           
1003b705  ti_sysbios_heaps_HeapMem_Module_GateProxy_Params__init__S            
1003b705  ti_sysbios_heaps_HeapMem_Module_GateProxy_Params__init__S__mangled__ 
1003b711  ti_sysbios_knl_Clock_Params__init__S                                 
1003b71d  ti_sysbios_knl_Clock_getTimerHandle__E                               
1003b729  ti_sysbios_knl_Event_Params__init__S                                 
1003b735  ti_sysbios_knl_Mailbox_Params__init__S                               
1003b741  ti_sysbios_knl_Queue_dequeue__E                                      
1003b74d  ti_sysbios_knl_Queue_enqueue__E                                      
1003b759  ti_sysbios_knl_Semaphore_Params__init__S                             
1003b765  ti_sysbios_knl_Swi_Params__init__S                                   
1003b771  ti_sysbios_knl_Task_Params__init__S                                  
1003b77d  ti_sysbios_hal_Hwi_Instance_finalize__E                              
1003b787  ti_sysbios_knl_Event_Instance_init__E                                
1003b791  ti_sysbios_family_arm_m3_Hwi_doSwiRestore__I                         
1003b799  ti_sysbios_family_arm_m3_Hwi_startup__E                              
1003b799  ti_sysbios_hal_Hwi_HwiProxy_startup__E                               
1003b799  ti_sysbios_hal_Hwi_HwiProxy_startup__E__mangled__                    
1003b799  ti_sysbios_hal_Hwi_startup__E                                        
1003b799  ti_sysbios_hal_Hwi_startup__E                                        
1003b7a1  ti_sysbios_knl_Idle_loop__E                                          
1003b7a9  ti_sysbios_family_arm_m3_Hwi_doTaskRestore__I                        
1003b7af  HwiP_restore                                                         
1003b7af  ti_sysbios_family_arm_m3_Hwi_restoreFxn__E                           
1003b7b5  ti_sysbios_gates_GateHwi_leave__E                                    
1003b7bb  ti_sysbios_gates_GateMutex_Instance_finalize__E                      
1003b7c1  ti_sysbios_heaps_HeapMem_isBlocking__E                               
1003b7c7  ti_sysbios_knl_Queue_Instance_init__E                                
1003b7cd  ti_sysbios_knl_Queue_elemClear__E                                    
1003b7d3  ti_sysbios_knl_Swi_startup__E                                        
1003b7d9  ti_sysbios_knl_Task_enable__E                                        
1003b7df  ti_sysbios_BIOS_RtsGateProxy_enter__E                                
1003b7e3  ti_sysbios_BIOS_RtsGateProxy_leave__E                                
1003b7e7  ti_sysbios_family_arm_cc26xx_Timer_getExpiredTicks__E                
1003b7eb  ti_sysbios_family_arm_cc26xx_Timer_getPeriod__E                      
1003b7ef  ti_sysbios_family_arm_cc26xx_Timer_setPeriod__E                      
1003b7f3  ti_sysbios_family_arm_m3_Hwi_delete                                  
1003b7f7  ti_sysbios_family_arm_m3_Hwi_destruct                                
1003b7fb  ti_sysbios_family_arm_m3_TaskSupport_Module__startupDone__S          
1003b7fb  ti_sysbios_knl_Task_SupportProxy_Module__startupDone__S              
1003b7fb  ti_sysbios_knl_Task_SupportProxy_Module__startupDone__S__mangled__   
1003b7ff  ti_sysbios_gates_GateHwi_query__E                                    
1003b7ff  xdc_runtime_Main_Module_GateProxy_query__E                           
1003b7ff  xdc_runtime_System_Module_GateProxy_query__E                         
1003b7ff  xdc_runtime_System_Module_GateProxy_query__E__mangled__              
1003b803  ti_sysbios_gates_GateMutex_delete                                    
1003b807  ti_sysbios_gates_GateMutex_destruct                                  
1003b80b  ti_sysbios_BIOS_RtsGateProxy_query__E                                
1003b80b  ti_sysbios_BIOS_RtsGateProxy_query__E__mangled__                     
1003b80b  ti_sysbios_gates_GateMutex_query__E                                  
1003b80b  ti_sysbios_heaps_HeapMem_Module_GateProxy_query__E                   
1003b80b  ti_sysbios_heaps_HeapMem_Module_GateProxy_query__E__mangled__        
1003b80f  ti_sysbios_hal_Hwi_HwiProxy_delete                                   
1003b813  ti_sysbios_hal_Hwi_delete                                            
1003b817  ti_sysbios_heaps_HeapMem_Module_GateProxy_enter__E                   
1003b81b  ti_sysbios_heaps_HeapMem_Module_GateProxy_leave__E                   
1003b81f  ti_sysbios_knl_Clock_TimerProxy_getExpiredTicks__E                   
1003b823  ti_sysbios_knl_Clock_TimerProxy_getPeriod__E                         
1003b827  ti_sysbios_knl_Clock_delete                                          
1003b82b  ti_sysbios_knl_Clock_destruct                                        
1003b82f  ti_sysbios_knl_Clock_removeI__E                                      
1003b833  ti_sysbios_knl_Clock_setTimeout__E                                   
1003b837  ti_sysbios_knl_Event_delete                                          
1003b83b  ti_sysbios_knl_Event_destruct                                        
1003b83f  ti_sysbios_knl_Mailbox_delete                                        
1003b843  ti_sysbios_knl_Mailbox_destruct                                      
1003b847  ti_sysbios_knl_Queue_delete                                          
1003b84b  ti_sysbios_knl_Queue_destruct                                        
1003b84f  ti_sysbios_knl_Queue_head__E                                         
1003b853  ti_sysbios_knl_Queue_next__E                                         
1003b857  ti_sysbios_knl_Semaphore_delete                                      
1003b85b  ti_sysbios_knl_Semaphore_destruct                                    
1003b85f  ti_sysbios_knl_Swi_delete                                            
1003b863  ti_sysbios_knl_Swi_destruct                                          
1003b867  ti_sysbios_knl_Swi_postInit__I                                       
1003b86b  ti_sysbios_knl_Task_delete                                           
1003b86f  ti_sysbios_knl_Task_destruct                                         
1003b873  ti_sysbios_knl_Task_startup__E                                       
1003b879  xdc_runtime_Startup_startMods__I                                     
1003ba31  xdc_runtime_Core_createObject__I                                     
1003bab1  xdc_runtime_Memory_alloc__E                                          
1003bb21  xdc_runtime_Core_deleteObject__I                                     
1003bb7f  xdc_runtime_Error_policySpin__E                                      
1003bb81  xdc_runtime_Assert_raise__I                                          
1003bbd5  xdc_runtime_Startup_exec__E                                          
1003bc29  xdc_runtime_System_atexit__E                                         
1003bc75  xdc_runtime_Core_assignParams__I                                     
1003bcbd  xdc_runtime_Core_constructObject__I                                  
1003bd4d  xdc_runtime_System_processAtExit__E                                  
1003bd8d  xdc_runtime_Core_assignLabel__I                                      
1003bdbd  xdc_runtime_Text_cordText__E                                         
1003bde9  xdc_runtime_System_abort__E                                          
1003be11  xdc_runtime_Error_raiseX__E                                          
1003be31  xdc_runtime_Error_check__E                                           
1003be4d  xdc_runtime_Memory_valloc__E                                         
1003be69  xdc_runtime_System_exit__E                                           
1003be85  xdc_runtime_Text_ropeText__E                                         
1003bea1  xdc_runtime_Core_destructObject__I                                   
1003beb9  xdc_runtime_Memory_free__E                                           
1003becd  xdc_runtime_SysCallback_abort__E                                     
1003becd  xdc_runtime_System_SupportProxy_abort__E                             
1003bee1  xdc_runtime_SysCallback_exit__E                                      
1003bee1  xdc_runtime_System_SupportProxy_exit__E                              
1003bef5  xdc_runtime_Memory_getMaxDefaultTypeAlign__E                         
1003bf35  xdc_runtime_Timestamp_SupportProxy_get32__E                          
1003bf35  xdc_runtime_Timestamp_get32__E                                       
1003bf35  xdc_runtime_Timestamp_get32__E                                       
1003bf51  xdc_runtime_Memory_calloc__E                                         
1003bf5d  xdc_runtime_Startup_rtsDone__E                                       
1003bf69  xdc_runtime_Memory_HeapProxy_alloc__E                                
1003bf73  xdc_runtime_Memory_HeapProxy_free__E                                 
1003bf7d  xdc_runtime_Gate_leaveSystem__E                                      
1003bf83  xdc_runtime_System_Module_startup__E                                 
1003bf89  xdc_runtime_Gate_enterSystem__E                                      
1003bf8d  xdc_runtime_SysCallback_Module__startupDone__S                       
1003bf8d  xdc_runtime_System_SupportProxy_Module__startupDone__S               
1003bf91  xdc_runtime_System_Module_GateProxy_enter__E                         
1003bf95  xdc_runtime_System_Module_GateProxy_leave__E                         
1003bf99  xdc_runtime_System_abortSpin__E                                      
1003bf9b  xdc_runtime_System_exitSpin__E                                       
1003bf9d  ti_sysbios_family_arm_m3_Hwi_dispatch__I                             
1003c095  ti_sysbios_family_arm_m3_TaskSupport_buildTaskStack                  
1003c121  ti_sysbios_family_arm_m3_Hwi_initStacks__E                           
1003c179  ti_sysbios_family_arm_m3_Hwi_pendSV__I                               
1003c19d  ti_sysbios_family_arm_m3_Hwi_return                                  
1003c1a1  ti_sysbios_family_arm_m3_Hwi_excHandlerAsm__I                        
1003c1c1  ti_sysbios_family_xxx_Hwi_switchAndRunFunc                           
1003c1df  ti_sysbios_family_arm_m3_TaskSupport_swap__E                         
1003c1df  ti_sysbios_knl_Task_SupportProxy_swap__E                             
1003c1df  ti_sysbios_knl_Task_SupportProxy_swap__E__mangled__                  
1003c1eb  ti_sysbios_knl_Task_swapReturn                                       
1003c1f7  ti_sysbios_family_arm_m3_TaskSupport_glue                            
1003c208  ti_sysbios_knl_Task_Object__PARAMS__C                                
1003c244  ti_sysbios_knl_Mailbox_Object__PARAMS__C                             
1003c278  ti_sysbios_family_arm_m3_Hwi_Object__PARAMS__C                       
1003c2a8  ti_sysbios_hal_Hwi_Object__PARAMS__C                                 
1003c2d4  ti_sysbios_knl_Swi_Object__PARAMS__C                                 
1003c2fc  ti_sysbios_heaps_HeapMem_Object__PARAMS__C                           
1003c320  ti_sysbios_knl_Clock_Object__PARAMS__C                               
1003c344  ti_sysbios_knl_Semaphore_Object__PARAMS__C                           
1003c368  ti_sysbios_gates_GateHwi_Object__PARAMS__C                           
1003c380  ti_sysbios_gates_GateMutex_Object__PARAMS__C                         
1003c398  ti_sysbios_knl_Event_Object__PARAMS__C                               
1003c3b0  ti_sysbios_knl_Queue_Object__PARAMS__C                               
20000000  ti_sysbios_family_arm_m3_Hwi_ramVectors                              
20000100  xdcRomConstPtr                                                       
20000104  xdcRomExternFuncPtr                                                  
20000108  xdcRomStatePtr                                                       
20000110  __primary_heap_start__                                               
20001110  __primary_heap_end__                                                 
20001110  uartCC26XXObjects                                                    
20001360  ti_sysbios_knl_Task_Instance_State_0_stack__A                        
20001720  ti_sysbios_family_arm_m3_Hwi_dispatchTable                           
200018c0  pinHandleTable                                                       
20001a00  uartCC26XXRingBuffer                                                 
20001cb4  ClockP_tickPeriod                                                    
20001cb8  PowerCC26XX_swiKey                                                   
20001cbc  PowerCC26XX_taskKey                                                  
20001cc0  readEntry                                                            
20001cc4  driverlib_release_0_52354                                            
20001cc8  ROM_stateStruct                                                      
20001cc8  ti_sysbios_knl_Clock_Module__state__V                                
20001cf4  ti_sysbios_family_arm_cc26xx_TimestampProvider_Module__state__V      
20001cf8  xdc_runtime_Startup_Module__state__V                                 
20001d00  ti_sysbios_BIOS_Module__state__V                                     
20001d24  ti_sysbios_knl_Swi_Module__state__V                                  
20001d40  ti_sysbios_knl_Task_Module__state__V                                 
20001d84  xdc_runtime_Memory_Module__state__V                                  
20001d88  xdc_runtime_System_Module__state__V                                  
20001d90  ti_sysbios_family_arm_m3_Hwi_Module__state__V                        
20001dc4  xdc_runtime_Error_Module__state__V                                   
20001dc8  ti_sysbios_family_arm_cc26xx_Timer_Module__state__V                  
20001dd0  PowerCC26X2_module                                                   
20001f20  pOverrides                                                           
20001f80  ti_sysbios_gates_GateMutex_Object__table__V                          
20001fd4  ti_sysbios_knl_Task_Object__table__V                                 
20002020  ti_sysbios_family_arm_cc26xx_Timer_Object__table__V                  
20002068  ti_sysbios_knl_Swi_Module_State_0_readyQ__A                          
20002098  ti_sysbios_knl_Swi_Object__table__V                                  
200020c8  ti_sysbios_knl_Task_Module_State_0_readyQ__A                         
200020f8  RF_cmdPropRadioDivSetup                                              
20002120  RF_cmdPropRx                                                         
20002144  ti_sysbios_knl_Clock_Object__table__V                                
20002164  xdc_runtime_Error_IgnoreBlock                                        
20002184  RF_cmdFs                                                             
2000219c  ti_sysbios_family_arm_m3_Hwi_Object__table__V                        
200021b4  ti_sysbios_heaps_HeapMem_Object__table__V                            
200021cc  RF_prop                                                              
200021dc  pinTable                                                             
200021e8  _lock                                                                
200021ec  _unlock                                                              
200021f0  pinUpperBound                                                        
200021f4  pinLowerBound                                                        
200021f8  ti_sysbios_family_arm_m3_Hwi_Module__root__V                         
20002200  ti_sysbios_gates_GateHwi_Module__root__V                             
20002208  ti_sysbios_gates_GateMutex_Module__root__V                           
20002210  ti_sysbios_hal_Hwi_Module__root__V                                   
20002218  ti_sysbios_heaps_HeapMem_Module__root__V                             
20002220  ti_sysbios_knl_Clock_Module__root__V                                 
20002228  ti_sysbios_knl_Event_Module__root__V                                 
20002230  ti_sysbios_knl_Mailbox_Module__root__V                               
20002238  ti_sysbios_knl_Queue_Module__root__V                                 
20002240  ti_sysbios_knl_Semaphore_Module__root__V                             
20002248  ti_sysbios_knl_Swi_Module__root__V                                   
20002250  ti_sysbios_knl_Task_Module__root__V                                  
20002258  xdc_runtime_System_Module_State_0_atexitHandlers__A                  
20002260  main_func_sp                                                         
20002264  ti_sysbios_family_arm_m3_Hwi_Module_State_0_excContext__A            
20002268  ti_sysbios_family_arm_m3_Hwi_Module_State_0_excStack__A              
2000226c  ti_sysbios_knl_Task_Module_State_0_idleTask__A                       
20002270  ti_sysbios_family_arm_m3_Hwi_Module_State_0_excActive__A             
20013c00  __stack                                                              
20014000  __STACK_END                                                          
e000e000  ti_sysbios_family_arm_m3_Hwi_nvic                                    
ffffffff  __TI_pprof_out_hndl                                                  
ffffffff  __TI_prof_data_size                                                  
ffffffff  __TI_prof_data_start                                                 
ffffffff  __binit__                                                            
ffffffff  __c_args__                                                           
ffffffff  binit                                                                
UNDEFED   SHT$$INIT_ARRAY$$Base                                                
UNDEFED   SHT$$INIT_ARRAY$$Limit                                               

[824 symbols]
